Archive member included because of file (symbol)

/usr/local/EV3-API-master/libev3api.a(ev3_lcd.o)
                              ./src/RobotEV3.o (TermPrintf)
/usr/local/EV3-API-master/libev3api.a(ev3.o)
                              ./src/RobotEV3.o (FreeEV3)
/usr/local/EV3-API-master/libev3api.a(ev3_output.o)
                              ./src/RobotEV3.o (MotorRotationCount)
/usr/local/EV3-API-master/libev3api.a(ev3_sound.o)
                              /usr/local/EV3-API-master/libev3api.a(ev3.o) (SoundInit)
/usr/local/EV3-API-master/libev3api.a(ev3_bluetooth.o)
                              /usr/local/EV3-API-master/libev3api.a(ev3.o) (BluetoothInit)
/usr/local/EV3-API-master/libev3api.a(ev3_button.lejos.o)
                              ./src/RobotEV3.o (ButtonWaitForPress)
/usr/local/EV3-API-master/libev3api.a(ev3_input.o)
                              /usr/local/EV3-API-master/libev3api.a(ev3.o) (InputExit)
/usr/local/EV3-API-master/libev3api.a(ev3_sensors.o)
                              /usr/local/EV3-API-master/libev3api.a(ev3.o) (SensorsInit)
/usr/local/EV3-API-master/libev3api.a(bluetooth.o)
                              /usr/local/EV3-API-master/libev3api.a(ev3_bluetooth.o) (bachk)
/usr/local/EV3-API-master/libev3api.a(ev3_button.core.o)
                              /usr/local/EV3-API-master/libev3api.a(ev3_button.lejos.o) (ButtonCoreReadButton)
/usr/local/EV3-API-master/libev3api.a(ev3_command.o)
                              /usr/local/EV3-API-master/libev3api.a(ev3_output.o) (Wait)
/usr/local/EV3-API-master/libev3api.a(ev3_timer.o)
                              /usr/local/EV3-API-master/libev3api.a(ev3_lcd.o) (SetTimerCallback)
/usr/local/EV3-API-master/libev3api.a(ev3_button.o)
                              /usr/local/EV3-API-master/libev3api.a(ev3.o) (ButtonLedExit)
/usr/local/EV3-API-master/libev3api.a(ev3_button.led.o)
                              /usr/local/EV3-API-master/libev3api.a(ev3_button.o) (LedInitialized)
/usr/local/EV3-API-master/libev3api.a(ev3_button.nxc.o)
                              /usr/local/EV3-API-master/libev3api.a(ev3_button.o) (ButtonNxcInitialized)
/usr/local/EV3-API-master/libev3api.a(ev3_array.o)
                              /usr/local/EV3-API-master/libev3api.a(ev3_timer.o) (CArrayAccess)
/usr/local/EV3-API-master/libev3api.a(ev3_timer.ts.o)
                              /usr/local/EV3-API-master/libev3api.a(ev3_button.lejos.o) (TimerGetMS)
/usr/local/EV3-API-master/libev3api.a(ev3_input_uart.o)
                              /usr/local/EV3-API-master/libev3api.a(ev3_input.o) (exitEV3UARTInput)
/usr/local/EV3-API-master/libev3api.a(ev3_input_iic.o)
                              /usr/local/EV3-API-master/libev3api.a(ev3_input.o) (exitEV3IICInput)
/usr/local/EV3-API-master/libev3api.a(ev3_input_analog.o)
                              /usr/local/EV3-API-master/libev3api.a(ev3_input.o) (exitEV3AnalogInput)
/usr/local/CodeSourcery/arm-2009q1/bin/../lib/gcc/arm-none-linux-gnueabi/4.3.3/armv4t/libgcc.a(_udivsi3.o)
                              /usr/local/EV3-API-master/libev3api.a(ev3_command.o) (__aeabi_uidiv)
/usr/local/CodeSourcery/arm-2009q1/bin/../lib/gcc/arm-none-linux-gnueabi/4.3.3/armv4t/libgcc.a(_divsi3.o)
                              /usr/local/EV3-API-master/libev3api.a(ev3_lcd.o) (__aeabi_idiv)
/usr/local/CodeSourcery/arm-2009q1/bin/../lib/gcc/arm-none-linux-gnueabi/4.3.3/armv4t/libgcc.a(_arm_addsubdf3.o)
                              ./src/RobotEV3.o (__aeabi_dsub)
/usr/local/CodeSourcery/arm-2009q1/bin/../lib/gcc/arm-none-linux-gnueabi/4.3.3/armv4t/libgcc.a(_arm_muldivdf3.o)
                              ./src/RobotEV3.o (__aeabi_dmul)
/usr/local/CodeSourcery/arm-2009q1/bin/../lib/gcc/arm-none-linux-gnueabi/4.3.3/armv4t/libgcc.a(_arm_cmpdf2.o)
                              ./src/RobotEV3.o (__aeabi_dcmplt)
/usr/local/CodeSourcery/arm-2009q1/bin/../lib/gcc/arm-none-linux-gnueabi/4.3.3/armv4t/libgcc.a(_arm_fixdfsi.o)
                              ./src/RobotEV3.o (__aeabi_d2iz)
/usr/local/CodeSourcery/arm-2009q1/bin/../lib/gcc/arm-none-linux-gnueabi/4.3.3/armv4t/libgcc.a(_arm_truncdfsf2.o)
                              ./src/RobotEV3.o (__aeabi_d2f)
/usr/local/CodeSourcery/arm-2009q1/bin/../lib/gcc/arm-none-linux-gnueabi/4.3.3/armv4t/libgcc.a(_arm_cmpsf2.o)
                              ./src/RobotEV3.o (__aeabi_fcmplt)
/usr/local/CodeSourcery/arm-2009q1/bin/../lib/gcc/arm-none-linux-gnueabi/4.3.3/armv4t/libgcc.a(_aeabi_uldivmod.o)
                              /usr/local/EV3-API-master/libev3api.a(ev3_timer.ts.o) (__aeabi_uldivmod)
/usr/local/CodeSourcery/arm-2009q1/bin/../lib/gcc/arm-none-linux-gnueabi/4.3.3/armv4t/libgcc.a(_dvmd_lnx.o)
                              /usr/local/CodeSourcery/arm-2009q1/bin/../lib/gcc/arm-none-linux-gnueabi/4.3.3/armv4t/libgcc.a(_udivsi3.o) (__aeabi_idiv0)
/usr/local/CodeSourcery/arm-2009q1/bin/../lib/gcc/arm-none-linux-gnueabi/4.3.3/armv4t/libgcc.a(bpabi.o)
                              /usr/local/CodeSourcery/arm-2009q1/bin/../lib/gcc/arm-none-linux-gnueabi/4.3.3/armv4t/libgcc.a(_aeabi_uldivmod.o) (__gnu_uldivmod_helper)
/usr/local/CodeSourcery/arm-2009q1/bin/../lib/gcc/arm-none-linux-gnueabi/4.3.3/armv4t/libgcc.a(_divdi3.o)
                              /usr/local/CodeSourcery/arm-2009q1/bin/../lib/gcc/arm-none-linux-gnueabi/4.3.3/armv4t/libgcc.a(bpabi.o) (__divdi3)
/usr/local/CodeSourcery/arm-2009q1/bin/../lib/gcc/arm-none-linux-gnueabi/4.3.3/armv4t/libgcc.a(_udivdi3.o)
                              /usr/local/CodeSourcery/arm-2009q1/bin/../lib/gcc/arm-none-linux-gnueabi/4.3.3/armv4t/libgcc.a(bpabi.o) (__udivdi3)
/usr/local/CodeSourcery/arm-2009q1/bin/../lib/gcc/arm-none-linux-gnueabi/4.3.3/armv4t/libgcc.a(_clz.o)
                              /usr/local/CodeSourcery/arm-2009q1/bin/../lib/gcc/arm-none-linux-gnueabi/4.3.3/armv4t/libgcc.a(_divdi3.o) (__clz_tab)
/usr/local/CodeSourcery/arm-2009q1/bin/../arm-none-linux-gnueabi/libc/armv4t/usr/lib/libc_nonshared.a(elf-init.oS)
                              /usr/local/CodeSourcery/arm-2009q1/bin/../arm-none-linux-gnueabi/libc/armv4t/usr/lib/crt1.o (__libc_csu_fini)
/usr/local/CodeSourcery/arm-2009q1/bin/../arm-none-linux-gnueabi/libc/armv4t/usr/lib/libc_nonshared.a(stat.oS)
                              /usr/local/EV3-API-master/libev3api.a(ev3_sound.o) (stat)

Allocating common symbols
Common symbol       size              file

LCDInstance         0xb98             /usr/local/EV3-API-master/libev3api.a(ev3_lcd.o)
hwBuffer            0x1e00            /usr/local/EV3-API-master/libev3api.a(ev3_lcd.o)
OutputInstance      0x48              /usr/local/EV3-API-master/libev3api.a(ev3_output.o)
devCon              0xc               /usr/local/EV3-API-master/libev3api.a(ev3_input.o)
SoundInstance       0x208             /usr/local/EV3-API-master/libev3api.a(ev3_sound.o)

Discarded input sections

 .note.ABI-tag  0x00000000        0x0 /usr/local/CodeSourcery/arm-2009q1/bin/../arm-none-linux-gnueabi/libc/armv4t/usr/lib/crt1.o
 .rodata.cst4   0x00000000        0x0 /usr/local/CodeSourcery/arm-2009q1/bin/../arm-none-linux-gnueabi/libc/armv4t/usr/lib/crt1.o
 .ARM.extab     0x00000000        0x0 /usr/local/CodeSourcery/arm-2009q1/bin/../arm-none-linux-gnueabi/libc/armv4t/usr/lib/crt1.o
 .data          0x00000000        0x0 /usr/local/CodeSourcery/arm-2009q1/bin/../arm-none-linux-gnueabi/libc/armv4t/usr/lib/crt1.o
 .bss           0x00000000        0x0 /usr/local/CodeSourcery/arm-2009q1/bin/../arm-none-linux-gnueabi/libc/armv4t/usr/lib/crt1.o
 .note.GNU-stack
                0x00000000        0x0 /usr/local/CodeSourcery/arm-2009q1/bin/../arm-none-linux-gnueabi/libc/armv4t/usr/lib/crt1.o
 .data          0x00000000        0x0 /usr/local/CodeSourcery/arm-2009q1/bin/../arm-none-linux-gnueabi/libc/armv4t/usr/lib/crti.o
 .bss           0x00000000        0x0 /usr/local/CodeSourcery/arm-2009q1/bin/../arm-none-linux-gnueabi/libc/armv4t/usr/lib/crti.o
 .ARM.extab     0x00000000        0x0 /usr/local/CodeSourcery/arm-2009q1/bin/../arm-none-linux-gnueabi/libc/armv4t/usr/lib/crti.o
 .note.GNU-stack
                0x00000000        0x0 /usr/local/CodeSourcery/arm-2009q1/bin/../arm-none-linux-gnueabi/libc/armv4t/usr/lib/crti.o
 .data          0x00000000        0x0 /usr/local/CodeSourcery/arm-2009q1/bin/../lib/gcc/arm-none-linux-gnueabi/4.3.3/armv4t/crtbegin.o
 .ARM.extab     0x00000000        0x0 /usr/local/CodeSourcery/arm-2009q1/bin/../lib/gcc/arm-none-linux-gnueabi/4.3.3/armv4t/crtbegin.o
 .note.GNU-stack
                0x00000000        0x0 /usr/local/CodeSourcery/arm-2009q1/bin/../lib/gcc/arm-none-linux-gnueabi/4.3.3/armv4t/crtbegin.o
 .text          0x00000000        0x0 ./src/RobotEV3.o
 .data          0x00000000        0x0 ./src/RobotEV3.o
 .bss           0x00000000        0x0 ./src/RobotEV3.o
 .debug_abbrev  0x00000000        0x0 ./src/RobotEV3.o
 .debug_info    0x00000000        0x0 ./src/RobotEV3.o
 .debug_line    0x00000000        0x0 ./src/RobotEV3.o
 .debug_macinfo
                0x00000000        0x0 ./src/RobotEV3.o
 .data.__reference_InitEV3
                0x00000000        0x0 ./src/RobotEV3.o
 .data.__reference_FreeEV3
                0x00000000        0x0 ./src/RobotEV3.o
 .ARM.extab.text.is_unseen
                0x00000000        0x0 ./src/RobotEV3.o
 .text.print_room
                0x00000000        0x0 ./src/RobotEV3.o
 .ARM.extab.text.print_room
                0x00000000        0x0 ./src/RobotEV3.o
 .ARM.exidx.text.print_room
                0x00000000        0x0 ./src/RobotEV3.o
 .ARM.extab.text.get_commands
                0x00000000        0x0 ./src/RobotEV3.o
 .debug_frame   0x00000000        0x0 ./src/RobotEV3.o
 .debug_loc     0x00000000        0x0 ./src/RobotEV3.o
 .debug_pubnames
                0x00000000        0x0 ./src/RobotEV3.o
 .debug_aranges
                0x00000000        0x0 ./src/RobotEV3.o
 .debug_ranges  0x00000000        0x0 ./src/RobotEV3.o
 .debug_str     0x00000000        0x0 ./src/RobotEV3.o
 .note.GNU-stack
                0x00000000        0x0 ./src/RobotEV3.o
 .note.GNU-stack
                0x00000000        0x0 /usr/local/EV3-API-master/libev3api.a(ev3_lcd.o)
 .data          0x00000000        0x0 /usr/local/EV3-API-master/libev3api.a(ev3.o)
 .ARM.extab     0x00000000        0x0 /usr/local/EV3-API-master/libev3api.a(ev3.o)
 .note.GNU-stack
                0x00000000        0x0 /usr/local/EV3-API-master/libev3api.a(ev3.o)
 .data          0x00000000        0x0 /usr/local/EV3-API-master/libev3api.a(ev3_output.o)
 .bss           0x00000000        0x0 /usr/local/EV3-API-master/libev3api.a(ev3_output.o)
 .note.GNU-stack
                0x00000000        0x0 /usr/local/EV3-API-master/libev3api.a(ev3_output.o)
 .data          0x00000000        0x0 /usr/local/EV3-API-master/libev3api.a(ev3_sound.o)
 .bss           0x00000000        0x0 /usr/local/EV3-API-master/libev3api.a(ev3_sound.o)
 .note.GNU-stack
                0x00000000        0x0 /usr/local/EV3-API-master/libev3api.a(ev3_sound.o)
 .note.GNU-stack
                0x00000000        0x0 /usr/local/EV3-API-master/libev3api.a(ev3_bluetooth.o)
 .data          0x00000000        0x0 /usr/local/EV3-API-master/libev3api.a(ev3_button.lejos.o)
 .bss           0x00000000        0x0 /usr/local/EV3-API-master/libev3api.a(ev3_button.lejos.o)
 .ARM.extab     0x00000000        0x0 /usr/local/EV3-API-master/libev3api.a(ev3_button.lejos.o)
 .note.GNU-stack
                0x00000000        0x0 /usr/local/EV3-API-master/libev3api.a(ev3_button.lejos.o)
 .data          0x00000000        0x0 /usr/local/EV3-API-master/libev3api.a(ev3_input.o)
 .ARM.extab     0x00000000        0x0 /usr/local/EV3-API-master/libev3api.a(ev3_input.o)
 .note.GNU-stack
                0x00000000        0x0 /usr/local/EV3-API-master/libev3api.a(ev3_input.o)
 .data          0x00000000        0x0 /usr/local/EV3-API-master/libev3api.a(ev3_sensors.o)
 .ARM.extab     0x00000000        0x0 /usr/local/EV3-API-master/libev3api.a(ev3_sensors.o)
 .note.GNU-stack
                0x00000000        0x0 /usr/local/EV3-API-master/libev3api.a(ev3_sensors.o)
 .data          0x00000000        0x0 /usr/local/EV3-API-master/libev3api.a(bluetooth.o)
 .bss           0x00000000        0x0 /usr/local/EV3-API-master/libev3api.a(bluetooth.o)
 .note.GNU-stack
                0x00000000        0x0 /usr/local/EV3-API-master/libev3api.a(bluetooth.o)
 .bss           0x00000000        0x0 /usr/local/EV3-API-master/libev3api.a(ev3_button.core.o)
 .ARM.extab     0x00000000        0x0 /usr/local/EV3-API-master/libev3api.a(ev3_button.core.o)
 .note.GNU-stack
                0x00000000        0x0 /usr/local/EV3-API-master/libev3api.a(ev3_button.core.o)
 .data          0x00000000        0x0 /usr/local/EV3-API-master/libev3api.a(ev3_command.o)
 .bss           0x00000000        0x0 /usr/local/EV3-API-master/libev3api.a(ev3_command.o)
 .ARM.extab     0x00000000        0x0 /usr/local/EV3-API-master/libev3api.a(ev3_command.o)
 .note.GNU-stack
                0x00000000        0x0 /usr/local/EV3-API-master/libev3api.a(ev3_command.o)
 .data          0x00000000        0x0 /usr/local/EV3-API-master/libev3api.a(ev3_timer.o)
 .ARM.extab     0x00000000        0x0 /usr/local/EV3-API-master/libev3api.a(ev3_timer.o)
 .note.GNU-stack
                0x00000000        0x0 /usr/local/EV3-API-master/libev3api.a(ev3_timer.o)
 .data          0x00000000        0x0 /usr/local/EV3-API-master/libev3api.a(ev3_button.o)
 .bss           0x00000000        0x0 /usr/local/EV3-API-master/libev3api.a(ev3_button.o)
 .ARM.extab     0x00000000        0x0 /usr/local/EV3-API-master/libev3api.a(ev3_button.o)
 .note.GNU-stack
                0x00000000        0x0 /usr/local/EV3-API-master/libev3api.a(ev3_button.o)
 .data          0x00000000        0x0 /usr/local/EV3-API-master/libev3api.a(ev3_button.led.o)
 .ARM.extab     0x00000000        0x0 /usr/local/EV3-API-master/libev3api.a(ev3_button.led.o)
 .note.GNU-stack
                0x00000000        0x0 /usr/local/EV3-API-master/libev3api.a(ev3_button.led.o)
 .data          0x00000000        0x0 /usr/local/EV3-API-master/libev3api.a(ev3_button.nxc.o)
 .note.GNU-stack
                0x00000000        0x0 /usr/local/EV3-API-master/libev3api.a(ev3_button.nxc.o)
 .data          0x00000000        0x0 /usr/local/EV3-API-master/libev3api.a(ev3_array.o)
 .bss           0x00000000        0x0 /usr/local/EV3-API-master/libev3api.a(ev3_array.o)
 .ARM.extab     0x00000000        0x0 /usr/local/EV3-API-master/libev3api.a(ev3_array.o)
 .note.GNU-stack
                0x00000000        0x0 /usr/local/EV3-API-master/libev3api.a(ev3_array.o)
 .data          0x00000000        0x0 /usr/local/EV3-API-master/libev3api.a(ev3_timer.ts.o)
 .bss           0x00000000        0x0 /usr/local/EV3-API-master/libev3api.a(ev3_timer.ts.o)
 .ARM.extab     0x00000000        0x0 /usr/local/EV3-API-master/libev3api.a(ev3_timer.ts.o)
 .note.GNU-stack
                0x00000000        0x0 /usr/local/EV3-API-master/libev3api.a(ev3_timer.ts.o)
 .data          0x00000000        0x0 /usr/local/EV3-API-master/libev3api.a(ev3_input_uart.o)
 .ARM.extab     0x00000000        0x0 /usr/local/EV3-API-master/libev3api.a(ev3_input_uart.o)
 .note.GNU-stack
                0x00000000        0x0 /usr/local/EV3-API-master/libev3api.a(ev3_input_uart.o)
 .data          0x00000000        0x0 /usr/local/EV3-API-master/libev3api.a(ev3_input_iic.o)
 .ARM.extab     0x00000000        0x0 /usr/local/EV3-API-master/libev3api.a(ev3_input_iic.o)
 .note.GNU-stack
                0x00000000        0x0 /usr/local/EV3-API-master/libev3api.a(ev3_input_iic.o)
 .data          0x00000000        0x0 /usr/local/EV3-API-master/libev3api.a(ev3_input_analog.o)
 .ARM.extab     0x00000000        0x0 /usr/local/EV3-API-master/libev3api.a(ev3_input_analog.o)
 .note.GNU-stack
                0x00000000        0x0 /usr/local/EV3-API-master/libev3api.a(ev3_input_analog.o)
 .data          0x00000000        0x0 /usr/local/CodeSourcery/arm-2009q1/bin/../lib/gcc/arm-none-linux-gnueabi/4.3.3/armv4t/libgcc.a(_udivsi3.o)
 .bss           0x00000000        0x0 /usr/local/CodeSourcery/arm-2009q1/bin/../lib/gcc/arm-none-linux-gnueabi/4.3.3/armv4t/libgcc.a(_udivsi3.o)
 .note.GNU-stack
                0x00000000        0x0 /usr/local/CodeSourcery/arm-2009q1/bin/../lib/gcc/arm-none-linux-gnueabi/4.3.3/armv4t/libgcc.a(_udivsi3.o)
 .debug_frame   0x00000000        0x0 /usr/local/CodeSourcery/arm-2009q1/bin/../lib/gcc/arm-none-linux-gnueabi/4.3.3/armv4t/libgcc.a(_udivsi3.o)
 .data          0x00000000        0x0 /usr/local/CodeSourcery/arm-2009q1/bin/../lib/gcc/arm-none-linux-gnueabi/4.3.3/armv4t/libgcc.a(_divsi3.o)
 .bss           0x00000000        0x0 /usr/local/CodeSourcery/arm-2009q1/bin/../lib/gcc/arm-none-linux-gnueabi/4.3.3/armv4t/libgcc.a(_divsi3.o)
 .note.GNU-stack
                0x00000000        0x0 /usr/local/CodeSourcery/arm-2009q1/bin/../lib/gcc/arm-none-linux-gnueabi/4.3.3/armv4t/libgcc.a(_divsi3.o)
 .debug_frame   0x00000000        0x0 /usr/local/CodeSourcery/arm-2009q1/bin/../lib/gcc/arm-none-linux-gnueabi/4.3.3/armv4t/libgcc.a(_divsi3.o)
 .data          0x00000000        0x0 /usr/local/CodeSourcery/arm-2009q1/bin/../lib/gcc/arm-none-linux-gnueabi/4.3.3/armv4t/libgcc.a(_arm_addsubdf3.o)
 .bss           0x00000000        0x0 /usr/local/CodeSourcery/arm-2009q1/bin/../lib/gcc/arm-none-linux-gnueabi/4.3.3/armv4t/libgcc.a(_arm_addsubdf3.o)
 .note.GNU-stack
                0x00000000        0x0 /usr/local/CodeSourcery/arm-2009q1/bin/../lib/gcc/arm-none-linux-gnueabi/4.3.3/armv4t/libgcc.a(_arm_addsubdf3.o)
 .data          0x00000000        0x0 /usr/local/CodeSourcery/arm-2009q1/bin/../lib/gcc/arm-none-linux-gnueabi/4.3.3/armv4t/libgcc.a(_arm_muldivdf3.o)
 .bss           0x00000000        0x0 /usr/local/CodeSourcery/arm-2009q1/bin/../lib/gcc/arm-none-linux-gnueabi/4.3.3/armv4t/libgcc.a(_arm_muldivdf3.o)
 .note.GNU-stack
                0x00000000        0x0 /usr/local/CodeSourcery/arm-2009q1/bin/../lib/gcc/arm-none-linux-gnueabi/4.3.3/armv4t/libgcc.a(_arm_muldivdf3.o)
 .data          0x00000000        0x0 /usr/local/CodeSourcery/arm-2009q1/bin/../lib/gcc/arm-none-linux-gnueabi/4.3.3/armv4t/libgcc.a(_arm_cmpdf2.o)
 .bss           0x00000000        0x0 /usr/local/CodeSourcery/arm-2009q1/bin/../lib/gcc/arm-none-linux-gnueabi/4.3.3/armv4t/libgcc.a(_arm_cmpdf2.o)
 .note.GNU-stack
                0x00000000        0x0 /usr/local/CodeSourcery/arm-2009q1/bin/../lib/gcc/arm-none-linux-gnueabi/4.3.3/armv4t/libgcc.a(_arm_cmpdf2.o)
 .data          0x00000000        0x0 /usr/local/CodeSourcery/arm-2009q1/bin/../lib/gcc/arm-none-linux-gnueabi/4.3.3/armv4t/libgcc.a(_arm_fixdfsi.o)
 .bss           0x00000000        0x0 /usr/local/CodeSourcery/arm-2009q1/bin/../lib/gcc/arm-none-linux-gnueabi/4.3.3/armv4t/libgcc.a(_arm_fixdfsi.o)
 .note.GNU-stack
                0x00000000        0x0 /usr/local/CodeSourcery/arm-2009q1/bin/../lib/gcc/arm-none-linux-gnueabi/4.3.3/armv4t/libgcc.a(_arm_fixdfsi.o)
 .data          0x00000000        0x0 /usr/local/CodeSourcery/arm-2009q1/bin/../lib/gcc/arm-none-linux-gnueabi/4.3.3/armv4t/libgcc.a(_arm_truncdfsf2.o)
 .bss           0x00000000        0x0 /usr/local/CodeSourcery/arm-2009q1/bin/../lib/gcc/arm-none-linux-gnueabi/4.3.3/armv4t/libgcc.a(_arm_truncdfsf2.o)
 .note.GNU-stack
                0x00000000        0x0 /usr/local/CodeSourcery/arm-2009q1/bin/../lib/gcc/arm-none-linux-gnueabi/4.3.3/armv4t/libgcc.a(_arm_truncdfsf2.o)
 .data          0x00000000        0x0 /usr/local/CodeSourcery/arm-2009q1/bin/../lib/gcc/arm-none-linux-gnueabi/4.3.3/armv4t/libgcc.a(_arm_cmpsf2.o)
 .bss           0x00000000        0x0 /usr/local/CodeSourcery/arm-2009q1/bin/../lib/gcc/arm-none-linux-gnueabi/4.3.3/armv4t/libgcc.a(_arm_cmpsf2.o)
 .note.GNU-stack
                0x00000000        0x0 /usr/local/CodeSourcery/arm-2009q1/bin/../lib/gcc/arm-none-linux-gnueabi/4.3.3/armv4t/libgcc.a(_arm_cmpsf2.o)
 .data          0x00000000        0x0 /usr/local/CodeSourcery/arm-2009q1/bin/../lib/gcc/arm-none-linux-gnueabi/4.3.3/armv4t/libgcc.a(_aeabi_uldivmod.o)
 .bss           0x00000000        0x0 /usr/local/CodeSourcery/arm-2009q1/bin/../lib/gcc/arm-none-linux-gnueabi/4.3.3/armv4t/libgcc.a(_aeabi_uldivmod.o)
 .note.GNU-stack
                0x00000000        0x0 /usr/local/CodeSourcery/arm-2009q1/bin/../lib/gcc/arm-none-linux-gnueabi/4.3.3/armv4t/libgcc.a(_aeabi_uldivmod.o)
 .data          0x00000000        0x0 /usr/local/CodeSourcery/arm-2009q1/bin/../lib/gcc/arm-none-linux-gnueabi/4.3.3/armv4t/libgcc.a(_dvmd_lnx.o)
 .bss           0x00000000        0x0 /usr/local/CodeSourcery/arm-2009q1/bin/../lib/gcc/arm-none-linux-gnueabi/4.3.3/armv4t/libgcc.a(_dvmd_lnx.o)
 .note.GNU-stack
                0x00000000        0x0 /usr/local/CodeSourcery/arm-2009q1/bin/../lib/gcc/arm-none-linux-gnueabi/4.3.3/armv4t/libgcc.a(_dvmd_lnx.o)
 .data          0x00000000        0x0 /usr/local/CodeSourcery/arm-2009q1/bin/../lib/gcc/arm-none-linux-gnueabi/4.3.3/armv4t/libgcc.a(bpabi.o)
 .bss           0x00000000        0x0 /usr/local/CodeSourcery/arm-2009q1/bin/../lib/gcc/arm-none-linux-gnueabi/4.3.3/armv4t/libgcc.a(bpabi.o)
 .ARM.extab     0x00000000        0x0 /usr/local/CodeSourcery/arm-2009q1/bin/../lib/gcc/arm-none-linux-gnueabi/4.3.3/armv4t/libgcc.a(bpabi.o)
 .debug_frame   0x00000000        0x0 /usr/local/CodeSourcery/arm-2009q1/bin/../lib/gcc/arm-none-linux-gnueabi/4.3.3/armv4t/libgcc.a(bpabi.o)
 .note.GNU-stack
                0x00000000        0x0 /usr/local/CodeSourcery/arm-2009q1/bin/../lib/gcc/arm-none-linux-gnueabi/4.3.3/armv4t/libgcc.a(bpabi.o)
 .data          0x00000000        0x0 /usr/local/CodeSourcery/arm-2009q1/bin/../lib/gcc/arm-none-linux-gnueabi/4.3.3/armv4t/libgcc.a(_divdi3.o)
 .bss           0x00000000        0x0 /usr/local/CodeSourcery/arm-2009q1/bin/../lib/gcc/arm-none-linux-gnueabi/4.3.3/armv4t/libgcc.a(_divdi3.o)
 .ARM.extab     0x00000000        0x0 /usr/local/CodeSourcery/arm-2009q1/bin/../lib/gcc/arm-none-linux-gnueabi/4.3.3/armv4t/libgcc.a(_divdi3.o)
 .debug_frame   0x00000000        0x0 /usr/local/CodeSourcery/arm-2009q1/bin/../lib/gcc/arm-none-linux-gnueabi/4.3.3/armv4t/libgcc.a(_divdi3.o)
 .note.GNU-stack
                0x00000000        0x0 /usr/local/CodeSourcery/arm-2009q1/bin/../lib/gcc/arm-none-linux-gnueabi/4.3.3/armv4t/libgcc.a(_divdi3.o)
 .data          0x00000000        0x0 /usr/local/CodeSourcery/arm-2009q1/bin/../lib/gcc/arm-none-linux-gnueabi/4.3.3/armv4t/libgcc.a(_udivdi3.o)
 .bss           0x00000000        0x0 /usr/local/CodeSourcery/arm-2009q1/bin/../lib/gcc/arm-none-linux-gnueabi/4.3.3/armv4t/libgcc.a(_udivdi3.o)
 .ARM.extab     0x00000000        0x0 /usr/local/CodeSourcery/arm-2009q1/bin/../lib/gcc/arm-none-linux-gnueabi/4.3.3/armv4t/libgcc.a(_udivdi3.o)
 .debug_frame   0x00000000        0x0 /usr/local/CodeSourcery/arm-2009q1/bin/../lib/gcc/arm-none-linux-gnueabi/4.3.3/armv4t/libgcc.a(_udivdi3.o)
 .note.GNU-stack
                0x00000000        0x0 /usr/local/CodeSourcery/arm-2009q1/bin/../lib/gcc/arm-none-linux-gnueabi/4.3.3/armv4t/libgcc.a(_udivdi3.o)
 .text          0x00000000        0x0 /usr/local/CodeSourcery/arm-2009q1/bin/../lib/gcc/arm-none-linux-gnueabi/4.3.3/armv4t/libgcc.a(_clz.o)
 .data          0x00000000        0x0 /usr/local/CodeSourcery/arm-2009q1/bin/../lib/gcc/arm-none-linux-gnueabi/4.3.3/armv4t/libgcc.a(_clz.o)
 .bss           0x00000000        0x0 /usr/local/CodeSourcery/arm-2009q1/bin/../lib/gcc/arm-none-linux-gnueabi/4.3.3/armv4t/libgcc.a(_clz.o)
 .note.GNU-stack
                0x00000000        0x0 /usr/local/CodeSourcery/arm-2009q1/bin/../lib/gcc/arm-none-linux-gnueabi/4.3.3/armv4t/libgcc.a(_clz.o)
 .data          0x00000000        0x0 /usr/local/CodeSourcery/arm-2009q1/bin/../arm-none-linux-gnueabi/libc/armv4t/usr/lib/libc_nonshared.a(elf-init.oS)
 .bss           0x00000000        0x0 /usr/local/CodeSourcery/arm-2009q1/bin/../arm-none-linux-gnueabi/libc/armv4t/usr/lib/libc_nonshared.a(elf-init.oS)
 .ARM.extab     0x00000000        0x0 /usr/local/CodeSourcery/arm-2009q1/bin/../arm-none-linux-gnueabi/libc/armv4t/usr/lib/libc_nonshared.a(elf-init.oS)
 .debug_frame   0x00000000        0x0 /usr/local/CodeSourcery/arm-2009q1/bin/../arm-none-linux-gnueabi/libc/armv4t/usr/lib/libc_nonshared.a(elf-init.oS)
 .note.GNU-stack
                0x00000000        0x0 /usr/local/CodeSourcery/arm-2009q1/bin/../arm-none-linux-gnueabi/libc/armv4t/usr/lib/libc_nonshared.a(elf-init.oS)
 .data          0x00000000        0x0 /usr/local/CodeSourcery/arm-2009q1/bin/../arm-none-linux-gnueabi/libc/armv4t/usr/lib/libc_nonshared.a(stat.oS)
 .bss           0x00000000        0x0 /usr/local/CodeSourcery/arm-2009q1/bin/../arm-none-linux-gnueabi/libc/armv4t/usr/lib/libc_nonshared.a(stat.oS)
 .ARM.extab     0x00000000        0x0 /usr/local/CodeSourcery/arm-2009q1/bin/../arm-none-linux-gnueabi/libc/armv4t/usr/lib/libc_nonshared.a(stat.oS)
 .debug_frame   0x00000000        0x0 /usr/local/CodeSourcery/arm-2009q1/bin/../arm-none-linux-gnueabi/libc/armv4t/usr/lib/libc_nonshared.a(stat.oS)
 .note.GNU-stack
                0x00000000        0x0 /usr/local/CodeSourcery/arm-2009q1/bin/../arm-none-linux-gnueabi/libc/armv4t/usr/lib/libc_nonshared.a(stat.oS)
 .text          0x00000000        0x0 /usr/local/CodeSourcery/arm-2009q1/bin/../lib/gcc/arm-none-linux-gnueabi/4.3.3/armv4t/crtend.o
 .data          0x00000000        0x0 /usr/local/CodeSourcery/arm-2009q1/bin/../lib/gcc/arm-none-linux-gnueabi/4.3.3/armv4t/crtend.o
 .bss           0x00000000        0x0 /usr/local/CodeSourcery/arm-2009q1/bin/../lib/gcc/arm-none-linux-gnueabi/4.3.3/armv4t/crtend.o
 .note.GNU-stack
                0x00000000        0x0 /usr/local/CodeSourcery/arm-2009q1/bin/../lib/gcc/arm-none-linux-gnueabi/4.3.3/armv4t/crtend.o
 .text          0x00000000        0x0 /usr/local/CodeSourcery/arm-2009q1/bin/../arm-none-linux-gnueabi/libc/armv4t/usr/lib/crtn.o
 .data          0x00000000        0x0 /usr/local/CodeSourcery/arm-2009q1/bin/../arm-none-linux-gnueabi/libc/armv4t/usr/lib/crtn.o
 .bss           0x00000000        0x0 /usr/local/CodeSourcery/arm-2009q1/bin/../arm-none-linux-gnueabi/libc/armv4t/usr/lib/crtn.o
 .ARM.extab.init
                0x00000000        0x0 /usr/local/CodeSourcery/arm-2009q1/bin/../arm-none-linux-gnueabi/libc/armv4t/usr/lib/crtn.o
 .ARM.extab.fini
                0x00000000        0x0 /usr/local/CodeSourcery/arm-2009q1/bin/../arm-none-linux-gnueabi/libc/armv4t/usr/lib/crtn.o
 .note.GNU-stack
                0x00000000        0x0 /usr/local/CodeSourcery/arm-2009q1/bin/../arm-none-linux-gnueabi/libc/armv4t/usr/lib/crtn.o

Memory Configuration

Name             Origin             Length             Attributes
*default*        0x00000000         0xffffffff

Linker script and memory map

LOAD /usr/local/CodeSourcery/arm-2009q1/bin/../arm-none-linux-gnueabi/libc/armv4t/usr/lib/crt1.o
LOAD /usr/local/CodeSourcery/arm-2009q1/bin/../arm-none-linux-gnueabi/libc/armv4t/usr/lib/crti.o
LOAD /usr/local/CodeSourcery/arm-2009q1/bin/../lib/gcc/arm-none-linux-gnueabi/4.3.3/armv4t/crtbegin.o
LOAD ./src/RobotEV3.o
LOAD /usr/local/EV3-API-master/libev3api.a
LOAD /usr/local/CodeSourcery/arm-2009q1/bin/../arm-none-linux-gnueabi/libc/armv4t/usr/lib/libpthread.so
START GROUP
LOAD /usr/local/CodeSourcery/arm-2009q1/bin/../arm-none-linux-gnueabi/libc/armv4t/lib/libpthread.so.0
LOAD /usr/local/CodeSourcery/arm-2009q1/bin/../arm-none-linux-gnueabi/libc/armv4t/usr/lib/libpthread_nonshared.a
END GROUP
LOAD /usr/local/CodeSourcery/arm-2009q1/bin/../arm-none-linux-gnueabi/libc/armv4t/usr/lib/libm.so
LOAD /usr/local/CodeSourcery/arm-2009q1/bin/../lib/gcc/arm-none-linux-gnueabi/4.3.3/armv4t/libgcc.a
LOAD /usr/local/CodeSourcery/arm-2009q1/bin/../arm-none-linux-gnueabi/libc/armv4t/lib/libgcc_s.so
LOAD /usr/local/CodeSourcery/arm-2009q1/bin/../arm-none-linux-gnueabi/libc/armv4t/usr/lib/libc.so
START GROUP
LOAD /usr/local/CodeSourcery/arm-2009q1/bin/../arm-none-linux-gnueabi/libc/armv4t/lib/libc.so.6
LOAD /usr/local/CodeSourcery/arm-2009q1/bin/../arm-none-linux-gnueabi/libc/armv4t/usr/lib/libc_nonshared.a
LOAD /usr/local/CodeSourcery/arm-2009q1/bin/../arm-none-linux-gnueabi/libc/armv4t/lib/ld-linux.so.3
END GROUP
LOAD /usr/local/CodeSourcery/arm-2009q1/bin/../lib/gcc/arm-none-linux-gnueabi/4.3.3/armv4t/libgcc.a
LOAD /usr/local/CodeSourcery/arm-2009q1/bin/../arm-none-linux-gnueabi/libc/armv4t/lib/libgcc_s.so
LOAD /usr/local/CodeSourcery/arm-2009q1/bin/../lib/gcc/arm-none-linux-gnueabi/4.3.3/armv4t/crtend.o
LOAD /usr/local/CodeSourcery/arm-2009q1/bin/../arm-none-linux-gnueabi/libc/armv4t/usr/lib/crtn.o
                0x00008000                PROVIDE (__executable_start, 0x8000)
                0x00008114                . = (0x8000 + SIZEOF_HEADERS)

.interp         0x00008114       0x13
 *(.interp)
 .interp        0x00008114       0x13 /usr/local/CodeSourcery/arm-2009q1/bin/../arm-none-linux-gnueabi/libc/armv4t/usr/lib/crti.o

.note.gnu.build-id
 *(.note.gnu.build-id)

.hash           0x00008128      0x25c
 *(.hash)
 .hash          0x00008128      0x25c /usr/local/CodeSourcery/arm-2009q1/bin/../arm-none-linux-gnueabi/libc/armv4t/usr/lib/crti.o

.gnu.hash
 *(.gnu.hash)

.dynsym         0x00008384      0x520
 *(.dynsym)
 .dynsym        0x00008384      0x520 /usr/local/CodeSourcery/arm-2009q1/bin/../arm-none-linux-gnueabi/libc/armv4t/usr/lib/crti.o

.dynstr         0x000088a4      0x31a
 *(.dynstr)
 .dynstr        0x000088a4      0x31a /usr/local/CodeSourcery/arm-2009q1/bin/../arm-none-linux-gnueabi/libc/armv4t/usr/lib/crti.o

.gnu.version    0x00008bbe       0xa4
 *(.gnu.version)
 .gnu.version   0x00008bbe       0xa4 /usr/local/CodeSourcery/arm-2009q1/bin/../arm-none-linux-gnueabi/libc/armv4t/usr/lib/crti.o

.gnu.version_d  0x00008c64        0x0 load address 0x00008c62
 *(.gnu.version_d)
 .gnu.version_d
                0x00000000        0x0 /usr/local/CodeSourcery/arm-2009q1/bin/../arm-none-linux-gnueabi/libc/armv4t/usr/lib/crti.o

.gnu.version_r  0x00008c64       0x80
 *(.gnu.version_r)
 .gnu.version_r
                0x00008c64       0x80 /usr/local/CodeSourcery/arm-2009q1/bin/../arm-none-linux-gnueabi/libc/armv4t/usr/lib/crti.o

.rel.dyn        0x00008ce4        0x8
 *(.rel.init)
 *(.rel.text .rel.text.* .rel.gnu.linkonce.t.*)
 *(.rel.fini)
 *(.rel.rodata .rel.rodata.* .rel.gnu.linkonce.r.*)
 *(.rel.data.rel.ro* .rel.gnu.linkonce.d.rel.ro.*)
 *(.rel.data .rel.data.* .rel.gnu.linkonce.d.*)
 *(.rel.tdata .rel.tdata.* .rel.gnu.linkonce.td.*)
 *(.rel.tbss .rel.tbss.* .rel.gnu.linkonce.tb.*)
 *(.rel.ctors)
 *(.rel.dtors)
 *(.rel.got)
 .rel.got       0x00008ce4        0x8 /usr/local/CodeSourcery/arm-2009q1/bin/../arm-none-linux-gnueabi/libc/armv4t/usr/lib/crti.o
 *(.rel.bss .rel.bss.* .rel.gnu.linkonce.b.*)
 .rel.bss       0x00000000        0x0 /usr/local/CodeSourcery/arm-2009q1/bin/../arm-none-linux-gnueabi/libc/armv4t/usr/lib/crti.o

.rel.ifunc.dyn
 *(.rel.ifunc.*)

.rela.dyn
 *(.rela.init)
 *(.rela.text .rela.text.* .rela.gnu.linkonce.t.*)
 *(.rela.fini)
 *(.rela.rodata .rela.rodata.* .rela.gnu.linkonce.r.*)
 *(.rela.data .rela.data.* .rela.gnu.linkonce.d.*)
 *(.rela.tdata .rela.tdata.* .rela.gnu.linkonce.td.*)
 *(.rela.tbss .rela.tbss.* .rela.gnu.linkonce.tb.*)
 *(.rela.ctors)
 *(.rela.dtors)
 *(.rela.got)
 *(.rela.bss .rela.bss.* .rela.gnu.linkonce.b.*)

.rela.ifunc.dyn
 *(.rela.ifunc.*)

.rel.plt        0x00008cec      0x250
 *(.rel.plt)
 .rel.plt       0x00008cec      0x250 /usr/local/CodeSourcery/arm-2009q1/bin/../arm-none-linux-gnueabi/libc/armv4t/usr/lib/crti.o

.rela.plt
 *(.rela.plt)

.init           0x00008f3c       0x10
 *(.init)
 .init          0x00008f3c        0x8 /usr/local/CodeSourcery/arm-2009q1/bin/../arm-none-linux-gnueabi/libc/armv4t/usr/lib/crti.o
                0x00008f3c                _init
 .init          0x00008f44        0x8 /usr/local/CodeSourcery/arm-2009q1/bin/../arm-none-linux-gnueabi/libc/armv4t/usr/lib/crtn.o

.plt            0x00008f4c      0x38c
 *(.plt)
 .plt           0x00008f4c      0x38c /usr/local/CodeSourcery/arm-2009q1/bin/../arm-none-linux-gnueabi/libc/armv4t/usr/lib/crti.o
                0x00008f60                open@@GLIBC_2.4
                0x00008f6c                __ctype_toupper_loc@@GLIBC_2.4
                0x00008f78                mmap@@GLIBC_2.4
                0x00008f84                abort@@GLIBC_2.4
                0x00008f90                connect@@GLIBC_2.4
                0x00008f9c                vprintf@@GLIBC_2.4
                0x00008fa8                __xstat@@GLIBC_2.4
                0x00008fb4                __libc_start_main@@GLIBC_2.4
                0x00008fc0                epoll_create@@GLIBC_2.4
                0x00008fd8                vsnprintf@@GLIBC_2.4
                0x00008fe4                vsprintf@@GLIBC_2.4
                0x00008ff0                strncpy@@GLIBC_2.4
                0x00008ffc                fclose@@GLIBC_2.4
                0x00009008                fgets@@GLIBC_2.4
                0x00009014                dirname@@GLIBC_2.4
                0x00009020                listen@@GLIBC_2.4
                0x0000902c                fopen@@GLIBC_2.4
                0x00009038                memset@@GLIBC_2.4
                0x00009044                strrchr@@GLIBC_2.4
                0x00009050                perror@@GLIBC_2.4
                0x0000905c                eventfd@@GLIBC_2.7
                0x00009068                usleep@@GLIBC_2.4
                0x00009074                free@@GLIBC_2.4
                0x00009080                read@@GLIBC_2.4
                0x0000908c                write@@GLIBC_2.4
                0x00009098                gettimeofday@@GLIBC_2.4
                0x000090a4                accept@@GLIBC_2.4
                0x000090b0                pthread_mutex_unlock@@GLIBC_2.4
                0x000090bc                socket@@GLIBC_2.4
                0x000090c8                ioctl@@GLIBC_2.4
                0x000090d4                epoll_wait@@GLIBC_2.4
                0x000090e0                pthread_mutex_lock@@GLIBC_2.4
                0x000090ec                strlen@@GLIBC_2.4
                0x000090f8                sscanf@@GLIBC_2.4
                0x00009104                pthread_create@@GLIBC_2.4
                0x00009110                __xpg_basename@@GLIBC_2.4
                0x0000911c                memcpy@@GLIBC_2.4
                0x00009128                stpncpy@@GLIBC_2.4
                0x00009134                strtol@@GLIBC_2.4
                0x00009140                strcpy@@GLIBC_2.4
                0x0000914c                strncat@@GLIBC_2.4
                0x00009158                raise@@GLIBC_2.4
                0x00009164                strtof@@GLIBC_2.4
                0x00009170                bind@@GLIBC_2.4
                0x0000917c                strstr@@GLIBC_2.4
                0x00009188                close@@GLIBC_2.4
                0x00009194                fwrite@@GLIBC_2.4
                0x000091a0                __ctype_b_loc@@GLIBC_2.4
                0x000091ac                fprintf@@GLIBC_2.4
                0x000091b8                strdup@@GLIBC_2.4
                0x000091c4                malloc@@GLIBC_2.4
                0x000091d0                poll@@GLIBC_2.4
                0x000091dc                fputc@@GLIBC_2.4
                0x000091e8                sleep@@GLIBC_2.4
                0x000091f4                strcat@@GLIBC_2.4
                0x00009200                memmove@@GLIBC_2.4
                0x0000920c                eventfd_write@@GLIBC_2.7
                0x00009218                puts@@GLIBC_2.4
                0x00009224                munmap@@GLIBC_2.4
                0x00009230                vfprintf@@GLIBC_2.4
                0x0000923c                timerfd_create@@GLIBC_2.8
                0x00009248                nanosleep@@GLIBC_2.4
                0x00009254                realloc@@GLIBC_2.4
                0x00009260                timerfd_settime@@GLIBC_2.8
                0x0000926c                epoll_ctl@@GLIBC_2.4
                0x00009278                getsockopt@@GLIBC_2.4
                0x00009284                strcmp@@GLIBC_2.4
                0x00009290                exit@@GLIBC_2.4
                0x0000929c                __errno_location@@GLIBC_2.4
                0x000092a8                pthread_self@@GLIBC_2.4
                0x000092b4                sprintf@@GLIBC_2.4
                0x000092c0                pthread_join@@GLIBC_2.4
                0x000092cc                fputs@@GLIBC_2.4

.text           0x000092d8     0xca10
 *(.text .stub .text.* .gnu.linkonce.t.*)
 .text          0x000092d8       0x38 /usr/local/CodeSourcery/arm-2009q1/bin/../arm-none-linux-gnueabi/libc/armv4t/usr/lib/crt1.o
                0x000092d8                _start
 .text          0x00009310       0x2c /usr/local/CodeSourcery/arm-2009q1/bin/../arm-none-linux-gnueabi/libc/armv4t/usr/lib/crti.o
 .text          0x0000933c       0x50 /usr/local/CodeSourcery/arm-2009q1/bin/../lib/gcc/arm-none-linux-gnueabi/4.3.3/armv4t/crtbegin.o
 .text.is_unseen
                0x0000938c       0x38 ./src/RobotEV3.o
                0x0000938c                is_unseen
 .text.roundNo  0x000093c4       0xd4 ./src/RobotEV3.o
                0x000093c4                roundNo
 .text.bfs      0x00009498      0x8bc ./src/RobotEV3.o
                0x00009498                bfs
 .text.get_commands
                0x00009d54      0xa1c ./src/RobotEV3.o
                0x00009d54                get_commands
 .text.check_box
                0x0000a770      0x140 ./src/RobotEV3.o
                0x0000a770                check_box
 .text.turn_right
                0x0000a8b0      0x260 ./src/RobotEV3.o
                0x0000a8b0                turn_right
 .text.turn_left
                0x0000ab10      0x268 ./src/RobotEV3.o
                0x0000ab10                turn_left
 .text.calc_rotations
                0x0000ad78       0x70 ./src/RobotEV3.o
                0x0000ad78                calc_rotations
 .text.forward  0x0000ade8      0x1a0 ./src/RobotEV3.o
                0x0000ade8                forward
 .text.main     0x0000af88      0x590 ./src/RobotEV3.o
                0x0000af88                main
 .text          0x0000b518     0x2fbc /usr/local/EV3-API-master/libev3api.a(ev3_lcd.o)
                0x0000e2b0                LcdUpdate
                0x0000b858                dLcdDrawPixel
                0x0000ccbc                CmdDrawLine
                0x0000c838                vasprintf
                0x0000b96c                dLcdDrawChar
                0x0000df08                LcdScroll
                0x0000c554                DisplayLineX
                0x0000c2c8                LcdRowToY
                0x0000b530                dLcdGetFontHeight
                0x0000b6f8                lcdToFrameBuffer
                0x0000cbb8                DisplayDraw
                0x0000c198                LcdText
                0x0000d884                CmdDrawCircle
                0x0000c34c                DisplayClrPixel
                0x0000c188                reverse_bits
                0x0000c890                LcdPrintf
                0x0000bebc                dLcdDrawBitmap
                0x0000b830                LcdInitialized
                0x0000c16c                LcdGetDisplay
                0x0000c134                LcdSelectFont
                0x0000da70                Ev3Clear
                0x0000d294                CmdDrawEllipse
                0x0000e204                TermPrintln
                0x0000b590                dLcdGetNumIcons
                0x0000b548                dLcdGetIconBits
                0x0000d01c                CmdDrawRect
                0x0000e3dc                LcdInit
                0x0000c2f8                DisplaySetPixel
                0x0000bd34                dLcdDrawPicture
                0x0000cad0                LcdTextf
                0x0000c2a4                DisplayLineHeight
                0x0000d924                LcdFillWindow
                0x0000cfac                LineOutEx
                0x0000cb1c                asprintf
                0x0000da80                LcdBmpFile
                0x0000e2dc                LcdSplash
                0x0000c7e0                LcdSetCursorX
                0x0000ca5c                Ev3Printf
                0x0000d808                EllipseOutEx
                0x0000dfd0                TermPrintf
                0x0000c6dc                DisplayFrame
                0x0000be98                dLcdGetBitmapSize
                0x0000e298                LcdRefresh
                0x0000c254                LcdPicture
                0x0000e340                LcdUpdateHandler
                0x0000de50                LcdWriteDisplayToFile
                0x0000b518                dLcdGetFontWidth
                0x0000c800                LcdGetCursorX
                0x0000c124                LcdSetAutoRefresh
                0x0000cb44                DisplayErase
                0x0000c3f4                DisplayFillScreen
                0x0000b578                dLcdGetIconHeight
                0x0000db14                _lcdWriteBytesToFile
                0x0000c1f0                LcdIcon
                0x0000e494                WriteToLcdDevice
                0x0000bcb4                dLcdDrawText
                0x0000c7f0                LcdSetCursorY
                0x0000decc                LcdWriteFrameBufferToFile
                0x0000d17c                RectOutEx
                0x0000da20                LcdClean
                0x0000c628                DisplayLineY
                0x0000cb6c                DisplayEraseLine
                0x0000c3a0                DisplayXorPixel
                0x0000e240                doUpdateScreen
                0x0000b904                dLcdReadPixel
                0x0000de8c                LcdGetFrameBuffer
                0x0000b560                dLcdGetIconWidth
                0x0000c764                CmdResolveDrawingMode
                0x0000c820                LcdResetCursor
                0x0000ca94                Ev3Println
                0x0000e358                LcdCloseDevices
                0x0000c810                LcdGetCursorY
                0x0000e3ac                LcdExit
                0x0000b5c0                frameBufferToLcd
                0x0000d8b8                CircleOutEx
                0x0000bdf4                dLcdDrawIcon
                0x0000d1f0                CmdSetPixel
                0x0000d240                PointOutEx
 .text          0x0000e4d4       0x98 /usr/local/EV3-API-master/libev3api.a(ev3.o)
                0x0000e4e4                FreeEV3
                0x0000e520                InitEV3
                0x0000e4d4                EV3IsInitialized
 .text          0x0000e56c     0x1430 /usr/local/EV3-API-master/libev3api.a(ev3_output.o)
                0x0000f678                OnForEx
                0x0000e704                OutputGetActualSpeed
                0x0000ea10                ResetRotationCount
                0x0000f660                OffEx
                0x0000e740                MotorBlockTachoCount
                0x0000ea14                OutputTimeSyncEx
                0x0000f2ec                SetSpeed
                0x0000edc8                RotateMotorRampNoWait
                0x0000e85c                OutputTest
                0x0000e5e0                OutputInitialized
                0x0000f2f0                OutputReset
                0x0000f590                OutputStop
                0x0000ee34                RotateMotorNoWaitEx
                0x0000e970                OutputClearCount
                0x0000ecf8                OutputStepSpeedEx
                0x0000f750                OnFwdEx
                0x0000effc                OutputStepPowerEx
                0x0000f0cc                OutputPolarity
                0x0000e608                OutputRead
                0x0000e930                WriteToPWMDevice
                0x0000f170                OutputStartEx
                0x0000edf0                RotateMotorRamp
                0x0000e724                MotorTachoCount
                0x0000f8d4                OutputInit
                0x0000eee8                RotateMotorEx
                0x0000f7e4                ResetOutputs
                0x0000e778                MotorActualSpeed
                0x0000f138                SetDirection
                0x0000f80c                OutputExit
                0x0000f66c                OnEx
                0x0000f654                FloatEx
                0x0000f27c                SetPower
                0x0000e7b0                OutputState
                0x0000e56c                OutputToMotorNum
                0x0000f40c                OutputSetTypes
                0x0000f36c                ResetTachoCount
                0x0000f894                OutputOpen
                0x0000f168                Toggle
                0x0000eb34                OutputStepSyncEx
                0x0000e6e0                OutputGetTachoCount
                0x0000f210                OutputPower
                0x0000f6bc                OnRevEx
                0x0000f5fc                SetOutputEx
                0x0000f354                ResetAllTachoCounts
                0x0000ec28                OutputTimeSpeedEx
                0x0000f160                Fwd
                0x0000f87c                OutputClose
                0x0000e75c                MotorPower
                0x0000e794                MotorRotationCount
                0x0000ef2c                OutputTimePowerEx
                0x0000f374                ResetBlockTachoCount
                0x0000f3fc                OnRevSyncEx
                0x0000e914                MotorBusy
                0x0000f378                ResetCount
                0x0000e6bc                OutputGetCount
                0x0000f4cc                OutputSetTypesArray
                0x0000eb08                OnForSyncEx
                0x0000f370                ResetBlockAndTachoCount
                0x0000f55c                OutputProgramStop
                0x0000f280                OutputSpeed
                0x0000f4e4                OutputSetType
                0x0000f158                Rev
                0x0000f788                OnFwdRegEx
                0x0000f6f4                OnRevRegEx
                0x0000f3c0                OnFwdSyncEx
                0x0000e5c4                DecodeOutputs
 .text          0x0000f99c      0xf78 /usr/local/EV3-API-master/libev3api.a(ev3_sound.o)
                0x0000ff48                PlayTonesEx
                0x0000fd00                SoundCloseDevices
                0x0000f9cc                SoundTest
                0x0000fe74                ClearSound
                0x0001048c                _playRSOFile
                0x0000fc0c                _readInt
                0x0000fba8                _readShort
                0x0000fea4                SoundExit
                0x0000fcc4                SoundReady
                0x0000fec4                PlayToneEx
                0x0000fde0                WriteToSoundDevice
                0x0000fb2c                changeBitDepthFrom16To8
                0x0000fd48                SoundInit
                0x0000f9fc                _soundInitAdPcm
                0x00010314                _playSoundSamplesFromStream
                0x0000fa20                _soundGetAdPcmValue
                0x00010860                PlayFileEx
                0x00010624                _playWAVFile
                0x0000f9a4                SoundInitialized
                0x0000f99c                SoundOpen
                0x0000fe94                SoundClose
                0x0000fb78                SoundState
                0x00010128                _playRMDFile
                0x0000fe28                StopSound
                0x0000fe78                MuteSound
                0x0000fb94                UnmuteSound
                0x0000ffb4                PlaySoundEx
 .text          0x00010914      0x5c0 /usr/local/EV3-API-master/libev3api.a(ev3_bluetooth.o)
                0x00010918                DisconnectFrom
                0x000109cc                ReceiveStringFrom
                0x00010a40                WaitConnection
                0x00010a18                SendStringTo
                0x0001098c                BluetoothExit
                0x00010914                BluetoothInit
                0x00010d68                ConnectTo
 .text          0x00010ed4      0x28c /usr/local/EV3-API-master/libev3api.a(ev3_button.lejos.o)
                0x00010ff4                ButtonWaitForPress
                0x00011138                ButtonWaitForAnyPress
                0x00010f24                ButtonIsUp
                0x00010fa0                ButtonWaitForPressAndRelease
                0x00010f08                ButtonIsDown
                0x0001114c                ButtonWaitForAnyEvent
 .text          0x00011160       0x84 /usr/local/EV3-API-master/libev3api.a(ev3_input.o)
                0x00011160                InputExit
                0x00011184                InputInit
 .text          0x000111e4      0x118 /usr/local/EV3-API-master/libev3api.a(ev3_sensors.o)
                0x0001129c                GetSensor
                0x00011244                SetAllSensors
                0x000112ac                SensorsExit
                0x00011208                exitSensorsUntilPort
                0x000111e4                SensorsInit
                0x000111ec                SetSensor
 .text          0x000112fc      0xc80 /usr/local/EV3-API-master/libev3api.a(bluetooth.o)
                0x00011d98                bachk
                0x00011d1c                basprintf
                0x00011e80                batostr
                0x00011cec                bt_free
                0x000114a0                bt_compidtostr
                0x00011d48                bafprintf
                0x00011e14                ba2oui
                0x00011f40                strtoba
                0x00011320                bt_error
                0x00011cf4                basnprintf
                0x00011cf0                bt_malloc
                0x00011d70                baprintf
                0x00011ed4                str2ba
                0x00011e3c                ba2str
                0x000112fc                baswap
 .text          0x00011f7c      0x340 /usr/local/EV3-API-master/libev3api.a(ev3_button.core.o)
                0x00012088                ButtonCoreInitialized
                0x00011fe0                ButtonCoreReadButtons
                0x00012050                ButtonCoreReadHWRev
                0x000120b4                ButtonCoreSetLEDs
                0x000121e4                ButtonCoreInit
                0x00011f7c                ButtonCoreReadButton
                0x0001213c                ButtonCoreExit
 .text          0x000122bc       0x48 /usr/local/EV3-API-master/libev3api.a(ev3_command.o)
                0x000122bc                Wait
 .text          0x00012304      0x7ec /usr/local/EV3-API-master/libev3api.a(ev3_timer.o)
                0x00012304                TimerInitialized
                0x00012458                SetTimerCallback
                0x000125f4                TimerExit
                0x00012784                TimerInit
                0x00012330                RemoveTimerCallback
 .text          0x00012af0       0xc8 /usr/local/EV3-API-master/libev3api.a(ev3_button.o)
                0x00012b24                ButtonLedExit
                0x00012b50                ButtonLedInit
                0x00012b0c                HardwareVersion
                0x00012af0                HardwareVersionString
                0x00012b84                ButtonLedInitialized
 .text          0x00012bb8      0x260 /usr/local/EV3-API-master/libev3api.a(ev3_button.led.o)
                0x00012cfc                SetLedPattern
                0x00012bb8                LedWarning
                0x00012cac                SetLedWarning
                0x00012d58                LedExit
                0x00012c20                LedInitialized
                0x00012da4                LedInit
                0x00012bec                LedPattern
 .text          0x00012e18      0x6b4 /usr/local/EV3-API-master/libev3api.a(ev3_button.nxc.o)
                0x0001301c                ButtonCountEx
                0x00012e88                SetButtonPressCount
                0x00012f20                ButtonReleaseCount
                0x000133a0                ButtonNxcInit
                0x00013094                ButtonNxcInitialized
                0x00012e68                SetButtonShortReleaseCount
                0x00013038                ButtonPressedEx
                0x000132e4                ButtonNxcSuspend
                0x00012f44                ButtonLongPressCount
                0x00012f0c                ButtonPressed
                0x00012f5c                ButtonCount
                0x000130bc                ButtonNxcResume
                0x00012f2c                ButtonLongReleaseCount
                0x00012f50                ButtonPressCount
                0x00012ea8                SetButtonLongPressCount
                0x00012e58                SetButtonState
                0x0001333c                ButtonNxcExit
                0x00013084                SetLongAbort
                0x00013054                SetAbortFlag
                0x00012f60                ReadButtonEx
                0x00012fec                SysReadButton
                0x00012e78                SetButtonReleaseCount
                0x00012f00                ButtonState
                0x00012e98                SetButtonLongReleaseCount
                0x00012f38                ButtonShortReleaseCount
 .text          0x000134cc      0x2a4 /usr/local/EV3-API-master/libev3api.a(ev3_array.o)
                0x0001368c                CArrayInsert
                0x00013560                CArrayFree
                0x000134e8                CArrayStackPop
                0x000136f8                CArrayStackPush
                0x000134cc                CArrayAccess
                0x00013504                CArrayRemove
                0x00013728                CArrayInit
                0x00013610                CArrayMirror
                0x00013680                CArrayEnsureFreeCapacity
                0x00013584                CArrayChangeCapacity
                0x000135dc                CArrayEnsureCapacity
 .text          0x00013770      0x378 /usr/local/EV3-API-master/libev3api.a(ev3_timer.ts.o)
                0x00013770                TimerGetMS
                0x000139e8                ClearTimer
                0x00013968                ClearTimerUS
                0x000138a8                TimerReady
                0x00013a68                TimerUS
                0x000137d8                TimerWait
                0x000139a8                ClearTimerMS
                0x00013930                SetTimerUS
                0x000139b0                SetTimer
                0x00013ab0                FastTimer
                0x000137ec                TimerGetUS
                0x00013ad4                Timer
                0x00013a8c                TimerMS
                0x00013828                tmInitTimestampSlots
                0x00013970                SetTimerMS
                0x000137bc                TimerGetCS
 .text          0x00013ae8      0x3b0 /usr/local/EV3-API-master/libev3api.a(ev3_input_uart.o)
                0x00013ae8                exitEV3UARTInput
                0x00013b30                readFromUART
                0x00013c3c                disableUART
                0x00013d24                setUARTSensorMode
                0x00013c7c                waitUartReady
                0x00013da8                initEV3UARTInput
                0x00013b9c                writeToUART
 .text          0x00013e98      0x2b8 /usr/local/EV3-API-master/libev3api.a(ev3_input_iic.o)
                0x00013e98                exitEV3IICInput
                0x00013f78                startPollingFromIIC
                0x00014004                readFromIICSharedMemory
                0x00013fb4                initIICPort
                0x00013edc                writeToIIC
                0x00014070                readFromIIC
                0x000140c4                initEV3IICInput
 .text          0x00014150       0xfc /usr/local/EV3-API-master/libev3api.a(ev3_input_analog.o)
                0x000141c4                initEV3AnalogInput
                0x00014180                exitEV3AnalogInput
                0x00014168                readOldDumbSensor
                0x00014150                readNewDumbSensor
 .text          0x0001424c      0x114 /usr/local/CodeSourcery/arm-2009q1/bin/../lib/gcc/arm-none-linux-gnueabi/4.3.3/armv4t/libgcc.a(_udivsi3.o)
                0x0001424c                __udivsi3
                0x0001424c                __aeabi_uidiv
                0x00014340                __aeabi_uidivmod
 .text          0x00014360      0x148 /usr/local/CodeSourcery/arm-2009q1/bin/../lib/gcc/arm-none-linux-gnueabi/4.3.3/armv4t/libgcc.a(_divsi3.o)
                0x00014360                __divsi3
                0x00014488                __aeabi_idivmod
                0x00014360                __aeabi_idiv
 .text          0x000144a8      0x41c /usr/local/CodeSourcery/arm-2009q1/bin/../lib/gcc/arm-none-linux-gnueabi/4.3.3/armv4t/libgcc.a(_arm_addsubdf3.o)
                0x00014850                __floatundidf
                0x000147e8                __floatsidf
                0x000147c4                __aeabi_ui2d
                0x000147e8                __aeabi_i2d
                0x000147c4                __floatunsidf
                0x000144b0                __subdf3
                0x00014864                __floatdidf
                0x000144b4                __adddf3
                0x00014864                __aeabi_l2d
                0x00014810                __aeabi_f2d
                0x00014850                __aeabi_ul2d
                0x000144a8                __aeabi_drsub
                0x00014810                __extendsfdf2
                0x000144b4                __aeabi_dadd
                0x000144b0                __aeabi_dsub
 .text          0x000148c4      0x49c /usr/local/CodeSourcery/arm-2009q1/bin/../lib/gcc/arm-none-linux-gnueabi/4.3.3/armv4t/libgcc.a(_arm_muldivdf3.o)
                0x000148c4                __muldf3
                0x00014b54                __divdf3
                0x000148c4                __aeabi_dmul
                0x00014b54                __aeabi_ddiv
 .text          0x00014d60      0x144 /usr/local/CodeSourcery/arm-2009q1/bin/../lib/gcc/arm-none-linux-gnueabi/4.3.3/armv4t/libgcc.a(_arm_cmpdf2.o)
                0x00014d60                __gtdf2
                0x00014d68                __ltdf2
                0x00014e14                __aeabi_cdcmple
                0x00014d60                __gedf2
                0x00014e8c                __aeabi_dcmpgt
                0x00014d68                __ledf2
                0x00014e14                __aeabi_cdcmpeq
                0x00014e2c                __aeabi_dcmpeq
                0x00014e5c                __aeabi_dcmple
                0x00014e74                __aeabi_dcmpge
                0x00014d70                __cmpdf2
                0x00014e44                __aeabi_dcmplt
                0x00014d70                __nedf2
                0x00014df8                __aeabi_cdrcmple
                0x00014d70                __eqdf2
 .text          0x00014ea4       0x5c /usr/local/CodeSourcery/arm-2009q1/bin/../lib/gcc/arm-none-linux-gnueabi/4.3.3/armv4t/libgcc.a(_arm_fixdfsi.o)
                0x00014ea4                __fixdfsi
                0x00014ea4                __aeabi_d2iz
 .text          0x00014f00       0xa0 /usr/local/CodeSourcery/arm-2009q1/bin/../lib/gcc/arm-none-linux-gnueabi/4.3.3/armv4t/libgcc.a(_arm_truncdfsf2.o)
                0x00014f00                __aeabi_d2f
                0x00014f00                __truncdfsf2
 .text          0x00014fa0      0x114 /usr/local/CodeSourcery/arm-2009q1/bin/../lib/gcc/arm-none-linux-gnueabi/4.3.3/armv4t/libgcc.a(_arm_cmpsf2.o)
                0x00014fa0                __gesf2
                0x00015084                __aeabi_fcmpge
                0x00015024                __aeabi_cfcmple
                0x00014fb0                __cmpsf2
                0x00015014                __aeabi_cfrcmple
                0x00015024                __aeabi_cfcmpeq
                0x00014fa8                __lesf2
                0x00014fa8                __ltsf2
                0x00014fa0                __gtsf2
                0x00015054                __aeabi_fcmplt
                0x00014fb0                __eqsf2
                0x0001503c                __aeabi_fcmpeq
                0x00014fb0                __nesf2
                0x0001506c                __aeabi_fcmple
                0x0001509c                __aeabi_fcmpgt
 .text          0x000150b4       0x3c /usr/local/CodeSourcery/arm-2009q1/bin/../lib/gcc/arm-none-linux-gnueabi/4.3.3/armv4t/libgcc.a(_aeabi_uldivmod.o)
                0x000150b4                __aeabi_uldivmod
 .text          0x000150f0       0x14 /usr/local/CodeSourcery/arm-2009q1/bin/../lib/gcc/arm-none-linux-gnueabi/4.3.3/armv4t/libgcc.a(_dvmd_lnx.o)
                0x000150f0                __aeabi_idiv0
                0x000150f0                __aeabi_ldiv0
 .text          0x00015104       0x80 /usr/local/CodeSourcery/arm-2009q1/bin/../lib/gcc/arm-none-linux-gnueabi/4.3.3/armv4t/libgcc.a(bpabi.o)
                0x00015144                __gnu_ldivmod_helper
                0x00015104                __gnu_uldivmod_helper
 .text          0x00015184      0x5a4 /usr/local/CodeSourcery/arm-2009q1/bin/../lib/gcc/arm-none-linux-gnueabi/4.3.3/armv4t/libgcc.a(_divdi3.o)
                0x00015184                __divdi3
 .text          0x00015728      0x52c /usr/local/CodeSourcery/arm-2009q1/bin/../lib/gcc/arm-none-linux-gnueabi/4.3.3/armv4t/libgcc.a(_udivdi3.o)
                0x00015728                __udivdi3
 .text          0x00015c54       0x78 /usr/local/CodeSourcery/arm-2009q1/bin/../arm-none-linux-gnueabi/libc/armv4t/usr/lib/libc_nonshared.a(elf-init.oS)
                0x00015c54                __libc_csu_fini
                0x00015c58                __libc_csu_init
 .text          0x00015ccc       0x1c /usr/local/CodeSourcery/arm-2009q1/bin/../arm-none-linux-gnueabi/libc/armv4t/usr/lib/libc_nonshared.a(stat.oS)
                0x00015ccc                __stat
                0x00015ccc                stat
 *(.gnu.warning)
 *(.glue_7t)
 .glue_7t       0x00000000        0x0 linker stubs
 *(.glue_7)
 .glue_7        0x00000000        0x0 linker stubs
 *(.vfp11_veneer)
 .vfp11_veneer  0x00000000        0x0 linker stubs
 *(.v4_bx)
 .v4_bx         0x00000000        0x0 linker stubs

.fini           0x00015ce8        0xc
 *(.fini)
 .fini          0x00015ce8        0x4 /usr/local/CodeSourcery/arm-2009q1/bin/../arm-none-linux-gnueabi/libc/armv4t/usr/lib/crti.o
                0x00015ce8                _fini
 .fini          0x00015cec        0x8 /usr/local/CodeSourcery/arm-2009q1/bin/../arm-none-linux-gnueabi/libc/armv4t/usr/lib/crtn.o
                0x00015cf4                PROVIDE (__etext, .)
                0x00015cf4                PROVIDE (_etext, .)
                0x00015cf4                PROVIDE (etext, .)

.rodata         0x00015cf4     0x11ba
 *(.rodata .rodata.* .gnu.linkonce.r.*)
 .rodata        0x00015cf4       0x50 ./src/RobotEV3.o
 .rodata        0x00015d44      0x100 /usr/local/EV3-API-master/libev3api.a(ev3_lcd.o)
 .rodata.str1.1
                0x00015e44       0xbf /usr/local/EV3-API-master/libev3api.a(ev3_lcd.o)
                                 0xc1 (size before relaxing)
 .rodata.str1.1
                0x00015f03       0x22 /usr/local/EV3-API-master/libev3api.a(ev3_output.o)
 *fill*         0x00015f25        0x1 00
 .rodata        0x00015f26       0xd2 /usr/local/EV3-API-master/libev3api.a(ev3_sound.o)
                0x00015f26                StepSizeTable
                0x00015fd8                IndexTable
 .rodata.str1.1
                0x00015ff8       0x19 /usr/local/EV3-API-master/libev3api.a(ev3_sound.o)
 .rodata.str1.1
                0x00016011       0x65 /usr/local/EV3-API-master/libev3api.a(ev3_bluetooth.o)
                                 0x67 (size before relaxing)
 .rodata.str1.1
                0x00016076      0xa79 /usr/local/EV3-API-master/libev3api.a(bluetooth.o)
 .rodata.str1.1
                0x00016aef       0xcb /usr/local/EV3-API-master/libev3api.a(ev3_button.core.o)
 *fill*         0x00016bba        0x2 00
 .rodata        0x00016bbc       0x10 /usr/local/EV3-API-master/libev3api.a(ev3_timer.o)
 .rodata.str1.1
                0x00016bcc      0x1b1 /usr/local/EV3-API-master/libev3api.a(ev3_timer.o)
 .rodata.str1.1
                0x00016d7d        0x6 /usr/local/EV3-API-master/libev3api.a(ev3_button.o)
 .rodata.str1.1
                0x00016d83        0xe /usr/local/EV3-API-master/libev3api.a(ev3_input_uart.o)
 .rodata.str1.1
                0x00016d91        0xd /usr/local/EV3-API-master/libev3api.a(ev3_input_iic.o)
 .rodata.str1.1
                0x00016d9e       0x10 /usr/local/EV3-API-master/libev3api.a(ev3_input_analog.o)
 .rodata        0x00016dae      0x100 /usr/local/CodeSourcery/arm-2009q1/bin/../lib/gcc/arm-none-linux-gnueabi/4.3.3/armv4t/libgcc.a(_clz.o)
                0x00016dae                __clz_tab

.rodata1
 *(.rodata1)

.ARM.extab      0x00016eb0      0x1e0
 *(.ARM.extab* .gnu.linkonce.armextab.*)
 .ARM.extab.text.roundNo
                0x00016eb0        0xc ./src/RobotEV3.o
 .ARM.extab.text.bfs
                0x00016ebc        0xc ./src/RobotEV3.o
 .ARM.extab.text.check_box
                0x00016ec8        0xc ./src/RobotEV3.o
 .ARM.extab.text.turn_right
                0x00016ed4        0xc ./src/RobotEV3.o
 .ARM.extab.text.turn_left
                0x00016ee0        0xc ./src/RobotEV3.o
 .ARM.extab.text.calc_rotations
                0x00016eec        0xc ./src/RobotEV3.o
 .ARM.extab.text.forward
                0x00016ef8        0xc ./src/RobotEV3.o
 .ARM.extab.text.main
                0x00016f04        0xc ./src/RobotEV3.o
 .ARM.extab     0x00016f10       0x78 /usr/local/EV3-API-master/libev3api.a(ev3_lcd.o)
 .ARM.extab     0x00016f88       0x90 /usr/local/EV3-API-master/libev3api.a(ev3_output.o)
 .ARM.extab     0x00017018       0x18 /usr/local/EV3-API-master/libev3api.a(ev3_sound.o)
 .ARM.extab     0x00017030        0xc /usr/local/EV3-API-master/libev3api.a(ev3_bluetooth.o)
 .ARM.extab     0x0001703c       0x3c /usr/local/EV3-API-master/libev3api.a(bluetooth.o)
 .ARM.extab     0x00017078       0x18 /usr/local/EV3-API-master/libev3api.a(ev3_button.nxc.o)
                0x00017090                __exidx_start = .

.ARM.exidx      0x00017090      0x820
 *(.ARM.exidx* .gnu.linkonce.armexidx.*)
 .ARM.exidx     0x000170a0        0x0 /usr/local/CodeSourcery/arm-2009q1/bin/../arm-none-linux-gnueabi/libc/armv4t/usr/lib/crt1.o
                                  0x8 (size before relaxing)
 .ARM.exidx     0x000170a0        0x8 /usr/local/CodeSourcery/arm-2009q1/bin/../arm-none-linux-gnueabi/libc/armv4t/usr/lib/crti.o
 .ARM.exidx     0x000170a8       0x10 /usr/local/CodeSourcery/arm-2009q1/bin/../lib/gcc/arm-none-linux-gnueabi/4.3.3/armv4t/crtbegin.o
 .ARM.exidx.text.is_unseen
                0x000170b8        0x8 ./src/RobotEV3.o
 .ARM.exidx.text.roundNo
                0x000170c0        0x8 ./src/RobotEV3.o
 .ARM.exidx.text.bfs
                0x000170c8        0x8 ./src/RobotEV3.o
 .ARM.exidx.text.get_commands
                0x000170d0        0x8 ./src/RobotEV3.o
 .ARM.exidx.text.check_box
                0x000170d8        0x8 ./src/RobotEV3.o
 .ARM.exidx.text.turn_right
                0x000170e0        0x8 ./src/RobotEV3.o
 .ARM.exidx.text.turn_left
                0x000170e8        0x8 ./src/RobotEV3.o
 .ARM.exidx.text.calc_rotations
                0x000170f0        0x8 ./src/RobotEV3.o
 .ARM.exidx.text.forward
                0x000170f8        0x8 ./src/RobotEV3.o
 .ARM.exidx.text.main
                0x00017100        0x8 ./src/RobotEV3.o
 .ARM.exidx     0x00017108      0x1d8 /usr/local/EV3-API-master/libev3api.a(ev3_lcd.o)
                                0x270 (size before relaxing)
 .ARM.exidx     0x000172e0       0x10 /usr/local/EV3-API-master/libev3api.a(ev3.o)
                                 0x18 (size before relaxing)
 .ARM.exidx     0x000172f0      0x178 /usr/local/EV3-API-master/libev3api.a(ev3_output.o)
                                0x210 (size before relaxing)
 .ARM.exidx     0x00017468       0xa8 /usr/local/EV3-API-master/libev3api.a(ev3_sound.o)
                                 0xd8 (size before relaxing)
 .ARM.exidx     0x00017510       0x40 /usr/local/EV3-API-master/libev3api.a(ev3_bluetooth.o)
                                 0x48 (size before relaxing)
 .ARM.exidx     0x00017550       0x38 /usr/local/EV3-API-master/libev3api.a(ev3_button.lejos.o)
                                 0x68 (size before relaxing)
 .ARM.exidx     0x00017588       0x10 /usr/local/EV3-API-master/libev3api.a(ev3_input.o)
 .ARM.exidx     0x00017598       0x30 /usr/local/EV3-API-master/libev3api.a(ev3_sensors.o)
 .ARM.exidx     0x000175c8       0x50 /usr/local/EV3-API-master/libev3api.a(bluetooth.o)
                                 0x78 (size before relaxing)
 .ARM.exidx     0x00017618       0x20 /usr/local/EV3-API-master/libev3api.a(ev3_button.core.o)
                                 0x38 (size before relaxing)
 .ARM.exidx     0x00017638        0x8 /usr/local/EV3-API-master/libev3api.a(ev3_command.o)
 .ARM.exidx     0x00017640       0x38 /usr/local/EV3-API-master/libev3api.a(ev3_timer.o)
 .ARM.exidx     0x00017678       0x18 /usr/local/EV3-API-master/libev3api.a(ev3_button.o)
                                 0x28 (size before relaxing)
 .ARM.exidx     0x00017690       0x20 /usr/local/EV3-API-master/libev3api.a(ev3_button.led.o)
                                 0x40 (size before relaxing)
 .ARM.exidx     0x000176b0       0x80 /usr/local/EV3-API-master/libev3api.a(ev3_button.nxc.o)
                                 0xe0 (size before relaxing)
 .ARM.exidx     0x00017730       0x50 /usr/local/EV3-API-master/libev3api.a(ev3_array.o)
                                 0x58 (size before relaxing)
 .ARM.exidx     0x00017780       0x70 /usr/local/EV3-API-master/libev3api.a(ev3_timer.ts.o)
                                 0x90 (size before relaxing)
 .ARM.exidx     0x000177f0       0x30 /usr/local/EV3-API-master/libev3api.a(ev3_input_uart.o)
                                 0x38 (size before relaxing)
 .ARM.exidx     0x00017820       0x30 /usr/local/EV3-API-master/libev3api.a(ev3_input_iic.o)
                                 0x38 (size before relaxing)
 .ARM.exidx     0x00017850       0x20 /usr/local/EV3-API-master/libev3api.a(ev3_input_analog.o)
 .ARM.exidx     0x00017870        0x8 /usr/local/CodeSourcery/arm-2009q1/bin/../lib/gcc/arm-none-linux-gnueabi/4.3.3/armv4t/libgcc.a(bpabi.o)
                                 0x10 (size before relaxing)
 .ARM.exidx     0x00017878        0x8 /usr/local/CodeSourcery/arm-2009q1/bin/../lib/gcc/arm-none-linux-gnueabi/4.3.3/armv4t/libgcc.a(_divdi3.o)
 .ARM.exidx     0x00017880        0x0 /usr/local/CodeSourcery/arm-2009q1/bin/../lib/gcc/arm-none-linux-gnueabi/4.3.3/armv4t/libgcc.a(_udivdi3.o)
                                  0x8 (size before relaxing)
 .ARM.exidx     0x00017880       0x10 /usr/local/CodeSourcery/arm-2009q1/bin/../arm-none-linux-gnueabi/libc/armv4t/usr/lib/libc_nonshared.a(elf-init.oS)
 .ARM.exidx     0x00017890       0x10 /usr/local/CodeSourcery/arm-2009q1/bin/../arm-none-linux-gnueabi/libc/armv4t/usr/lib/libc_nonshared.a(stat.oS)
                                  0x8 (size before relaxing)
 .ARM.exidx.init
                0x00017090       0x10 /usr/local/CodeSourcery/arm-2009q1/bin/../arm-none-linux-gnueabi/libc/armv4t/usr/lib/crtn.o
                                  0x8 (size before relaxing)
 .ARM.exidx.fini
                0x000178a0       0x10 /usr/local/CodeSourcery/arm-2009q1/bin/../arm-none-linux-gnueabi/libc/armv4t/usr/lib/crtn.o
                                  0x8 (size before relaxing)
                0x000178b0                __exidx_end = .

.eh_frame_hdr
 *(.eh_frame_hdr)

.eh_frame       0x000178b0        0x4
 *(.eh_frame)
 .eh_frame      0x000178b0        0x4 /usr/local/CodeSourcery/arm-2009q1/bin/../lib/gcc/arm-none-linux-gnueabi/4.3.3/armv4t/crtend.o

.gcc_except_table
 *(.gcc_except_table .gcc_except_table.*)
                0x000178b4                . = (ALIGN (0x8000) - ((0x8000 - .) & 0x7fff))
                0x00018000                . = (0x8000 DATA_SEGMENT_ALIGN 0x1000)

.eh_frame
 *(.eh_frame)

.gcc_except_table
 *(.gcc_except_table .gcc_except_table.*)

.tdata
 *(.tdata .tdata.* .gnu.linkonce.td.*)

.tbss
 *(.tbss .tbss.* .gnu.linkonce.tb.*)
 *(.tcommon)

.preinit_array  0x00018000        0x0
                0x00018000                PROVIDE (__preinit_array_start, .)
 *(.preinit_array)
                0x00018000                PROVIDE (__preinit_array_end, .)

.init_array     0x00018000        0x8
                0x00018000                PROVIDE (__init_array_start, .)
 *(SORT(.init_array.*))
 *(.init_array)
 .init_array    0x00018000        0x4 /usr/local/CodeSourcery/arm-2009q1/bin/../lib/gcc/arm-none-linux-gnueabi/4.3.3/armv4t/crtbegin.o
 .init_array    0x00018004        0x4 /usr/local/EV3-API-master/libev3api.a(ev3.o)
                0x00018008                PROVIDE (__init_array_end, .)

.fini_array     0x00018008        0x8
                0x00018008                PROVIDE (__fini_array_start, .)
 *(.fini_array)
 .fini_array    0x00018008        0x4 /usr/local/CodeSourcery/arm-2009q1/bin/../lib/gcc/arm-none-linux-gnueabi/4.3.3/armv4t/crtbegin.o
 .fini_array    0x0001800c        0x4 /usr/local/EV3-API-master/libev3api.a(ev3.o)
 *(SORT(.fini_array.*))
                0x00018010                PROVIDE (__fini_array_end, .)

.ctors
 *crtbegin.o(.ctors)
 *crtbegin?.o(.ctors)
 *(EXCLUDE_FILE(*crtend?.o *crtend.o) .ctors)
 *(SORT(.ctors.*))
 *(.ctors)

.dtors
 *crtbegin.o(.dtors)
 *crtbegin?.o(.dtors)
 *(EXCLUDE_FILE(*crtend?.o *crtend.o) .dtors)
 *(SORT(.dtors.*))
 *(.dtors)

.jcr            0x00018010        0x4
 *(.jcr)
 .jcr           0x00018010        0x0 /usr/local/CodeSourcery/arm-2009q1/bin/../lib/gcc/arm-none-linux-gnueabi/4.3.3/armv4t/crtbegin.o
 .jcr           0x00018010        0x4 /usr/local/CodeSourcery/arm-2009q1/bin/../lib/gcc/arm-none-linux-gnueabi/4.3.3/armv4t/crtend.o

.data.rel.ro
 *(.data.rel.ro.local* .gnu.linkonce.d.rel.ro.local.*)
 *(.data.rel.ro* .gnu.linkonce.d.rel.ro.*)

.dynamic        0x00018014      0x100
 *(.dynamic)
 .dynamic       0x00018014      0x100 /usr/local/CodeSourcery/arm-2009q1/bin/../arm-none-linux-gnueabi/libc/armv4t/usr/lib/crti.o
                0x00018014                _DYNAMIC
                0x00018114                . = (. DATA_SEGMENT_RELRO_END 0x0)

.got            0x00018114      0x13c
 *(.got.plt)
 .got.plt       0x00018114      0x134 /usr/local/CodeSourcery/arm-2009q1/bin/../arm-none-linux-gnueabi/libc/armv4t/usr/lib/crti.o
                0x00018114                _GLOBAL_OFFSET_TABLE_
 *(.got)
 .got           0x00018248        0x8 /usr/local/CodeSourcery/arm-2009q1/bin/../arm-none-linux-gnueabi/libc/armv4t/usr/lib/crti.o

.data           0x00018250     0x2720
                0x00018250                __data_start = .
 *(.data .data.* .gnu.linkonce.d.*)
 .data.num_obstacles
                0x00018250        0x4 ./src/RobotEV3.o
                0x00018250                num_obstacles
 *fill*         0x00018254        0x4 00
 .data.obstacle
                0x00018258      0x190 ./src/RobotEV3.o
                0x00018258                obstacle
 .data.start    0x000183e8       0x10 ./src/RobotEV3.o
                0x000183e8                start
 .data.goal     0x000183f8       0x10 ./src/RobotEV3.o
                0x000183f8                goal
 .data          0x00018408     0x2530 /usr/local/EV3-API-master/libev3api.a(ev3_lcd.o)
                0x00018574                PixelTab
                0x00018474                UnPixelTab
                0x00018438                IconInfo
                0x00018408                FontInfo
                0x0001857c                Masks
 .data          0x0001a938        0x4 /usr/local/EV3-API-master/libev3api.a(ev3_bluetooth.o)
 .data          0x0001a93c       0x34 /usr/local/EV3-API-master/libev3api.a(ev3_button.core.o)

.data1
 *(.data1)
                0x0001a970                _edata = .
                0x0001a970                PROVIDE (edata, .)
                0x0001a970                __bss_start = .
                0x0001a970                __bss_start__ = .

.bss            0x0001a970     0x2ecc
 *(.dynbss)
 .dynbss        0x00000000        0x0 /usr/local/CodeSourcery/arm-2009q1/bin/../arm-none-linux-gnueabi/libc/armv4t/usr/lib/crti.o
 *(.bss .bss.* .gnu.linkonce.b.*)
 .bss           0x0001a970        0x1 /usr/local/CodeSourcery/arm-2009q1/bin/../lib/gcc/arm-none-linux-gnueabi/4.3.3/armv4t/crtbegin.o
 *fill*         0x0001a971        0x1 00
 .bss           0x0001a972        0xc /usr/local/EV3-API-master/libev3api.a(ev3_lcd.o)
 .bss           0x0001a97e        0x1 /usr/local/EV3-API-master/libev3api.a(ev3.o)
 *fill*         0x0001a97f        0x1 00
 .bss           0x0001a980       0x20 /usr/local/EV3-API-master/libev3api.a(ev3_bluetooth.o)
 .bss           0x0001a9a0        0x1 /usr/local/EV3-API-master/libev3api.a(ev3_input.o)
 *fill*         0x0001a9a1        0x3 00
 .bss           0x0001a9a4       0x10 /usr/local/EV3-API-master/libev3api.a(ev3_sensors.o)
 *fill*         0x0001a9b4        0x4 00
 .bss           0x0001a9b8      0x118 /usr/local/EV3-API-master/libev3api.a(ev3_timer.o)
                0x0001a9b8                tcb
 .bss           0x0001aad0       0x20 /usr/local/EV3-API-master/libev3api.a(ev3_button.led.o)
 .bss           0x0001aaf0       0xd4 /usr/local/EV3-API-master/libev3api.a(ev3_button.nxc.o)
 .bss           0x0001abc4        0xc /usr/local/EV3-API-master/libev3api.a(ev3_input_uart.o)
 .bss           0x0001abd0       0x68 /usr/local/EV3-API-master/libev3api.a(ev3_input_iic.o)
 .bss           0x0001ac38        0xc /usr/local/EV3-API-master/libev3api.a(ev3_input_analog.o)
 *(COMMON)
 COMMON         0x0001ac44     0x2998 /usr/local/EV3-API-master/libev3api.a(ev3_lcd.o)
                0x0001ac44                LCDInstance
                0x0001b7dc                hwBuffer
 COMMON         0x0001d5dc       0x48 /usr/local/EV3-API-master/libev3api.a(ev3_output.o)
                0x0001d5dc                OutputInstance
 *fill*         0x0001d624        0x4 00
 COMMON         0x0001d628      0x208 /usr/local/EV3-API-master/libev3api.a(ev3_sound.o)
                0x0001d628                SoundInstance
 COMMON         0x0001d830        0xc /usr/local/EV3-API-master/libev3api.a(ev3_input.o)
                0x0001d830                devCon
                0x0001d83c                . = ALIGN ((. != 0x0)?0x4:0x1)
                0x0001d83c                _bss_end__ = .
                0x0001d83c                __bss_end__ = .
                0x0001d83c                . = ALIGN (0x4)
                0x0001d83c                . = ALIGN (0x4)
                0x0001d83c                __end__ = .
                0x0001d83c                _end = .
                0x0001d83c                PROVIDE (end, .)
                0x0001d83c                . = DATA_SEGMENT_END (.)

.stab
 *(.stab)

.stabstr
 *(.stabstr)

.stab.excl
 *(.stab.excl)

.stab.exclstr
 *(.stab.exclstr)

.stab.index
 *(.stab.index)

.stab.indexstr
 *(.stab.indexstr)

.ARM.attributes
                0x00000000       0x2d
 .ARM.attributes
                0x00000000       0x26 /usr/local/CodeSourcery/arm-2009q1/bin/../arm-none-linux-gnueabi/libc/armv4t/usr/lib/crt1.o
 .ARM.attributes
                0x00000026       0x2a /usr/local/CodeSourcery/arm-2009q1/bin/../arm-none-linux-gnueabi/libc/armv4t/usr/lib/crti.o
 .ARM.attributes
                0x00000050       0x2a /usr/local/CodeSourcery/arm-2009q1/bin/../lib/gcc/arm-none-linux-gnueabi/4.3.3/armv4t/crtbegin.o
 .ARM.attributes
                0x0000007a       0x2c ./src/RobotEV3.o
 .ARM.attributes
                0x000000a6       0x31 /usr/local/EV3-API-master/libev3api.a(ev3_lcd.o)
 .ARM.attributes
                0x000000d7       0x31 /usr/local/EV3-API-master/libev3api.a(ev3.o)
 .ARM.attributes
                0x00000108       0x31 /usr/local/EV3-API-master/libev3api.a(ev3_output.o)
 .ARM.attributes
                0x00000139       0x31 /usr/local/EV3-API-master/libev3api.a(ev3_sound.o)
 .ARM.attributes
                0x0000016a       0x31 /usr/local/EV3-API-master/libev3api.a(ev3_bluetooth.o)
 .ARM.attributes
                0x0000019b       0x31 /usr/local/EV3-API-master/libev3api.a(ev3_button.lejos.o)
 .ARM.attributes
                0x000001cc       0x31 /usr/local/EV3-API-master/libev3api.a(ev3_input.o)
 .ARM.attributes
                0x000001fd       0x31 /usr/local/EV3-API-master/libev3api.a(ev3_sensors.o)
 .ARM.attributes
                0x0000022e       0x31 /usr/local/EV3-API-master/libev3api.a(bluetooth.o)
 .ARM.attributes
                0x0000025f       0x31 /usr/local/EV3-API-master/libev3api.a(ev3_button.core.o)
 .ARM.attributes
                0x00000290       0x31 /usr/local/EV3-API-master/libev3api.a(ev3_command.o)
 .ARM.attributes
                0x000002c1       0x31 /usr/local/EV3-API-master/libev3api.a(ev3_timer.o)
 .ARM.attributes
                0x000002f2       0x31 /usr/local/EV3-API-master/libev3api.a(ev3_button.o)
 .ARM.attributes
                0x00000323       0x31 /usr/local/EV3-API-master/libev3api.a(ev3_button.led.o)
 .ARM.attributes
                0x00000354       0x31 /usr/local/EV3-API-master/libev3api.a(ev3_button.nxc.o)
 .ARM.attributes
                0x00000385       0x31 /usr/local/EV3-API-master/libev3api.a(ev3_array.o)
 .ARM.attributes
                0x000003b6       0x31 /usr/local/EV3-API-master/libev3api.a(ev3_timer.ts.o)
 .ARM.attributes
                0x000003e7       0x31 /usr/local/EV3-API-master/libev3api.a(ev3_input_uart.o)
 .ARM.attributes
                0x00000418       0x31 /usr/local/EV3-API-master/libev3api.a(ev3_input_iic.o)
 .ARM.attributes
                0x00000449       0x31 /usr/local/EV3-API-master/libev3api.a(ev3_input_analog.o)
 .ARM.attributes
                0x0000047a       0x1a /usr/local/CodeSourcery/arm-2009q1/bin/../lib/gcc/arm-none-linux-gnueabi/4.3.3/armv4t/libgcc.a(_udivsi3.o)
 .ARM.attributes
                0x00000494       0x1a /usr/local/CodeSourcery/arm-2009q1/bin/../lib/gcc/arm-none-linux-gnueabi/4.3.3/armv4t/libgcc.a(_divsi3.o)
 .ARM.attributes
                0x000004ae       0x1a /usr/local/CodeSourcery/arm-2009q1/bin/../lib/gcc/arm-none-linux-gnueabi/4.3.3/armv4t/libgcc.a(_arm_addsubdf3.o)
 .ARM.attributes
                0x000004c8       0x1a /usr/local/CodeSourcery/arm-2009q1/bin/../lib/gcc/arm-none-linux-gnueabi/4.3.3/armv4t/libgcc.a(_arm_muldivdf3.o)
 .ARM.attributes
                0x000004e2       0x1a /usr/local/CodeSourcery/arm-2009q1/bin/../lib/gcc/arm-none-linux-gnueabi/4.3.3/armv4t/libgcc.a(_arm_cmpdf2.o)
 .ARM.attributes
                0x000004fc       0x1a /usr/local/CodeSourcery/arm-2009q1/bin/../lib/gcc/arm-none-linux-gnueabi/4.3.3/armv4t/libgcc.a(_arm_fixdfsi.o)
 .ARM.attributes
                0x00000516       0x1a /usr/local/CodeSourcery/arm-2009q1/bin/../lib/gcc/arm-none-linux-gnueabi/4.3.3/armv4t/libgcc.a(_arm_truncdfsf2.o)
 .ARM.attributes
                0x00000530       0x1a /usr/local/CodeSourcery/arm-2009q1/bin/../lib/gcc/arm-none-linux-gnueabi/4.3.3/armv4t/libgcc.a(_arm_cmpsf2.o)
 .ARM.attributes
                0x0000054a       0x1a /usr/local/CodeSourcery/arm-2009q1/bin/../lib/gcc/arm-none-linux-gnueabi/4.3.3/armv4t/libgcc.a(_aeabi_uldivmod.o)
 .ARM.attributes
                0x00000564       0x1a /usr/local/CodeSourcery/arm-2009q1/bin/../lib/gcc/arm-none-linux-gnueabi/4.3.3/armv4t/libgcc.a(_dvmd_lnx.o)
 .ARM.attributes
                0x0000057e       0x2a /usr/local/CodeSourcery/arm-2009q1/bin/../lib/gcc/arm-none-linux-gnueabi/4.3.3/armv4t/libgcc.a(bpabi.o)
 .ARM.attributes
                0x000005a8       0x2a /usr/local/CodeSourcery/arm-2009q1/bin/../lib/gcc/arm-none-linux-gnueabi/4.3.3/armv4t/libgcc.a(_divdi3.o)
 .ARM.attributes
                0x000005d2       0x2a /usr/local/CodeSourcery/arm-2009q1/bin/../lib/gcc/arm-none-linux-gnueabi/4.3.3/armv4t/libgcc.a(_udivdi3.o)
 .ARM.attributes
                0x000005fc       0x2a /usr/local/CodeSourcery/arm-2009q1/bin/../lib/gcc/arm-none-linux-gnueabi/4.3.3/armv4t/libgcc.a(_clz.o)
 .ARM.attributes
                0x00000626       0x2a /usr/local/CodeSourcery/arm-2009q1/bin/../arm-none-linux-gnueabi/libc/armv4t/usr/lib/libc_nonshared.a(elf-init.oS)
 .ARM.attributes
                0x00000650       0x2a /usr/local/CodeSourcery/arm-2009q1/bin/../arm-none-linux-gnueabi/libc/armv4t/usr/lib/libc_nonshared.a(stat.oS)
 .ARM.attributes
                0x0000067a       0x2a /usr/local/CodeSourcery/arm-2009q1/bin/../lib/gcc/arm-none-linux-gnueabi/4.3.3/armv4t/crtend.o
 .ARM.attributes
                0x000006a4       0x2a /usr/local/CodeSourcery/arm-2009q1/bin/../arm-none-linux-gnueabi/libc/armv4t/usr/lib/crtn.o

.comment        0x00000000      0x387
 *(.comment)
 .comment       0x00000000       0x2b ./src/RobotEV3.o
 .comment       0x0000002b       0x2b /usr/local/EV3-API-master/libev3api.a(ev3_lcd.o)
 .comment       0x00000056       0x2b /usr/local/EV3-API-master/libev3api.a(ev3.o)
 .comment       0x00000081       0x2b /usr/local/EV3-API-master/libev3api.a(ev3_output.o)
 .comment       0x000000ac       0x2b /usr/local/EV3-API-master/libev3api.a(ev3_sound.o)
 .comment       0x000000d7       0x2b /usr/local/EV3-API-master/libev3api.a(ev3_bluetooth.o)
 .comment       0x00000102       0x2b /usr/local/EV3-API-master/libev3api.a(ev3_button.lejos.o)
 .comment       0x0000012d       0x2b /usr/local/EV3-API-master/libev3api.a(ev3_input.o)
 .comment       0x00000158       0x2b /usr/local/EV3-API-master/libev3api.a(ev3_sensors.o)
 .comment       0x00000183       0x2b /usr/local/EV3-API-master/libev3api.a(bluetooth.o)
 .comment       0x000001ae       0x2b /usr/local/EV3-API-master/libev3api.a(ev3_button.core.o)
 .comment       0x000001d9       0x2b /usr/local/EV3-API-master/libev3api.a(ev3_command.o)
 .comment       0x00000204       0x2b /usr/local/EV3-API-master/libev3api.a(ev3_timer.o)
 .comment       0x0000022f       0x2b /usr/local/EV3-API-master/libev3api.a(ev3_button.o)
 .comment       0x0000025a       0x2b /usr/local/EV3-API-master/libev3api.a(ev3_button.led.o)
 .comment       0x00000285       0x2b /usr/local/EV3-API-master/libev3api.a(ev3_button.nxc.o)
 .comment       0x000002b0       0x2b /usr/local/EV3-API-master/libev3api.a(ev3_array.o)
 .comment       0x000002db       0x2b /usr/local/EV3-API-master/libev3api.a(ev3_timer.ts.o)
 .comment       0x00000306       0x2b /usr/local/EV3-API-master/libev3api.a(ev3_input_uart.o)
 .comment       0x00000331       0x2b /usr/local/EV3-API-master/libev3api.a(ev3_input_iic.o)
 .comment       0x0000035c       0x2b /usr/local/EV3-API-master/libev3api.a(ev3_input_analog.o)

.debug
 *(.debug)

.line
 *(.line)

.debug_srcinfo
 *(.debug_srcinfo)

.debug_sfnames
 *(.debug_sfnames)

.debug_aranges
 *(.debug_aranges)

.debug_pubnames
 *(.debug_pubnames)

.debug_info
 *(.debug_info .gnu.linkonce.wi.*)

.debug_abbrev
 *(.debug_abbrev)

.debug_line
 *(.debug_line)

.debug_frame
 *(.debug_frame)

.debug_str
 *(.debug_str)

.debug_loc
 *(.debug_loc)

.debug_macinfo
 *(.debug_macinfo)

.debug_weaknames
 *(.debug_weaknames)

.debug_funcnames
 *(.debug_funcnames)

.debug_typenames
 *(.debug_typenames)

.debug_varnames
 *(.debug_varnames)

.debug_pubtypes
 *(.debug_pubtypes)

.debug_ranges
 *(.debug_ranges)

.gnu.attributes
 *(.gnu.attributes)

.note.gnu.arm.ident
 *(.note.gnu.arm.ident)

/DISCARD/
 *(.note.GNU-stack)
 *(.gnu_debuglink)
OUTPUT(RobotEV3.elf elf32-littlearm)
