Archive member included because of file (symbol)

/usr/local/EV3-API-master/libev3api.a(ev3.o)
                              ./src/RobotEV3.o (FreeEV3)
/usr/local/EV3-API-master/libev3api.a(ev3_output.o)
                              ./src/RobotEV3.o (MotorRotationCount)
/usr/local/EV3-API-master/libev3api.a(ev3_sound.o)
                              /usr/local/EV3-API-master/libev3api.a(ev3.o) (SoundInit)
/usr/local/EV3-API-master/libev3api.a(ev3_bluetooth.o)
                              /usr/local/EV3-API-master/libev3api.a(ev3.o) (BluetoothInit)
/usr/local/EV3-API-master/libev3api.a(ev3_button.lejos.o)
                              ./src/RobotEV3.o (ButtonWaitForPress)
/usr/local/EV3-API-master/libev3api.a(ev3_input.o)
                              /usr/local/EV3-API-master/libev3api.a(ev3.o) (InputExit)
/usr/local/EV3-API-master/libev3api.a(c4ev3_compatibility.o)
                              ./src/RobotEV3.o (ReadSensor)
/usr/local/EV3-API-master/libev3api.a(ev3_color.o)
                              /usr/local/EV3-API-master/libev3api.a(c4ev3_compatibility.o) (ReadEV3ColorSensorColorRGB)
/usr/local/EV3-API-master/libev3api.a(ev3_ultrasonic.o)
                              /usr/local/EV3-API-master/libev3api.a(c4ev3_compatibility.o) (ReadEV3UltrasonicSensorDistance)
/usr/local/EV3-API-master/libev3api.a(ev3_sensors.o)
                              /usr/local/EV3-API-master/libev3api.a(ev3.o) (SensorsInit)
/usr/local/EV3-API-master/libev3api.a(nxt_temperature.o)
                              /usr/local/EV3-API-master/libev3api.a(c4ev3_compatibility.o) (ReadNXTTemperatureSensor)
/usr/local/EV3-API-master/libev3api.a(ev3_touch.o)
                              /usr/local/EV3-API-master/libev3api.a(c4ev3_compatibility.o) (ReadEV3TouchSensor)
/usr/local/EV3-API-master/libev3api.a(ht_compass.o)
                              /usr/local/EV3-API-master/libev3api.a(c4ev3_compatibility.o) (ReadHTCompassSensor)
/usr/local/EV3-API-master/libev3api.a(utility.o)
                              /usr/local/EV3-API-master/libev3api.a(ev3_color.o) (setUARTSensorHandlerMode)
/usr/local/EV3-API-master/libev3api.a(ev3_ir.o)
                              /usr/local/EV3-API-master/libev3api.a(c4ev3_compatibility.o) (ReadEV3IrSensorRemote)
/usr/local/EV3-API-master/libev3api.a(ev3_gyro.o)
                              /usr/local/EV3-API-master/libev3api.a(c4ev3_compatibility.o) (ReadEV3GyroSensorRate)
/usr/local/EV3-API-master/libev3api.a(ht_ir_v2.o)
                              /usr/local/EV3-API-master/libev3api.a(c4ev3_compatibility.o) (ReadHTIrV2Sensor)
/usr/local/EV3-API-master/libev3api.a(nxt_sound.o)
                              /usr/local/EV3-API-master/libev3api.a(nxt_temperature.o) (NXTSound)
/usr/local/EV3-API-master/libev3api.a(bluetooth.o)
                              /usr/local/EV3-API-master/libev3api.a(ev3_bluetooth.o) (bachk)
/usr/local/EV3-API-master/libev3api.a(ev3_button.core.o)
                              /usr/local/EV3-API-master/libev3api.a(ev3_button.lejos.o) (ButtonCoreReadButton)
/usr/local/EV3-API-master/libev3api.a(ev3_command.o)
                              /usr/local/EV3-API-master/libev3api.a(ev3_output.o) (Wait)
/usr/local/EV3-API-master/libev3api.a(ev3_timer.o)
                              /usr/local/EV3-API-master/libev3api.a(ev3.o) (TimerExit)
/usr/local/EV3-API-master/libev3api.a(ev3_button.o)
                              /usr/local/EV3-API-master/libev3api.a(ev3.o) (ButtonLedExit)
/usr/local/EV3-API-master/libev3api.a(ev3_button.led.o)
                              /usr/local/EV3-API-master/libev3api.a(ev3_button.o) (LedInitialized)
/usr/local/EV3-API-master/libev3api.a(ev3_lcd.o)
                              /usr/local/EV3-API-master/libev3api.a(ev3.o) (LcdClean)
/usr/local/EV3-API-master/libev3api.a(ev3_button.nxc.o)
                              /usr/local/EV3-API-master/libev3api.a(ev3_button.o) (ButtonNxcInitialized)
/usr/local/EV3-API-master/libev3api.a(ev3_array.o)
                              /usr/local/EV3-API-master/libev3api.a(ev3_timer.o) (CArrayAccess)
/usr/local/EV3-API-master/libev3api.a(ev3_timer.ts.o)
                              /usr/local/EV3-API-master/libev3api.a(ev3_button.lejos.o) (TimerGetMS)
/usr/local/EV3-API-master/libev3api.a(ev3_input_uart.o)
                              /usr/local/EV3-API-master/libev3api.a(ev3_input.o) (exitEV3UARTInput)
/usr/local/EV3-API-master/libev3api.a(ev3_input_iic.o)
                              /usr/local/EV3-API-master/libev3api.a(ev3_input.o) (exitEV3IICInput)
/usr/local/EV3-API-master/libev3api.a(ev3_input_analog.o)
                              /usr/local/EV3-API-master/libev3api.a(ev3_touch.o) (readNewDumbSensor)
/usr/local/CodeSourcery/arm-2009q1/bin/../lib/gcc/arm-none-linux-gnueabi/4.3.3/armv4t/libgcc.a(_udivsi3.o)
                              /usr/local/EV3-API-master/libev3api.a(ev3_command.o) (__aeabi_uidiv)
/usr/local/CodeSourcery/arm-2009q1/bin/../lib/gcc/arm-none-linux-gnueabi/4.3.3/armv4t/libgcc.a(_divsi3.o)
                              /usr/local/EV3-API-master/libev3api.a(ev3_output.o) (__aeabi_idiv)
/usr/local/CodeSourcery/arm-2009q1/bin/../lib/gcc/arm-none-linux-gnueabi/4.3.3/armv4t/libgcc.a(_arm_addsubdf3.o)
                              /usr/local/EV3-API-master/libev3api.a(nxt_sound.o) (__aeabi_dadd)
/usr/local/CodeSourcery/arm-2009q1/bin/../lib/gcc/arm-none-linux-gnueabi/4.3.3/armv4t/libgcc.a(_arm_muldivdf3.o)
                              /usr/local/EV3-API-master/libev3api.a(nxt_sound.o) (__aeabi_dmul)
/usr/local/CodeSourcery/arm-2009q1/bin/../lib/gcc/arm-none-linux-gnueabi/4.3.3/armv4t/libgcc.a(_arm_fixdfsi.o)
                              /usr/local/EV3-API-master/libev3api.a(nxt_sound.o) (__aeabi_d2iz)
/usr/local/CodeSourcery/arm-2009q1/bin/../lib/gcc/arm-none-linux-gnueabi/4.3.3/armv4t/libgcc.a(_aeabi_uldivmod.o)
                              /usr/local/EV3-API-master/libev3api.a(ev3_timer.ts.o) (__aeabi_uldivmod)
/usr/local/CodeSourcery/arm-2009q1/bin/../lib/gcc/arm-none-linux-gnueabi/4.3.3/armv4t/libgcc.a(_dvmd_lnx.o)
                              /usr/local/CodeSourcery/arm-2009q1/bin/../lib/gcc/arm-none-linux-gnueabi/4.3.3/armv4t/libgcc.a(_udivsi3.o) (__aeabi_idiv0)
/usr/local/CodeSourcery/arm-2009q1/bin/../lib/gcc/arm-none-linux-gnueabi/4.3.3/armv4t/libgcc.a(bpabi.o)
                              /usr/local/CodeSourcery/arm-2009q1/bin/../lib/gcc/arm-none-linux-gnueabi/4.3.3/armv4t/libgcc.a(_aeabi_uldivmod.o) (__gnu_uldivmod_helper)
/usr/local/CodeSourcery/arm-2009q1/bin/../lib/gcc/arm-none-linux-gnueabi/4.3.3/armv4t/libgcc.a(_divdi3.o)
                              /usr/local/CodeSourcery/arm-2009q1/bin/../lib/gcc/arm-none-linux-gnueabi/4.3.3/armv4t/libgcc.a(bpabi.o) (__divdi3)
/usr/local/CodeSourcery/arm-2009q1/bin/../lib/gcc/arm-none-linux-gnueabi/4.3.3/armv4t/libgcc.a(_udivdi3.o)
                              /usr/local/CodeSourcery/arm-2009q1/bin/../lib/gcc/arm-none-linux-gnueabi/4.3.3/armv4t/libgcc.a(bpabi.o) (__udivdi3)
/usr/local/CodeSourcery/arm-2009q1/bin/../lib/gcc/arm-none-linux-gnueabi/4.3.3/armv4t/libgcc.a(_clz.o)
                              /usr/local/CodeSourcery/arm-2009q1/bin/../lib/gcc/arm-none-linux-gnueabi/4.3.3/armv4t/libgcc.a(_divdi3.o) (__clz_tab)
/usr/local/CodeSourcery/arm-2009q1/bin/../arm-none-linux-gnueabi/libc/armv4t/usr/lib/libc_nonshared.a(elf-init.oS)
                              /usr/local/CodeSourcery/arm-2009q1/bin/../arm-none-linux-gnueabi/libc/armv4t/usr/lib/crt1.o (__libc_csu_fini)
/usr/local/CodeSourcery/arm-2009q1/bin/../arm-none-linux-gnueabi/libc/armv4t/usr/lib/libc_nonshared.a(stat.oS)
                              /usr/local/EV3-API-master/libev3api.a(ev3_sound.o) (stat)

Allocating common symbols
Common symbol       size              file

LCDInstance         0xb98             /usr/local/EV3-API-master/libev3api.a(ev3_lcd.o)
hwBuffer            0x1e00            /usr/local/EV3-API-master/libev3api.a(ev3_lcd.o)
OutputInstance      0x48              /usr/local/EV3-API-master/libev3api.a(ev3_output.o)
devCon              0xc               /usr/local/EV3-API-master/libev3api.a(ev3_input.o)
SoundInstance       0x208             /usr/local/EV3-API-master/libev3api.a(ev3_sound.o)

Discarded input sections

 .note.ABI-tag  0x00000000        0x0 /usr/local/CodeSourcery/arm-2009q1/bin/../arm-none-linux-gnueabi/libc/armv4t/usr/lib/crt1.o
 .rodata.cst4   0x00000000        0x0 /usr/local/CodeSourcery/arm-2009q1/bin/../arm-none-linux-gnueabi/libc/armv4t/usr/lib/crt1.o
 .ARM.extab     0x00000000        0x0 /usr/local/CodeSourcery/arm-2009q1/bin/../arm-none-linux-gnueabi/libc/armv4t/usr/lib/crt1.o
 .data          0x00000000        0x0 /usr/local/CodeSourcery/arm-2009q1/bin/../arm-none-linux-gnueabi/libc/armv4t/usr/lib/crt1.o
 .bss           0x00000000        0x0 /usr/local/CodeSourcery/arm-2009q1/bin/../arm-none-linux-gnueabi/libc/armv4t/usr/lib/crt1.o
 .note.GNU-stack
                0x00000000        0x0 /usr/local/CodeSourcery/arm-2009q1/bin/../arm-none-linux-gnueabi/libc/armv4t/usr/lib/crt1.o
 .data          0x00000000        0x0 /usr/local/CodeSourcery/arm-2009q1/bin/../arm-none-linux-gnueabi/libc/armv4t/usr/lib/crti.o
 .bss           0x00000000        0x0 /usr/local/CodeSourcery/arm-2009q1/bin/../arm-none-linux-gnueabi/libc/armv4t/usr/lib/crti.o
 .ARM.extab     0x00000000        0x0 /usr/local/CodeSourcery/arm-2009q1/bin/../arm-none-linux-gnueabi/libc/armv4t/usr/lib/crti.o
 .note.GNU-stack
                0x00000000        0x0 /usr/local/CodeSourcery/arm-2009q1/bin/../arm-none-linux-gnueabi/libc/armv4t/usr/lib/crti.o
 .data          0x00000000        0x0 /usr/local/CodeSourcery/arm-2009q1/bin/../lib/gcc/arm-none-linux-gnueabi/4.3.3/armv4t/crtbegin.o
 .ARM.extab     0x00000000        0x0 /usr/local/CodeSourcery/arm-2009q1/bin/../lib/gcc/arm-none-linux-gnueabi/4.3.3/armv4t/crtbegin.o
 .note.GNU-stack
                0x00000000        0x0 /usr/local/CodeSourcery/arm-2009q1/bin/../lib/gcc/arm-none-linux-gnueabi/4.3.3/armv4t/crtbegin.o
 .text          0x00000000        0x0 ./src/RobotEV3.o
 .data          0x00000000        0x0 ./src/RobotEV3.o
 .bss           0x00000000        0x0 ./src/RobotEV3.o
 .debug_abbrev  0x00000000        0x0 ./src/RobotEV3.o
 .debug_info    0x00000000        0x0 ./src/RobotEV3.o
 .debug_line    0x00000000        0x0 ./src/RobotEV3.o
 .debug_macinfo
                0x00000000        0x0 ./src/RobotEV3.o
 .data.__reference_InitEV3
                0x00000000        0x0 ./src/RobotEV3.o
 .data.__reference_FreeEV3
                0x00000000        0x0 ./src/RobotEV3.o
 .bss.current_time
                0x00000000        0x0 ./src/RobotEV3.o
 .debug_frame   0x00000000        0x0 ./src/RobotEV3.o
 .debug_loc     0x00000000        0x0 ./src/RobotEV3.o
 .debug_pubnames
                0x00000000        0x0 ./src/RobotEV3.o
 .debug_aranges
                0x00000000        0x0 ./src/RobotEV3.o
 .debug_ranges  0x00000000        0x0 ./src/RobotEV3.o
 .debug_str     0x00000000        0x0 ./src/RobotEV3.o
 .note.GNU-stack
                0x00000000        0x0 ./src/RobotEV3.o
 .data          0x00000000        0x0 /usr/local/EV3-API-master/libev3api.a(ev3.o)
 .ARM.extab     0x00000000        0x0 /usr/local/EV3-API-master/libev3api.a(ev3.o)
 .note.GNU-stack
                0x00000000        0x0 /usr/local/EV3-API-master/libev3api.a(ev3.o)
 .data          0x00000000        0x0 /usr/local/EV3-API-master/libev3api.a(ev3_output.o)
 .bss           0x00000000        0x0 /usr/local/EV3-API-master/libev3api.a(ev3_output.o)
 .note.GNU-stack
                0x00000000        0x0 /usr/local/EV3-API-master/libev3api.a(ev3_output.o)
 .data          0x00000000        0x0 /usr/local/EV3-API-master/libev3api.a(ev3_sound.o)
 .bss           0x00000000        0x0 /usr/local/EV3-API-master/libev3api.a(ev3_sound.o)
 .note.GNU-stack
                0x00000000        0x0 /usr/local/EV3-API-master/libev3api.a(ev3_sound.o)
 .note.GNU-stack
                0x00000000        0x0 /usr/local/EV3-API-master/libev3api.a(ev3_bluetooth.o)
 .data          0x00000000        0x0 /usr/local/EV3-API-master/libev3api.a(ev3_button.lejos.o)
 .bss           0x00000000        0x0 /usr/local/EV3-API-master/libev3api.a(ev3_button.lejos.o)
 .ARM.extab     0x00000000        0x0 /usr/local/EV3-API-master/libev3api.a(ev3_button.lejos.o)
 .note.GNU-stack
                0x00000000        0x0 /usr/local/EV3-API-master/libev3api.a(ev3_button.lejos.o)
 .data          0x00000000        0x0 /usr/local/EV3-API-master/libev3api.a(ev3_input.o)
 .ARM.extab     0x00000000        0x0 /usr/local/EV3-API-master/libev3api.a(ev3_input.o)
 .note.GNU-stack
                0x00000000        0x0 /usr/local/EV3-API-master/libev3api.a(ev3_input.o)
 .ARM.extab     0x00000000        0x0 /usr/local/EV3-API-master/libev3api.a(c4ev3_compatibility.o)
 .note.GNU-stack
                0x00000000        0x0 /usr/local/EV3-API-master/libev3api.a(c4ev3_compatibility.o)
 .bss           0x00000000        0x0 /usr/local/EV3-API-master/libev3api.a(ev3_color.o)
 .ARM.extab     0x00000000        0x0 /usr/local/EV3-API-master/libev3api.a(ev3_color.o)
 .note.GNU-stack
                0x00000000        0x0 /usr/local/EV3-API-master/libev3api.a(ev3_color.o)
 .bss           0x00000000        0x0 /usr/local/EV3-API-master/libev3api.a(ev3_ultrasonic.o)
 .note.GNU-stack
                0x00000000        0x0 /usr/local/EV3-API-master/libev3api.a(ev3_ultrasonic.o)
 .data          0x00000000        0x0 /usr/local/EV3-API-master/libev3api.a(ev3_sensors.o)
 .ARM.extab     0x00000000        0x0 /usr/local/EV3-API-master/libev3api.a(ev3_sensors.o)
 .note.GNU-stack
                0x00000000        0x0 /usr/local/EV3-API-master/libev3api.a(ev3_sensors.o)
 .bss           0x00000000        0x0 /usr/local/EV3-API-master/libev3api.a(nxt_temperature.o)
 .ARM.extab     0x00000000        0x0 /usr/local/EV3-API-master/libev3api.a(nxt_temperature.o)
 .note.GNU-stack
                0x00000000        0x0 /usr/local/EV3-API-master/libev3api.a(nxt_temperature.o)
 .bss           0x00000000        0x0 /usr/local/EV3-API-master/libev3api.a(ev3_touch.o)
 .ARM.extab     0x00000000        0x0 /usr/local/EV3-API-master/libev3api.a(ev3_touch.o)
 .note.GNU-stack
                0x00000000        0x0 /usr/local/EV3-API-master/libev3api.a(ev3_touch.o)
 .ARM.extab     0x00000000        0x0 /usr/local/EV3-API-master/libev3api.a(ht_compass.o)
 .note.GNU-stack
                0x00000000        0x0 /usr/local/EV3-API-master/libev3api.a(ht_compass.o)
 .data          0x00000000        0x0 /usr/local/EV3-API-master/libev3api.a(utility.o)
 .bss           0x00000000        0x0 /usr/local/EV3-API-master/libev3api.a(utility.o)
 .ARM.extab     0x00000000        0x0 /usr/local/EV3-API-master/libev3api.a(utility.o)
 .note.GNU-stack
                0x00000000        0x0 /usr/local/EV3-API-master/libev3api.a(utility.o)
 .bss           0x00000000        0x0 /usr/local/EV3-API-master/libev3api.a(ev3_ir.o)
 .ARM.extab     0x00000000        0x0 /usr/local/EV3-API-master/libev3api.a(ev3_ir.o)
 .note.GNU-stack
                0x00000000        0x0 /usr/local/EV3-API-master/libev3api.a(ev3_ir.o)
 .note.GNU-stack
                0x00000000        0x0 /usr/local/EV3-API-master/libev3api.a(ev3_gyro.o)
 .bss           0x00000000        0x0 /usr/local/EV3-API-master/libev3api.a(ht_ir_v2.o)
 .note.GNU-stack
                0x00000000        0x0 /usr/local/EV3-API-master/libev3api.a(ht_ir_v2.o)
 .bss           0x00000000        0x0 /usr/local/EV3-API-master/libev3api.a(nxt_sound.o)
 .ARM.extab     0x00000000        0x0 /usr/local/EV3-API-master/libev3api.a(nxt_sound.o)
 .note.GNU-stack
                0x00000000        0x0 /usr/local/EV3-API-master/libev3api.a(nxt_sound.o)
 .data          0x00000000        0x0 /usr/local/EV3-API-master/libev3api.a(bluetooth.o)
 .bss           0x00000000        0x0 /usr/local/EV3-API-master/libev3api.a(bluetooth.o)
 .note.GNU-stack
                0x00000000        0x0 /usr/local/EV3-API-master/libev3api.a(bluetooth.o)
 .bss           0x00000000        0x0 /usr/local/EV3-API-master/libev3api.a(ev3_button.core.o)
 .ARM.extab     0x00000000        0x0 /usr/local/EV3-API-master/libev3api.a(ev3_button.core.o)
 .note.GNU-stack
                0x00000000        0x0 /usr/local/EV3-API-master/libev3api.a(ev3_button.core.o)
 .data          0x00000000        0x0 /usr/local/EV3-API-master/libev3api.a(ev3_command.o)
 .bss           0x00000000        0x0 /usr/local/EV3-API-master/libev3api.a(ev3_command.o)
 .ARM.extab     0x00000000        0x0 /usr/local/EV3-API-master/libev3api.a(ev3_command.o)
 .note.GNU-stack
                0x00000000        0x0 /usr/local/EV3-API-master/libev3api.a(ev3_command.o)
 .data          0x00000000        0x0 /usr/local/EV3-API-master/libev3api.a(ev3_timer.o)
 .ARM.extab     0x00000000        0x0 /usr/local/EV3-API-master/libev3api.a(ev3_timer.o)
 .note.GNU-stack
                0x00000000        0x0 /usr/local/EV3-API-master/libev3api.a(ev3_timer.o)
 .data          0x00000000        0x0 /usr/local/EV3-API-master/libev3api.a(ev3_button.o)
 .bss           0x00000000        0x0 /usr/local/EV3-API-master/libev3api.a(ev3_button.o)
 .ARM.extab     0x00000000        0x0 /usr/local/EV3-API-master/libev3api.a(ev3_button.o)
 .note.GNU-stack
                0x00000000        0x0 /usr/local/EV3-API-master/libev3api.a(ev3_button.o)
 .data          0x00000000        0x0 /usr/local/EV3-API-master/libev3api.a(ev3_button.led.o)
 .ARM.extab     0x00000000        0x0 /usr/local/EV3-API-master/libev3api.a(ev3_button.led.o)
 .note.GNU-stack
                0x00000000        0x0 /usr/local/EV3-API-master/libev3api.a(ev3_button.led.o)
 .note.GNU-stack
                0x00000000        0x0 /usr/local/EV3-API-master/libev3api.a(ev3_lcd.o)
 .data          0x00000000        0x0 /usr/local/EV3-API-master/libev3api.a(ev3_button.nxc.o)
 .note.GNU-stack
                0x00000000        0x0 /usr/local/EV3-API-master/libev3api.a(ev3_button.nxc.o)
 .data          0x00000000        0x0 /usr/local/EV3-API-master/libev3api.a(ev3_array.o)
 .bss           0x00000000        0x0 /usr/local/EV3-API-master/libev3api.a(ev3_array.o)
 .ARM.extab     0x00000000        0x0 /usr/local/EV3-API-master/libev3api.a(ev3_array.o)
 .note.GNU-stack
                0x00000000        0x0 /usr/local/EV3-API-master/libev3api.a(ev3_array.o)
 .data          0x00000000        0x0 /usr/local/EV3-API-master/libev3api.a(ev3_timer.ts.o)
 .bss           0x00000000        0x0 /usr/local/EV3-API-master/libev3api.a(ev3_timer.ts.o)
 .ARM.extab     0x00000000        0x0 /usr/local/EV3-API-master/libev3api.a(ev3_timer.ts.o)
 .note.GNU-stack
                0x00000000        0x0 /usr/local/EV3-API-master/libev3api.a(ev3_timer.ts.o)
 .data          0x00000000        0x0 /usr/local/EV3-API-master/libev3api.a(ev3_input_uart.o)
 .ARM.extab     0x00000000        0x0 /usr/local/EV3-API-master/libev3api.a(ev3_input_uart.o)
 .note.GNU-stack
                0x00000000        0x0 /usr/local/EV3-API-master/libev3api.a(ev3_input_uart.o)
 .data          0x00000000        0x0 /usr/local/EV3-API-master/libev3api.a(ev3_input_iic.o)
 .ARM.extab     0x00000000        0x0 /usr/local/EV3-API-master/libev3api.a(ev3_input_iic.o)
 .note.GNU-stack
                0x00000000        0x0 /usr/local/EV3-API-master/libev3api.a(ev3_input_iic.o)
 .data          0x00000000        0x0 /usr/local/EV3-API-master/libev3api.a(ev3_input_analog.o)
 .ARM.extab     0x00000000        0x0 /usr/local/EV3-API-master/libev3api.a(ev3_input_analog.o)
 .note.GNU-stack
                0x00000000        0x0 /usr/local/EV3-API-master/libev3api.a(ev3_input_analog.o)
 .data          0x00000000        0x0 /usr/local/CodeSourcery/arm-2009q1/bin/../lib/gcc/arm-none-linux-gnueabi/4.3.3/armv4t/libgcc.a(_udivsi3.o)
 .bss           0x00000000        0x0 /usr/local/CodeSourcery/arm-2009q1/bin/../lib/gcc/arm-none-linux-gnueabi/4.3.3/armv4t/libgcc.a(_udivsi3.o)
 .note.GNU-stack
                0x00000000        0x0 /usr/local/CodeSourcery/arm-2009q1/bin/../lib/gcc/arm-none-linux-gnueabi/4.3.3/armv4t/libgcc.a(_udivsi3.o)
 .debug_frame   0x00000000        0x0 /usr/local/CodeSourcery/arm-2009q1/bin/../lib/gcc/arm-none-linux-gnueabi/4.3.3/armv4t/libgcc.a(_udivsi3.o)
 .data          0x00000000        0x0 /usr/local/CodeSourcery/arm-2009q1/bin/../lib/gcc/arm-none-linux-gnueabi/4.3.3/armv4t/libgcc.a(_divsi3.o)
 .bss           0x00000000        0x0 /usr/local/CodeSourcery/arm-2009q1/bin/../lib/gcc/arm-none-linux-gnueabi/4.3.3/armv4t/libgcc.a(_divsi3.o)
 .note.GNU-stack
                0x00000000        0x0 /usr/local/CodeSourcery/arm-2009q1/bin/../lib/gcc/arm-none-linux-gnueabi/4.3.3/armv4t/libgcc.a(_divsi3.o)
 .debug_frame   0x00000000        0x0 /usr/local/CodeSourcery/arm-2009q1/bin/../lib/gcc/arm-none-linux-gnueabi/4.3.3/armv4t/libgcc.a(_divsi3.o)
 .data          0x00000000        0x0 /usr/local/CodeSourcery/arm-2009q1/bin/../lib/gcc/arm-none-linux-gnueabi/4.3.3/armv4t/libgcc.a(_arm_addsubdf3.o)
 .bss           0x00000000        0x0 /usr/local/CodeSourcery/arm-2009q1/bin/../lib/gcc/arm-none-linux-gnueabi/4.3.3/armv4t/libgcc.a(_arm_addsubdf3.o)
 .note.GNU-stack
                0x00000000        0x0 /usr/local/CodeSourcery/arm-2009q1/bin/../lib/gcc/arm-none-linux-gnueabi/4.3.3/armv4t/libgcc.a(_arm_addsubdf3.o)
 .data          0x00000000        0x0 /usr/local/CodeSourcery/arm-2009q1/bin/../lib/gcc/arm-none-linux-gnueabi/4.3.3/armv4t/libgcc.a(_arm_muldivdf3.o)
 .bss           0x00000000        0x0 /usr/local/CodeSourcery/arm-2009q1/bin/../lib/gcc/arm-none-linux-gnueabi/4.3.3/armv4t/libgcc.a(_arm_muldivdf3.o)
 .note.GNU-stack
                0x00000000        0x0 /usr/local/CodeSourcery/arm-2009q1/bin/../lib/gcc/arm-none-linux-gnueabi/4.3.3/armv4t/libgcc.a(_arm_muldivdf3.o)
 .data          0x00000000        0x0 /usr/local/CodeSourcery/arm-2009q1/bin/../lib/gcc/arm-none-linux-gnueabi/4.3.3/armv4t/libgcc.a(_arm_fixdfsi.o)
 .bss           0x00000000        0x0 /usr/local/CodeSourcery/arm-2009q1/bin/../lib/gcc/arm-none-linux-gnueabi/4.3.3/armv4t/libgcc.a(_arm_fixdfsi.o)
 .note.GNU-stack
                0x00000000        0x0 /usr/local/CodeSourcery/arm-2009q1/bin/../lib/gcc/arm-none-linux-gnueabi/4.3.3/armv4t/libgcc.a(_arm_fixdfsi.o)
 .data          0x00000000        0x0 /usr/local/CodeSourcery/arm-2009q1/bin/../lib/gcc/arm-none-linux-gnueabi/4.3.3/armv4t/libgcc.a(_aeabi_uldivmod.o)
 .bss           0x00000000        0x0 /usr/local/CodeSourcery/arm-2009q1/bin/../lib/gcc/arm-none-linux-gnueabi/4.3.3/armv4t/libgcc.a(_aeabi_uldivmod.o)
 .note.GNU-stack
                0x00000000        0x0 /usr/local/CodeSourcery/arm-2009q1/bin/../lib/gcc/arm-none-linux-gnueabi/4.3.3/armv4t/libgcc.a(_aeabi_uldivmod.o)
 .data          0x00000000        0x0 /usr/local/CodeSourcery/arm-2009q1/bin/../lib/gcc/arm-none-linux-gnueabi/4.3.3/armv4t/libgcc.a(_dvmd_lnx.o)
 .bss           0x00000000        0x0 /usr/local/CodeSourcery/arm-2009q1/bin/../lib/gcc/arm-none-linux-gnueabi/4.3.3/armv4t/libgcc.a(_dvmd_lnx.o)
 .note.GNU-stack
                0x00000000        0x0 /usr/local/CodeSourcery/arm-2009q1/bin/../lib/gcc/arm-none-linux-gnueabi/4.3.3/armv4t/libgcc.a(_dvmd_lnx.o)
 .data          0x00000000        0x0 /usr/local/CodeSourcery/arm-2009q1/bin/../lib/gcc/arm-none-linux-gnueabi/4.3.3/armv4t/libgcc.a(bpabi.o)
 .bss           0x00000000        0x0 /usr/local/CodeSourcery/arm-2009q1/bin/../lib/gcc/arm-none-linux-gnueabi/4.3.3/armv4t/libgcc.a(bpabi.o)
 .ARM.extab     0x00000000        0x0 /usr/local/CodeSourcery/arm-2009q1/bin/../lib/gcc/arm-none-linux-gnueabi/4.3.3/armv4t/libgcc.a(bpabi.o)
 .debug_frame   0x00000000        0x0 /usr/local/CodeSourcery/arm-2009q1/bin/../lib/gcc/arm-none-linux-gnueabi/4.3.3/armv4t/libgcc.a(bpabi.o)
 .note.GNU-stack
                0x00000000        0x0 /usr/local/CodeSourcery/arm-2009q1/bin/../lib/gcc/arm-none-linux-gnueabi/4.3.3/armv4t/libgcc.a(bpabi.o)
 .data          0x00000000        0x0 /usr/local/CodeSourcery/arm-2009q1/bin/../lib/gcc/arm-none-linux-gnueabi/4.3.3/armv4t/libgcc.a(_divdi3.o)
 .bss           0x00000000        0x0 /usr/local/CodeSourcery/arm-2009q1/bin/../lib/gcc/arm-none-linux-gnueabi/4.3.3/armv4t/libgcc.a(_divdi3.o)
 .ARM.extab     0x00000000        0x0 /usr/local/CodeSourcery/arm-2009q1/bin/../lib/gcc/arm-none-linux-gnueabi/4.3.3/armv4t/libgcc.a(_divdi3.o)
 .debug_frame   0x00000000        0x0 /usr/local/CodeSourcery/arm-2009q1/bin/../lib/gcc/arm-none-linux-gnueabi/4.3.3/armv4t/libgcc.a(_divdi3.o)
 .note.GNU-stack
                0x00000000        0x0 /usr/local/CodeSourcery/arm-2009q1/bin/../lib/gcc/arm-none-linux-gnueabi/4.3.3/armv4t/libgcc.a(_divdi3.o)
 .data          0x00000000        0x0 /usr/local/CodeSourcery/arm-2009q1/bin/../lib/gcc/arm-none-linux-gnueabi/4.3.3/armv4t/libgcc.a(_udivdi3.o)
 .bss           0x00000000        0x0 /usr/local/CodeSourcery/arm-2009q1/bin/../lib/gcc/arm-none-linux-gnueabi/4.3.3/armv4t/libgcc.a(_udivdi3.o)
 .ARM.extab     0x00000000        0x0 /usr/local/CodeSourcery/arm-2009q1/bin/../lib/gcc/arm-none-linux-gnueabi/4.3.3/armv4t/libgcc.a(_udivdi3.o)
 .debug_frame   0x00000000        0x0 /usr/local/CodeSourcery/arm-2009q1/bin/../lib/gcc/arm-none-linux-gnueabi/4.3.3/armv4t/libgcc.a(_udivdi3.o)
 .note.GNU-stack
                0x00000000        0x0 /usr/local/CodeSourcery/arm-2009q1/bin/../lib/gcc/arm-none-linux-gnueabi/4.3.3/armv4t/libgcc.a(_udivdi3.o)
 .text          0x00000000        0x0 /usr/local/CodeSourcery/arm-2009q1/bin/../lib/gcc/arm-none-linux-gnueabi/4.3.3/armv4t/libgcc.a(_clz.o)
 .data          0x00000000        0x0 /usr/local/CodeSourcery/arm-2009q1/bin/../lib/gcc/arm-none-linux-gnueabi/4.3.3/armv4t/libgcc.a(_clz.o)
 .bss           0x00000000        0x0 /usr/local/CodeSourcery/arm-2009q1/bin/../lib/gcc/arm-none-linux-gnueabi/4.3.3/armv4t/libgcc.a(_clz.o)
 .note.GNU-stack
                0x00000000        0x0 /usr/local/CodeSourcery/arm-2009q1/bin/../lib/gcc/arm-none-linux-gnueabi/4.3.3/armv4t/libgcc.a(_clz.o)
 .data          0x00000000        0x0 /usr/local/CodeSourcery/arm-2009q1/bin/../arm-none-linux-gnueabi/libc/armv4t/usr/lib/libc_nonshared.a(elf-init.oS)
 .bss           0x00000000        0x0 /usr/local/CodeSourcery/arm-2009q1/bin/../arm-none-linux-gnueabi/libc/armv4t/usr/lib/libc_nonshared.a(elf-init.oS)
 .ARM.extab     0x00000000        0x0 /usr/local/CodeSourcery/arm-2009q1/bin/../arm-none-linux-gnueabi/libc/armv4t/usr/lib/libc_nonshared.a(elf-init.oS)
 .debug_frame   0x00000000        0x0 /usr/local/CodeSourcery/arm-2009q1/bin/../arm-none-linux-gnueabi/libc/armv4t/usr/lib/libc_nonshared.a(elf-init.oS)
 .note.GNU-stack
                0x00000000        0x0 /usr/local/CodeSourcery/arm-2009q1/bin/../arm-none-linux-gnueabi/libc/armv4t/usr/lib/libc_nonshared.a(elf-init.oS)
 .data          0x00000000        0x0 /usr/local/CodeSourcery/arm-2009q1/bin/../arm-none-linux-gnueabi/libc/armv4t/usr/lib/libc_nonshared.a(stat.oS)
 .bss           0x00000000        0x0 /usr/local/CodeSourcery/arm-2009q1/bin/../arm-none-linux-gnueabi/libc/armv4t/usr/lib/libc_nonshared.a(stat.oS)
 .ARM.extab     0x00000000        0x0 /usr/local/CodeSourcery/arm-2009q1/bin/../arm-none-linux-gnueabi/libc/armv4t/usr/lib/libc_nonshared.a(stat.oS)
 .debug_frame   0x00000000        0x0 /usr/local/CodeSourcery/arm-2009q1/bin/../arm-none-linux-gnueabi/libc/armv4t/usr/lib/libc_nonshared.a(stat.oS)
 .note.GNU-stack
                0x00000000        0x0 /usr/local/CodeSourcery/arm-2009q1/bin/../arm-none-linux-gnueabi/libc/armv4t/usr/lib/libc_nonshared.a(stat.oS)
 .text          0x00000000        0x0 /usr/local/CodeSourcery/arm-2009q1/bin/../lib/gcc/arm-none-linux-gnueabi/4.3.3/armv4t/crtend.o
 .data          0x00000000        0x0 /usr/local/CodeSourcery/arm-2009q1/bin/../lib/gcc/arm-none-linux-gnueabi/4.3.3/armv4t/crtend.o
 .bss           0x00000000        0x0 /usr/local/CodeSourcery/arm-2009q1/bin/../lib/gcc/arm-none-linux-gnueabi/4.3.3/armv4t/crtend.o
 .note.GNU-stack
                0x00000000        0x0 /usr/local/CodeSourcery/arm-2009q1/bin/../lib/gcc/arm-none-linux-gnueabi/4.3.3/armv4t/crtend.o
 .text          0x00000000        0x0 /usr/local/CodeSourcery/arm-2009q1/bin/../arm-none-linux-gnueabi/libc/armv4t/usr/lib/crtn.o
 .data          0x00000000        0x0 /usr/local/CodeSourcery/arm-2009q1/bin/../arm-none-linux-gnueabi/libc/armv4t/usr/lib/crtn.o
 .bss           0x00000000        0x0 /usr/local/CodeSourcery/arm-2009q1/bin/../arm-none-linux-gnueabi/libc/armv4t/usr/lib/crtn.o
 .ARM.extab.init
                0x00000000        0x0 /usr/local/CodeSourcery/arm-2009q1/bin/../arm-none-linux-gnueabi/libc/armv4t/usr/lib/crtn.o
 .ARM.extab.fini
                0x00000000        0x0 /usr/local/CodeSourcery/arm-2009q1/bin/../arm-none-linux-gnueabi/libc/armv4t/usr/lib/crtn.o
 .note.GNU-stack
                0x00000000        0x0 /usr/local/CodeSourcery/arm-2009q1/bin/../arm-none-linux-gnueabi/libc/armv4t/usr/lib/crtn.o

Memory Configuration

Name             Origin             Length             Attributes
*default*        0x00000000         0xffffffff

Linker script and memory map

LOAD /usr/local/CodeSourcery/arm-2009q1/bin/../arm-none-linux-gnueabi/libc/armv4t/usr/lib/crt1.o
LOAD /usr/local/CodeSourcery/arm-2009q1/bin/../arm-none-linux-gnueabi/libc/armv4t/usr/lib/crti.o
LOAD /usr/local/CodeSourcery/arm-2009q1/bin/../lib/gcc/arm-none-linux-gnueabi/4.3.3/armv4t/crtbegin.o
LOAD ./src/RobotEV3.o
LOAD /usr/local/EV3-API-master/libev3api.a
LOAD /usr/local/CodeSourcery/arm-2009q1/bin/../arm-none-linux-gnueabi/libc/armv4t/usr/lib/libpthread.so
START GROUP
LOAD /usr/local/CodeSourcery/arm-2009q1/bin/../arm-none-linux-gnueabi/libc/armv4t/lib/libpthread.so.0
LOAD /usr/local/CodeSourcery/arm-2009q1/bin/../arm-none-linux-gnueabi/libc/armv4t/usr/lib/libpthread_nonshared.a
END GROUP
LOAD /usr/local/CodeSourcery/arm-2009q1/bin/../arm-none-linux-gnueabi/libc/armv4t/usr/lib/libm.so
LOAD /usr/local/CodeSourcery/arm-2009q1/bin/../lib/gcc/arm-none-linux-gnueabi/4.3.3/armv4t/libgcc.a
LOAD /usr/local/CodeSourcery/arm-2009q1/bin/../arm-none-linux-gnueabi/libc/armv4t/lib/libgcc_s.so
LOAD /usr/local/CodeSourcery/arm-2009q1/bin/../arm-none-linux-gnueabi/libc/armv4t/usr/lib/libc.so
START GROUP
LOAD /usr/local/CodeSourcery/arm-2009q1/bin/../arm-none-linux-gnueabi/libc/armv4t/lib/libc.so.6
LOAD /usr/local/CodeSourcery/arm-2009q1/bin/../arm-none-linux-gnueabi/libc/armv4t/usr/lib/libc_nonshared.a
LOAD /usr/local/CodeSourcery/arm-2009q1/bin/../arm-none-linux-gnueabi/libc/armv4t/lib/ld-linux.so.3
END GROUP
LOAD /usr/local/CodeSourcery/arm-2009q1/bin/../lib/gcc/arm-none-linux-gnueabi/4.3.3/armv4t/libgcc.a
LOAD /usr/local/CodeSourcery/arm-2009q1/bin/../arm-none-linux-gnueabi/libc/armv4t/lib/libgcc_s.so
LOAD /usr/local/CodeSourcery/arm-2009q1/bin/../lib/gcc/arm-none-linux-gnueabi/4.3.3/armv4t/crtend.o
LOAD /usr/local/CodeSourcery/arm-2009q1/bin/../arm-none-linux-gnueabi/libc/armv4t/usr/lib/crtn.o
                0x00008000                PROVIDE (__executable_start, 0x8000)
                0x00008114                . = (0x8000 + SIZEOF_HEADERS)

.interp         0x00008114       0x13
 *(.interp)
 .interp        0x00008114       0x13 /usr/local/CodeSourcery/arm-2009q1/bin/../arm-none-linux-gnueabi/libc/armv4t/usr/lib/crti.o

.note.gnu.build-id
 *(.note.gnu.build-id)

.hash           0x00008128      0x258
 *(.hash)
 .hash          0x00008128      0x258 /usr/local/CodeSourcery/arm-2009q1/bin/../arm-none-linux-gnueabi/libc/armv4t/usr/lib/crti.o

.gnu.hash
 *(.gnu.hash)

.dynsym         0x00008380      0x510
 *(.dynsym)
 .dynsym        0x00008380      0x510 /usr/local/CodeSourcery/arm-2009q1/bin/../arm-none-linux-gnueabi/libc/armv4t/usr/lib/crti.o

.dynstr         0x00008890      0x312
 *(.dynstr)
 .dynstr        0x00008890      0x312 /usr/local/CodeSourcery/arm-2009q1/bin/../arm-none-linux-gnueabi/libc/armv4t/usr/lib/crti.o

.gnu.version    0x00008ba2       0xa2
 *(.gnu.version)
 .gnu.version   0x00008ba2       0xa2 /usr/local/CodeSourcery/arm-2009q1/bin/../arm-none-linux-gnueabi/libc/armv4t/usr/lib/crti.o

.gnu.version_d  0x00008c44        0x0
 *(.gnu.version_d)
 .gnu.version_d
                0x00000000        0x0 /usr/local/CodeSourcery/arm-2009q1/bin/../arm-none-linux-gnueabi/libc/armv4t/usr/lib/crti.o

.gnu.version_r  0x00008c44       0x80
 *(.gnu.version_r)
 .gnu.version_r
                0x00008c44       0x80 /usr/local/CodeSourcery/arm-2009q1/bin/../arm-none-linux-gnueabi/libc/armv4t/usr/lib/crti.o

.rel.dyn        0x00008cc4        0x8
 *(.rel.init)
 *(.rel.text .rel.text.* .rel.gnu.linkonce.t.*)
 *(.rel.fini)
 *(.rel.rodata .rel.rodata.* .rel.gnu.linkonce.r.*)
 *(.rel.data.rel.ro* .rel.gnu.linkonce.d.rel.ro.*)
 *(.rel.data .rel.data.* .rel.gnu.linkonce.d.*)
 *(.rel.tdata .rel.tdata.* .rel.gnu.linkonce.td.*)
 *(.rel.tbss .rel.tbss.* .rel.gnu.linkonce.tb.*)
 *(.rel.ctors)
 *(.rel.dtors)
 *(.rel.got)
 .rel.got       0x00008cc4        0x8 /usr/local/CodeSourcery/arm-2009q1/bin/../arm-none-linux-gnueabi/libc/armv4t/usr/lib/crti.o
 *(.rel.bss .rel.bss.* .rel.gnu.linkonce.b.*)
 .rel.bss       0x00000000        0x0 /usr/local/CodeSourcery/arm-2009q1/bin/../arm-none-linux-gnueabi/libc/armv4t/usr/lib/crti.o

.rel.ifunc.dyn
 *(.rel.ifunc.*)

.rela.dyn
 *(.rela.init)
 *(.rela.text .rela.text.* .rela.gnu.linkonce.t.*)
 *(.rela.fini)
 *(.rela.rodata .rela.rodata.* .rela.gnu.linkonce.r.*)
 *(.rela.data .rela.data.* .rela.gnu.linkonce.d.*)
 *(.rela.tdata .rela.tdata.* .rela.gnu.linkonce.td.*)
 *(.rela.tbss .rela.tbss.* .rela.gnu.linkonce.tb.*)
 *(.rela.ctors)
 *(.rela.dtors)
 *(.rela.got)
 *(.rela.bss .rela.bss.* .rela.gnu.linkonce.b.*)

.rela.ifunc.dyn
 *(.rela.ifunc.*)

.rel.plt        0x00008ccc      0x258
 *(.rel.plt)
 .rel.plt       0x00008ccc      0x258 /usr/local/CodeSourcery/arm-2009q1/bin/../arm-none-linux-gnueabi/libc/armv4t/usr/lib/crti.o

.rela.plt
 *(.rela.plt)

.init           0x00008f24       0x10
 *(.init)
 .init          0x00008f24        0x8 /usr/local/CodeSourcery/arm-2009q1/bin/../arm-none-linux-gnueabi/libc/armv4t/usr/lib/crti.o
                0x00008f24                _init
 .init          0x00008f2c        0x8 /usr/local/CodeSourcery/arm-2009q1/bin/../arm-none-linux-gnueabi/libc/armv4t/usr/lib/crtn.o

.plt            0x00008f34      0x398
 *(.plt)
 .plt           0x00008f34      0x398 /usr/local/CodeSourcery/arm-2009q1/bin/../arm-none-linux-gnueabi/libc/armv4t/usr/lib/crti.o
                0x00008f48                open@@GLIBC_2.4
                0x00008f54                __ctype_toupper_loc@@GLIBC_2.4
                0x00008f60                mmap@@GLIBC_2.4
                0x00008f6c                abort@@GLIBC_2.4
                0x00008f78                connect@@GLIBC_2.4
                0x00008f84                vprintf@@GLIBC_2.4
                0x00008f90                __xstat@@GLIBC_2.4
                0x00008f9c                __libc_start_main@@GLIBC_2.4
                0x00008fa8                epoll_create@@GLIBC_2.4
                0x00008fc0                vsnprintf@@GLIBC_2.4
                0x00008fcc                vsprintf@@GLIBC_2.4
                0x00008fd8                strncpy@@GLIBC_2.4
                0x00008fe4                fclose@@GLIBC_2.4
                0x00008ff0                fgets@@GLIBC_2.4
                0x00008ffc                dirname@@GLIBC_2.4
                0x00009008                listen@@GLIBC_2.4
                0x00009014                fopen@@GLIBC_2.4
                0x00009020                memset@@GLIBC_2.4
                0x0000902c                strrchr@@GLIBC_2.4
                0x00009038                perror@@GLIBC_2.4
                0x00009044                eventfd@@GLIBC_2.7
                0x00009050                usleep@@GLIBC_2.4
                0x0000905c                free@@GLIBC_2.4
                0x00009068                read@@GLIBC_2.4
                0x00009074                write@@GLIBC_2.4
                0x00009080                gettimeofday@@GLIBC_2.4
                0x0000908c                accept@@GLIBC_2.4
                0x00009098                pthread_mutex_unlock@@GLIBC_2.4
                0x000090a4                socket@@GLIBC_2.4
                0x000090b0                ioctl@@GLIBC_2.4
                0x000090bc                epoll_wait@@GLIBC_2.4
                0x000090c8                pthread_mutex_lock@@GLIBC_2.4
                0x000090d4                strlen@@GLIBC_2.4
                0x000090e0                sscanf@@GLIBC_2.4
                0x000090ec                pthread_create@@GLIBC_2.4
                0x000090f8                __xpg_basename@@GLIBC_2.4
                0x00009104                memcpy@@GLIBC_2.4
                0x00009110                stpncpy@@GLIBC_2.4
                0x0000911c                strtol@@GLIBC_2.4
                0x00009128                strcpy@@GLIBC_2.4
                0x00009134                strncat@@GLIBC_2.4
                0x00009140                raise@@GLIBC_2.4
                0x0000914c                strtof@@GLIBC_2.4
                0x00009158                bind@@GLIBC_2.4
                0x00009164                strstr@@GLIBC_2.4
                0x00009170                close@@GLIBC_2.4
                0x0000917c                fwrite@@GLIBC_2.4
                0x00009188                time@@GLIBC_2.4
                0x00009194                __ctype_b_loc@@GLIBC_2.4
                0x000091a0                fprintf@@GLIBC_2.4
                0x000091ac                strdup@@GLIBC_2.4
                0x000091b8                malloc@@GLIBC_2.4
                0x000091c4                poll@@GLIBC_2.4
                0x000091d0                fputc@@GLIBC_2.4
                0x000091dc                sleep@@GLIBC_2.4
                0x000091e8                strcat@@GLIBC_2.4
                0x000091f4                memmove@@GLIBC_2.4
                0x00009200                eventfd_write@@GLIBC_2.7
                0x0000920c                puts@@GLIBC_2.4
                0x00009218                munmap@@GLIBC_2.4
                0x00009224                vfprintf@@GLIBC_2.4
                0x00009230                timerfd_create@@GLIBC_2.8
                0x0000923c                nanosleep@@GLIBC_2.4
                0x00009248                realloc@@GLIBC_2.4
                0x00009254                timerfd_settime@@GLIBC_2.8
                0x00009260                epoll_ctl@@GLIBC_2.4
                0x0000926c                getsockopt@@GLIBC_2.4
                0x00009278                strcmp@@GLIBC_2.4
                0x00009284                exit@@GLIBC_2.4
                0x00009290                __errno_location@@GLIBC_2.4
                0x0000929c                pthread_self@@GLIBC_2.4
                0x000092a8                sprintf@@GLIBC_2.4
                0x000092b4                pthread_join@@GLIBC_2.4
                0x000092c0                fputs@@GLIBC_2.4

.text           0x000092cc     0xbe4c
 *(.text .stub .text.* .gnu.linkonce.t.*)
 .text          0x000092cc       0x38 /usr/local/CodeSourcery/arm-2009q1/bin/../arm-none-linux-gnueabi/libc/armv4t/usr/lib/crt1.o
                0x000092cc                _start
 .text          0x00009304       0x2c /usr/local/CodeSourcery/arm-2009q1/bin/../arm-none-linux-gnueabi/libc/armv4t/usr/lib/crti.o
 .text          0x00009330       0x50 /usr/local/CodeSourcery/arm-2009q1/bin/../lib/gcc/arm-none-linux-gnueabi/4.3.3/armv4t/crtbegin.o
 .text.turn_right
                0x00009380       0xd0 ./src/RobotEV3.o
                0x00009380                turn_right
 .text.turn_left
                0x00009450       0xd0 ./src/RobotEV3.o
                0x00009450                turn_left
 .text.turn_left_high
                0x00009520       0xd0 ./src/RobotEV3.o
                0x00009520                turn_left_high
 .text.turn_right_high
                0x000095f0       0xc0 ./src/RobotEV3.o
                0x000095f0                turn_right_high
 .text.wall_follow
                0x000096b0      0x150 ./src/RobotEV3.o
                0x000096b0                wall_follow
 .text.wander   0x00009800      0x15c ./src/RobotEV3.o
                0x00009800                wander
 .text.look_for_can
                0x0000995c      0x23c ./src/RobotEV3.o
                0x0000995c                look_for_can
 .text.goal_find
                0x00009b98      0x11c ./src/RobotEV3.o
                0x00009b98                goal_find
 .text.main     0x00009cb4      0x170 ./src/RobotEV3.o
                0x00009cb4                main
 .text          0x00009e24       0x98 /usr/local/EV3-API-master/libev3api.a(ev3.o)
                0x00009e34                FreeEV3
                0x00009e70                InitEV3
                0x00009e24                EV3IsInitialized
 .text          0x00009ebc     0x1430 /usr/local/EV3-API-master/libev3api.a(ev3_output.o)
                0x0000afc8                OnForEx
                0x0000a054                OutputGetActualSpeed
                0x0000a360                ResetRotationCount
                0x0000afb0                OffEx
                0x0000a090                MotorBlockTachoCount
                0x0000a364                OutputTimeSyncEx
                0x0000ac3c                SetSpeed
                0x0000a718                RotateMotorRampNoWait
                0x0000a1ac                OutputTest
                0x00009f30                OutputInitialized
                0x0000ac40                OutputReset
                0x0000aee0                OutputStop
                0x0000a784                RotateMotorNoWaitEx
                0x0000a2c0                OutputClearCount
                0x0000a648                OutputStepSpeedEx
                0x0000b0a0                OnFwdEx
                0x0000a94c                OutputStepPowerEx
                0x0000aa1c                OutputPolarity
                0x00009f58                OutputRead
                0x0000a280                WriteToPWMDevice
                0x0000aac0                OutputStartEx
                0x0000a740                RotateMotorRamp
                0x0000a074                MotorTachoCount
                0x0000b224                OutputInit
                0x0000a838                RotateMotorEx
                0x0000b134                ResetOutputs
                0x0000a0c8                MotorActualSpeed
                0x0000aa88                SetDirection
                0x0000b15c                OutputExit
                0x0000afbc                OnEx
                0x0000afa4                FloatEx
                0x0000abcc                SetPower
                0x0000a100                OutputState
                0x00009ebc                OutputToMotorNum
                0x0000ad5c                OutputSetTypes
                0x0000acbc                ResetTachoCount
                0x0000b1e4                OutputOpen
                0x0000aab8                Toggle
                0x0000a484                OutputStepSyncEx
                0x0000a030                OutputGetTachoCount
                0x0000ab60                OutputPower
                0x0000b00c                OnRevEx
                0x0000af4c                SetOutputEx
                0x0000aca4                ResetAllTachoCounts
                0x0000a578                OutputTimeSpeedEx
                0x0000aab0                Fwd
                0x0000b1cc                OutputClose
                0x0000a0ac                MotorPower
                0x0000a0e4                MotorRotationCount
                0x0000a87c                OutputTimePowerEx
                0x0000acc4                ResetBlockTachoCount
                0x0000ad4c                OnRevSyncEx
                0x0000a264                MotorBusy
                0x0000acc8                ResetCount
                0x0000a00c                OutputGetCount
                0x0000ae1c                OutputSetTypesArray
                0x0000a458                OnForSyncEx
                0x0000acc0                ResetBlockAndTachoCount
                0x0000aeac                OutputProgramStop
                0x0000abd0                OutputSpeed
                0x0000ae34                OutputSetType
                0x0000aaa8                Rev
                0x0000b0d8                OnFwdRegEx
                0x0000b044                OnRevRegEx
                0x0000ad10                OnFwdSyncEx
                0x00009f14                DecodeOutputs
 .text          0x0000b2ec      0xf78 /usr/local/EV3-API-master/libev3api.a(ev3_sound.o)
                0x0000b898                PlayTonesEx
                0x0000b650                SoundCloseDevices
                0x0000b31c                SoundTest
                0x0000b7c4                ClearSound
                0x0000bddc                _playRSOFile
                0x0000b55c                _readInt
                0x0000b4f8                _readShort
                0x0000b7f4                SoundExit
                0x0000b614                SoundReady
                0x0000b814                PlayToneEx
                0x0000b730                WriteToSoundDevice
                0x0000b47c                changeBitDepthFrom16To8
                0x0000b698                SoundInit
                0x0000b34c                _soundInitAdPcm
                0x0000bc64                _playSoundSamplesFromStream
                0x0000b370                _soundGetAdPcmValue
                0x0000c1b0                PlayFileEx
                0x0000bf74                _playWAVFile
                0x0000b2f4                SoundInitialized
                0x0000b2ec                SoundOpen
                0x0000b7e4                SoundClose
                0x0000b4c8                SoundState
                0x0000ba78                _playRMDFile
                0x0000b778                StopSound
                0x0000b7c8                MuteSound
                0x0000b4e4                UnmuteSound
                0x0000b904                PlaySoundEx
 .text          0x0000c264      0x5c0 /usr/local/EV3-API-master/libev3api.a(ev3_bluetooth.o)
                0x0000c268                DisconnectFrom
                0x0000c31c                ReceiveStringFrom
                0x0000c390                WaitConnection
                0x0000c368                SendStringTo
                0x0000c2dc                BluetoothExit
                0x0000c264                BluetoothInit
                0x0000c6b8                ConnectTo
 .text          0x0000c824      0x28c /usr/local/EV3-API-master/libev3api.a(ev3_button.lejos.o)
                0x0000c944                ButtonWaitForPress
                0x0000ca88                ButtonWaitForAnyPress
                0x0000c874                ButtonIsUp
                0x0000c8f0                ButtonWaitForPressAndRelease
                0x0000c858                ButtonIsDown
                0x0000ca9c                ButtonWaitForAnyEvent
 .text          0x0000cab0       0x84 /usr/local/EV3-API-master/libev3api.a(ev3_input.o)
                0x0000cab0                InputExit
                0x0000cad4                InputInit
 .text          0x0000cb34      0x314 /usr/local/EV3-API-master/libev3api.a(c4ev3_compatibility.o)
                0x0000cb34                SetIRBeaconCH
                0x0000cb48                ReadSensor
                0x0000cd1c                SetAllSensorMode
 .text          0x0000ce48      0x15c /usr/local/EV3-API-master/libev3api.a(ev3_color.o)
                0x0000cf9c                ReadEV3ColorSensorReflectedLight
                0x0000cf94                ReadEV3ColorSensorAmbientLight
                0x0000cf8c                ReadEV3ColorSensorColor
                0x0000cee0                ReadEV3ColorSensorColorRGB
                0x0000ce7c                ReadEV3ColorSensorRawReflectedLight
 .text          0x0000cfa4      0x198 /usr/local/EV3-API-master/libev3api.a(ev3_ultrasonic.o)
                0x0000d0c4                ReadEV3UltrasonicSensorSingleDistance
                0x0000d000                ReadEV3UltrasonicSensorListen
                0x0000d088                ReadEV3UltrasonicSensorDcDistance
                0x0000d100                ReadEV3UltrasonicSensorDistance
                0x0000cfd8                FireEV3UltrasonicSensor
 .text          0x0000d13c      0x118 /usr/local/EV3-API-master/libev3api.a(ev3_sensors.o)
                0x0000d1f4                GetSensor
                0x0000d19c                SetAllSensors
                0x0000d204                SensorsExit
                0x0000d160                exitSensorsUntilPort
                0x0000d13c                SensorsInit
                0x0000d144                SetSensor
 .text          0x0000d254      0x130 /usr/local/EV3-API-master/libev3api.a(nxt_temperature.o)
                0x0000d274                ReadNXTTemperatureSensor
 .text          0x0000d384       0x4c /usr/local/EV3-API-master/libev3api.a(ev3_touch.o)
                0x0000d3a4                ReadEV3TouchSensor
 .text          0x0000d3d0      0x1a8 /usr/local/EV3-API-master/libev3api.a(ht_compass.o)
                0x0000d400                StopHTCompassCalibration
                0x0000d520                ReadHTCompassSensor
                0x0000d4c0                StartHTCompassCalibration
 .text          0x0000d578       0x48 /usr/local/EV3-API-master/libev3api.a(utility.o)
                0x0000d578                setUARTSensorHandlerMode
 .text          0x0000d5c0      0x100 /usr/local/EV3-API-master/libev3api.a(ev3_ir.o)
                0x0000d628                ReadEV3IrSensorProximity
                0x0000d650                ReadEV3IrSensorSeek
                0x0000d5f4                ReadEV3IrSensorRemote
 .text          0x0000d6c0      0x2c8 /usr/local/EV3-API-master/libev3api.a(ev3_gyro.o)
                0x0000d7f8                ReadEV3GyroSensorAngle
                0x0000d85c                ResetEV3GyroSensor
                0x0000d78c                ReadEV3GyroSensorRate
 .text          0x0000d988       0x74 /usr/local/EV3-API-master/libev3api.a(ht_ir_v2.o)
                0x0000d9d0                ReadHTIrV2Sensor
                0x0000d9bc                ReadHTIrV2SensorAll
 .text          0x0000d9fc       0x6c /usr/local/EV3-API-master/libev3api.a(nxt_sound.o)
                0x0000da1c                ReadNXTSoundSensor
 .text          0x0000da68      0xc80 /usr/local/EV3-API-master/libev3api.a(bluetooth.o)
                0x0000e504                bachk
                0x0000e488                basprintf
                0x0000e5ec                batostr
                0x0000e458                bt_free
                0x0000dc0c                bt_compidtostr
                0x0000e4b4                bafprintf
                0x0000e580                ba2oui
                0x0000e6ac                strtoba
                0x0000da8c                bt_error
                0x0000e460                basnprintf
                0x0000e45c                bt_malloc
                0x0000e4dc                baprintf
                0x0000e640                str2ba
                0x0000e5a8                ba2str
                0x0000da68                baswap
 .text          0x0000e6e8      0x340 /usr/local/EV3-API-master/libev3api.a(ev3_button.core.o)
                0x0000e7f4                ButtonCoreInitialized
                0x0000e74c                ButtonCoreReadButtons
                0x0000e7bc                ButtonCoreReadHWRev
                0x0000e820                ButtonCoreSetLEDs
                0x0000e950                ButtonCoreInit
                0x0000e6e8                ButtonCoreReadButton
                0x0000e8a8                ButtonCoreExit
 .text          0x0000ea28       0x48 /usr/local/EV3-API-master/libev3api.a(ev3_command.o)
                0x0000ea28                Wait
 .text          0x0000ea70      0x7ec /usr/local/EV3-API-master/libev3api.a(ev3_timer.o)
                0x0000ea70                TimerInitialized
                0x0000ebc4                SetTimerCallback
                0x0000ed60                TimerExit
                0x0000eef0                TimerInit
                0x0000ea9c                RemoveTimerCallback
 .text          0x0000f25c       0xc8 /usr/local/EV3-API-master/libev3api.a(ev3_button.o)
                0x0000f290                ButtonLedExit
                0x0000f2bc                ButtonLedInit
                0x0000f278                HardwareVersion
                0x0000f25c                HardwareVersionString
                0x0000f2f0                ButtonLedInitialized
 .text          0x0000f324      0x260 /usr/local/EV3-API-master/libev3api.a(ev3_button.led.o)
                0x0000f468                SetLedPattern
                0x0000f324                LedWarning
                0x0000f418                SetLedWarning
                0x0000f4c4                LedExit
                0x0000f38c                LedInitialized
                0x0000f510                LedInit
                0x0000f358                LedPattern
 .text          0x0000f584     0x2fbc /usr/local/EV3-API-master/libev3api.a(ev3_lcd.o)
                0x0001231c                LcdUpdate
                0x0000f8c4                dLcdDrawPixel
                0x00010d28                CmdDrawLine
                0x000108a4                vasprintf
                0x0000f9d8                dLcdDrawChar
                0x00011f74                LcdScroll
                0x000105c0                DisplayLineX
                0x00010334                LcdRowToY
                0x0000f59c                dLcdGetFontHeight
                0x0000f764                lcdToFrameBuffer
                0x00010c24                DisplayDraw
                0x00010204                LcdText
                0x000118f0                CmdDrawCircle
                0x000103b8                DisplayClrPixel
                0x000101f4                reverse_bits
                0x000108fc                LcdPrintf
                0x0000ff28                dLcdDrawBitmap
                0x0000f89c                LcdInitialized
                0x000101d8                LcdGetDisplay
                0x000101a0                LcdSelectFont
                0x00011adc                Ev3Clear
                0x00011300                CmdDrawEllipse
                0x00012270                TermPrintln
                0x0000f5fc                dLcdGetNumIcons
                0x0000f5b4                dLcdGetIconBits
                0x00011088                CmdDrawRect
                0x00012448                LcdInit
                0x00010364                DisplaySetPixel
                0x0000fda0                dLcdDrawPicture
                0x00010b3c                LcdTextf
                0x00010310                DisplayLineHeight
                0x00011990                LcdFillWindow
                0x00011018                LineOutEx
                0x00010b88                asprintf
                0x00011aec                LcdBmpFile
                0x00012348                LcdSplash
                0x0001084c                LcdSetCursorX
                0x00010ac8                Ev3Printf
                0x00011874                EllipseOutEx
                0x0001203c                TermPrintf
                0x00010748                DisplayFrame
                0x0000ff04                dLcdGetBitmapSize
                0x00012304                LcdRefresh
                0x000102c0                LcdPicture
                0x000123ac                LcdUpdateHandler
                0x00011ebc                LcdWriteDisplayToFile
                0x0000f584                dLcdGetFontWidth
                0x0001086c                LcdGetCursorX
                0x00010190                LcdSetAutoRefresh
                0x00010bb0                DisplayErase
                0x00010460                DisplayFillScreen
                0x0000f5e4                dLcdGetIconHeight
                0x00011b80                _lcdWriteBytesToFile
                0x0001025c                LcdIcon
                0x00012500                WriteToLcdDevice
                0x0000fd20                dLcdDrawText
                0x0001085c                LcdSetCursorY
                0x00011f38                LcdWriteFrameBufferToFile
                0x000111e8                RectOutEx
                0x00011a8c                LcdClean
                0x00010694                DisplayLineY
                0x00010bd8                DisplayEraseLine
                0x0001040c                DisplayXorPixel
                0x000122ac                doUpdateScreen
                0x0000f970                dLcdReadPixel
                0x00011ef8                LcdGetFrameBuffer
                0x0000f5cc                dLcdGetIconWidth
                0x000107d0                CmdResolveDrawingMode
                0x0001088c                LcdResetCursor
                0x00010b00                Ev3Println
                0x000123c4                LcdCloseDevices
                0x0001087c                LcdGetCursorY
                0x00012418                LcdExit
                0x0000f62c                frameBufferToLcd
                0x00011924                CircleOutEx
                0x0000fe60                dLcdDrawIcon
                0x0001125c                CmdSetPixel
                0x000112ac                PointOutEx
 .text          0x00012540      0x6b4 /usr/local/EV3-API-master/libev3api.a(ev3_button.nxc.o)
                0x00012744                ButtonCountEx
                0x000125b0                SetButtonPressCount
                0x00012648                ButtonReleaseCount
                0x00012ac8                ButtonNxcInit
                0x000127bc                ButtonNxcInitialized
                0x00012590                SetButtonShortReleaseCount
                0x00012760                ButtonPressedEx
                0x00012a0c                ButtonNxcSuspend
                0x0001266c                ButtonLongPressCount
                0x00012634                ButtonPressed
                0x00012684                ButtonCount
                0x000127e4                ButtonNxcResume
                0x00012654                ButtonLongReleaseCount
                0x00012678                ButtonPressCount
                0x000125d0                SetButtonLongPressCount
                0x00012580                SetButtonState
                0x00012a64                ButtonNxcExit
                0x000127ac                SetLongAbort
                0x0001277c                SetAbortFlag
                0x00012688                ReadButtonEx
                0x00012714                SysReadButton
                0x000125a0                SetButtonReleaseCount
                0x00012628                ButtonState
                0x000125c0                SetButtonLongReleaseCount
                0x00012660                ButtonShortReleaseCount
 .text          0x00012bf4      0x2a4 /usr/local/EV3-API-master/libev3api.a(ev3_array.o)
                0x00012db4                CArrayInsert
                0x00012c88                CArrayFree
                0x00012c10                CArrayStackPop
                0x00012e20                CArrayStackPush
                0x00012bf4                CArrayAccess
                0x00012c2c                CArrayRemove
                0x00012e50                CArrayInit
                0x00012d38                CArrayMirror
                0x00012da8                CArrayEnsureFreeCapacity
                0x00012cac                CArrayChangeCapacity
                0x00012d04                CArrayEnsureCapacity
 .text          0x00012e98      0x378 /usr/local/EV3-API-master/libev3api.a(ev3_timer.ts.o)
                0x00012e98                TimerGetMS
                0x00013110                ClearTimer
                0x00013090                ClearTimerUS
                0x00012fd0                TimerReady
                0x00013190                TimerUS
                0x00012f00                TimerWait
                0x000130d0                ClearTimerMS
                0x00013058                SetTimerUS
                0x000130d8                SetTimer
                0x000131d8                FastTimer
                0x00012f14                TimerGetUS
                0x000131fc                Timer
                0x000131b4                TimerMS
                0x00012f50                tmInitTimestampSlots
                0x00013098                SetTimerMS
                0x00012ee4                TimerGetCS
 .text          0x00013210      0x3b0 /usr/local/EV3-API-master/libev3api.a(ev3_input_uart.o)
                0x00013210                exitEV3UARTInput
                0x00013258                readFromUART
                0x00013364                disableUART
                0x0001344c                setUARTSensorMode
                0x000133a4                waitUartReady
                0x000134d0                initEV3UARTInput
                0x000132c4                writeToUART
 .text          0x000135c0      0x2b8 /usr/local/EV3-API-master/libev3api.a(ev3_input_iic.o)
                0x000135c0                exitEV3IICInput
                0x000136a0                startPollingFromIIC
                0x0001372c                readFromIICSharedMemory
                0x000136dc                initIICPort
                0x00013604                writeToIIC
                0x00013798                readFromIIC
                0x000137ec                initEV3IICInput
 .text          0x00013878       0xfc /usr/local/EV3-API-master/libev3api.a(ev3_input_analog.o)
                0x000138ec                initEV3AnalogInput
                0x000138a8                exitEV3AnalogInput
                0x00013890                readOldDumbSensor
                0x00013878                readNewDumbSensor
 .text          0x00013974      0x114 /usr/local/CodeSourcery/arm-2009q1/bin/../lib/gcc/arm-none-linux-gnueabi/4.3.3/armv4t/libgcc.a(_udivsi3.o)
                0x00013974                __udivsi3
                0x00013974                __aeabi_uidiv
                0x00013a68                __aeabi_uidivmod
 .text          0x00013a88      0x148 /usr/local/CodeSourcery/arm-2009q1/bin/../lib/gcc/arm-none-linux-gnueabi/4.3.3/armv4t/libgcc.a(_divsi3.o)
                0x00013a88                __divsi3
                0x00013bb0                __aeabi_idivmod
                0x00013a88                __aeabi_idiv
 .text          0x00013bd0      0x41c /usr/local/CodeSourcery/arm-2009q1/bin/../lib/gcc/arm-none-linux-gnueabi/4.3.3/armv4t/libgcc.a(_arm_addsubdf3.o)
                0x00013f78                __floatundidf
                0x00013f10                __floatsidf
                0x00013eec                __aeabi_ui2d
                0x00013f10                __aeabi_i2d
                0x00013eec                __floatunsidf
                0x00013bd8                __subdf3
                0x00013f8c                __floatdidf
                0x00013bdc                __adddf3
                0x00013f8c                __aeabi_l2d
                0x00013f38                __aeabi_f2d
                0x00013f78                __aeabi_ul2d
                0x00013bd0                __aeabi_drsub
                0x00013f38                __extendsfdf2
                0x00013bdc                __aeabi_dadd
                0x00013bd8                __aeabi_dsub
 .text          0x00013fec      0x49c /usr/local/CodeSourcery/arm-2009q1/bin/../lib/gcc/arm-none-linux-gnueabi/4.3.3/armv4t/libgcc.a(_arm_muldivdf3.o)
                0x00013fec                __muldf3
                0x0001427c                __divdf3
                0x00013fec                __aeabi_dmul
                0x0001427c                __aeabi_ddiv
 .text          0x00014488       0x5c /usr/local/CodeSourcery/arm-2009q1/bin/../lib/gcc/arm-none-linux-gnueabi/4.3.3/armv4t/libgcc.a(_arm_fixdfsi.o)
                0x00014488                __fixdfsi
                0x00014488                __aeabi_d2iz
 .text          0x000144e4       0x3c /usr/local/CodeSourcery/arm-2009q1/bin/../lib/gcc/arm-none-linux-gnueabi/4.3.3/armv4t/libgcc.a(_aeabi_uldivmod.o)
                0x000144e4                __aeabi_uldivmod
 .text          0x00014520       0x14 /usr/local/CodeSourcery/arm-2009q1/bin/../lib/gcc/arm-none-linux-gnueabi/4.3.3/armv4t/libgcc.a(_dvmd_lnx.o)
                0x00014520                __aeabi_idiv0
                0x00014520                __aeabi_ldiv0
 .text          0x00014534       0x80 /usr/local/CodeSourcery/arm-2009q1/bin/../lib/gcc/arm-none-linux-gnueabi/4.3.3/armv4t/libgcc.a(bpabi.o)
                0x00014574                __gnu_ldivmod_helper
                0x00014534                __gnu_uldivmod_helper
 .text          0x000145b4      0x5a4 /usr/local/CodeSourcery/arm-2009q1/bin/../lib/gcc/arm-none-linux-gnueabi/4.3.3/armv4t/libgcc.a(_divdi3.o)
                0x000145b4                __divdi3
 .text          0x00014b58      0x52c /usr/local/CodeSourcery/arm-2009q1/bin/../lib/gcc/arm-none-linux-gnueabi/4.3.3/armv4t/libgcc.a(_udivdi3.o)
                0x00014b58                __udivdi3
 .text          0x00015084       0x78 /usr/local/CodeSourcery/arm-2009q1/bin/../arm-none-linux-gnueabi/libc/armv4t/usr/lib/libc_nonshared.a(elf-init.oS)
                0x00015084                __libc_csu_fini
                0x00015088                __libc_csu_init
 .text          0x000150fc       0x1c /usr/local/CodeSourcery/arm-2009q1/bin/../arm-none-linux-gnueabi/libc/armv4t/usr/lib/libc_nonshared.a(stat.oS)
                0x000150fc                __stat
                0x000150fc                stat
 *(.gnu.warning)
 *(.glue_7t)
 .glue_7t       0x00000000        0x0 linker stubs
 *(.glue_7)
 .glue_7        0x00000000        0x0 linker stubs
 *(.vfp11_veneer)
 .vfp11_veneer  0x00000000        0x0 linker stubs
 *(.v4_bx)
 .v4_bx         0x00000000        0x0 linker stubs

.fini           0x00015118        0xc
 *(.fini)
 .fini          0x00015118        0x4 /usr/local/CodeSourcery/arm-2009q1/bin/../arm-none-linux-gnueabi/libc/armv4t/usr/lib/crti.o
                0x00015118                _fini
 .fini          0x0001511c        0x8 /usr/local/CodeSourcery/arm-2009q1/bin/../arm-none-linux-gnueabi/libc/armv4t/usr/lib/crtn.o
                0x00015124                PROVIDE (__etext, .)
                0x00015124                PROVIDE (_etext, .)
                0x00015124                PROVIDE (etext, .)

.rodata         0x00015124     0x116d
 *(.rodata .rodata.* .gnu.linkonce.r.*)
 .rodata.str1.1
                0x00015124       0x22 /usr/local/EV3-API-master/libev3api.a(ev3_output.o)
 .rodata        0x00015146       0xd2 /usr/local/EV3-API-master/libev3api.a(ev3_sound.o)
                0x00015146                StepSizeTable
                0x000151f8                IndexTable
 .rodata.str1.1
                0x00015218       0x19 /usr/local/EV3-API-master/libev3api.a(ev3_sound.o)
 .rodata.str1.1
                0x00015231       0x65 /usr/local/EV3-API-master/libev3api.a(ev3_bluetooth.o)
                                 0x67 (size before relaxing)
 .rodata        0x00015296        0x4 /usr/local/EV3-API-master/libev3api.a(ht_compass.o)
 .rodata.str1.1
                0x0001529a      0xa79 /usr/local/EV3-API-master/libev3api.a(bluetooth.o)
 .rodata.str1.1
                0x00015d13       0xcb /usr/local/EV3-API-master/libev3api.a(ev3_button.core.o)
 *fill*         0x00015dde        0x2 00
 .rodata        0x00015de0       0x10 /usr/local/EV3-API-master/libev3api.a(ev3_timer.o)
 .rodata.str1.1
                0x00015df0      0x1b1 /usr/local/EV3-API-master/libev3api.a(ev3_timer.o)
 .rodata.str1.1
                0x00015fa1        0x6 /usr/local/EV3-API-master/libev3api.a(ev3_button.o)
 .rodata        0x00015fa7      0x100 /usr/local/EV3-API-master/libev3api.a(ev3_lcd.o)
 .rodata.str1.1
                0x000160a7       0xbf /usr/local/EV3-API-master/libev3api.a(ev3_lcd.o)
                                 0xc1 (size before relaxing)
 .rodata.str1.1
                0x00016166        0xe /usr/local/EV3-API-master/libev3api.a(ev3_input_uart.o)
 .rodata.str1.1
                0x00016174        0xd /usr/local/EV3-API-master/libev3api.a(ev3_input_iic.o)
 .rodata.str1.1
                0x00016181       0x10 /usr/local/EV3-API-master/libev3api.a(ev3_input_analog.o)
 .rodata        0x00016191      0x100 /usr/local/CodeSourcery/arm-2009q1/bin/../lib/gcc/arm-none-linux-gnueabi/4.3.3/armv4t/libgcc.a(_clz.o)
                0x00016191                __clz_tab

.rodata1
 *(.rodata1)

.ARM.extab      0x00016294      0x21c
 *(.ARM.extab* .gnu.linkonce.armextab.*)
 .ARM.extab.text.turn_right
                0x00016294        0xc ./src/RobotEV3.o
 .ARM.extab.text.turn_left
                0x000162a0        0xc ./src/RobotEV3.o
 .ARM.extab.text.turn_left_high
                0x000162ac        0xc ./src/RobotEV3.o
 .ARM.extab.text.turn_right_high
                0x000162b8        0xc ./src/RobotEV3.o
 .ARM.extab.text.wall_follow
                0x000162c4        0xc ./src/RobotEV3.o
 .ARM.extab.text.wander
                0x000162d0        0xc ./src/RobotEV3.o
 .ARM.extab.text.look_for_can
                0x000162dc        0xc ./src/RobotEV3.o
 .ARM.extab.text.goal_find
                0x000162e8        0xc ./src/RobotEV3.o
 .ARM.extab.text.main
                0x000162f4        0xc ./src/RobotEV3.o
 .ARM.extab     0x00016300       0x90 /usr/local/EV3-API-master/libev3api.a(ev3_output.o)
 .ARM.extab     0x00016390       0x18 /usr/local/EV3-API-master/libev3api.a(ev3_sound.o)
 .ARM.extab     0x000163a8        0xc /usr/local/EV3-API-master/libev3api.a(ev3_bluetooth.o)
 .ARM.extab     0x000163b4        0xc /usr/local/EV3-API-master/libev3api.a(ev3_ultrasonic.o)
 .ARM.extab     0x000163c0       0x18 /usr/local/EV3-API-master/libev3api.a(ev3_gyro.o)
 .ARM.extab     0x000163d8        0xc /usr/local/EV3-API-master/libev3api.a(ht_ir_v2.o)
 .ARM.extab     0x000163e4       0x3c /usr/local/EV3-API-master/libev3api.a(bluetooth.o)
 .ARM.extab     0x00016420       0x78 /usr/local/EV3-API-master/libev3api.a(ev3_lcd.o)
 .ARM.extab     0x00016498       0x18 /usr/local/EV3-API-master/libev3api.a(ev3_button.nxc.o)
                0x000164b0                __exidx_start = .

.ARM.exidx      0x000164b0      0x950
 *(.ARM.exidx* .gnu.linkonce.armexidx.*)
 .ARM.exidx     0x000164c0        0x0 /usr/local/CodeSourcery/arm-2009q1/bin/../arm-none-linux-gnueabi/libc/armv4t/usr/lib/crt1.o
                                  0x8 (size before relaxing)
 .ARM.exidx     0x000164c0        0x8 /usr/local/CodeSourcery/arm-2009q1/bin/../arm-none-linux-gnueabi/libc/armv4t/usr/lib/crti.o
 .ARM.exidx     0x000164c8       0x10 /usr/local/CodeSourcery/arm-2009q1/bin/../lib/gcc/arm-none-linux-gnueabi/4.3.3/armv4t/crtbegin.o
 .ARM.exidx.text.turn_right
                0x000164d8        0x8 ./src/RobotEV3.o
 .ARM.exidx.text.turn_left
                0x000164e0        0x8 ./src/RobotEV3.o
 .ARM.exidx.text.turn_left_high
                0x000164e8        0x8 ./src/RobotEV3.o
 .ARM.exidx.text.turn_right_high
                0x000164f0        0x8 ./src/RobotEV3.o
 .ARM.exidx.text.wall_follow
                0x000164f8        0x8 ./src/RobotEV3.o
 .ARM.exidx.text.wander
                0x00016500        0x8 ./src/RobotEV3.o
 .ARM.exidx.text.look_for_can
                0x00016508        0x8 ./src/RobotEV3.o
 .ARM.exidx.text.goal_find
                0x00016510        0x8 ./src/RobotEV3.o
 .ARM.exidx.text.main
                0x00016518        0x8 ./src/RobotEV3.o
 .ARM.exidx     0x00016520       0x10 /usr/local/EV3-API-master/libev3api.a(ev3.o)
                                 0x18 (size before relaxing)
 .ARM.exidx     0x00016530      0x178 /usr/local/EV3-API-master/libev3api.a(ev3_output.o)
                                0x210 (size before relaxing)
 .ARM.exidx     0x000166a8       0xa8 /usr/local/EV3-API-master/libev3api.a(ev3_sound.o)
                                 0xd8 (size before relaxing)
 .ARM.exidx     0x00016750       0x40 /usr/local/EV3-API-master/libev3api.a(ev3_bluetooth.o)
                                 0x48 (size before relaxing)
 .ARM.exidx     0x00016790       0x38 /usr/local/EV3-API-master/libev3api.a(ev3_button.lejos.o)
                                 0x68 (size before relaxing)
 .ARM.exidx     0x000167c8       0x10 /usr/local/EV3-API-master/libev3api.a(ev3_input.o)
 .ARM.exidx     0x000167d8       0x18 /usr/local/EV3-API-master/libev3api.a(c4ev3_compatibility.o)
 .ARM.exidx     0x000167f0       0x30 /usr/local/EV3-API-master/libev3api.a(ev3_color.o)
                                 0x40 (size before relaxing)
 .ARM.exidx     0x00016820       0x28 /usr/local/EV3-API-master/libev3api.a(ev3_ultrasonic.o)
                                 0x40 (size before relaxing)
 .ARM.exidx     0x00016848       0x28 /usr/local/EV3-API-master/libev3api.a(ev3_sensors.o)
                                 0x30 (size before relaxing)
 .ARM.exidx     0x00016870       0x10 /usr/local/EV3-API-master/libev3api.a(nxt_temperature.o)
 .ARM.exidx     0x00016880       0x10 /usr/local/EV3-API-master/libev3api.a(ev3_touch.o)
 .ARM.exidx     0x00016890       0x20 /usr/local/EV3-API-master/libev3api.a(ht_compass.o)
                                 0x28 (size before relaxing)
 .ARM.exidx     0x000168b0        0x8 /usr/local/EV3-API-master/libev3api.a(utility.o)
 .ARM.exidx     0x000168b8       0x28 /usr/local/EV3-API-master/libev3api.a(ev3_ir.o)
 .ARM.exidx     0x000168e0       0x30 /usr/local/EV3-API-master/libev3api.a(ev3_gyro.o)
 .ARM.exidx     0x00016910       0x20 /usr/local/EV3-API-master/libev3api.a(ht_ir_v2.o)
 .ARM.exidx     0x00016930       0x10 /usr/local/EV3-API-master/libev3api.a(nxt_sound.o)
 .ARM.exidx     0x00016940       0x50 /usr/local/EV3-API-master/libev3api.a(bluetooth.o)
                                 0x78 (size before relaxing)
 .ARM.exidx     0x00016990       0x20 /usr/local/EV3-API-master/libev3api.a(ev3_button.core.o)
                                 0x38 (size before relaxing)
 .ARM.exidx     0x000169b0        0x8 /usr/local/EV3-API-master/libev3api.a(ev3_command.o)
 .ARM.exidx     0x000169b8       0x38 /usr/local/EV3-API-master/libev3api.a(ev3_timer.o)
 .ARM.exidx     0x000169f0       0x18 /usr/local/EV3-API-master/libev3api.a(ev3_button.o)
                                 0x28 (size before relaxing)
 .ARM.exidx     0x00016a08       0x20 /usr/local/EV3-API-master/libev3api.a(ev3_button.led.o)
                                 0x40 (size before relaxing)
 .ARM.exidx     0x00016a28      0x1d8 /usr/local/EV3-API-master/libev3api.a(ev3_lcd.o)
                                0x270 (size before relaxing)
 .ARM.exidx     0x00016c00       0x80 /usr/local/EV3-API-master/libev3api.a(ev3_button.nxc.o)
                                 0xe0 (size before relaxing)
 .ARM.exidx     0x00016c80       0x50 /usr/local/EV3-API-master/libev3api.a(ev3_array.o)
                                 0x58 (size before relaxing)
 .ARM.exidx     0x00016cd0       0x70 /usr/local/EV3-API-master/libev3api.a(ev3_timer.ts.o)
                                 0x90 (size before relaxing)
 .ARM.exidx     0x00016d40       0x30 /usr/local/EV3-API-master/libev3api.a(ev3_input_uart.o)
                                 0x38 (size before relaxing)
 .ARM.exidx     0x00016d70       0x30 /usr/local/EV3-API-master/libev3api.a(ev3_input_iic.o)
                                 0x38 (size before relaxing)
 .ARM.exidx     0x00016da0       0x20 /usr/local/EV3-API-master/libev3api.a(ev3_input_analog.o)
 .ARM.exidx     0x00016dc0        0x8 /usr/local/CodeSourcery/arm-2009q1/bin/../lib/gcc/arm-none-linux-gnueabi/4.3.3/armv4t/libgcc.a(bpabi.o)
                                 0x10 (size before relaxing)
 .ARM.exidx     0x00016dc8        0x8 /usr/local/CodeSourcery/arm-2009q1/bin/../lib/gcc/arm-none-linux-gnueabi/4.3.3/armv4t/libgcc.a(_divdi3.o)
 .ARM.exidx     0x00016dd0        0x0 /usr/local/CodeSourcery/arm-2009q1/bin/../lib/gcc/arm-none-linux-gnueabi/4.3.3/armv4t/libgcc.a(_udivdi3.o)
                                  0x8 (size before relaxing)
 .ARM.exidx     0x00016dd0       0x10 /usr/local/CodeSourcery/arm-2009q1/bin/../arm-none-linux-gnueabi/libc/armv4t/usr/lib/libc_nonshared.a(elf-init.oS)
 .ARM.exidx     0x00016de0       0x10 /usr/local/CodeSourcery/arm-2009q1/bin/../arm-none-linux-gnueabi/libc/armv4t/usr/lib/libc_nonshared.a(stat.oS)
                                  0x8 (size before relaxing)
 .ARM.exidx.init
                0x000164b0       0x10 /usr/local/CodeSourcery/arm-2009q1/bin/../arm-none-linux-gnueabi/libc/armv4t/usr/lib/crtn.o
                                  0x8 (size before relaxing)
 .ARM.exidx.fini
                0x00016df0       0x10 /usr/local/CodeSourcery/arm-2009q1/bin/../arm-none-linux-gnueabi/libc/armv4t/usr/lib/crtn.o
                                  0x8 (size before relaxing)
                0x00016e00                __exidx_end = .

.eh_frame_hdr
 *(.eh_frame_hdr)

.eh_frame       0x00016e00        0x4
 *(.eh_frame)
 .eh_frame      0x00016e00        0x4 /usr/local/CodeSourcery/arm-2009q1/bin/../lib/gcc/arm-none-linux-gnueabi/4.3.3/armv4t/crtend.o

.gcc_except_table
 *(.gcc_except_table .gcc_except_table.*)
                0x00016e04                . = (ALIGN (0x8000) - ((0x8000 - .) & 0x7fff))
                0x0001f000                . = (0x8000 DATA_SEGMENT_ALIGN 0x1000)

.eh_frame
 *(.eh_frame)

.gcc_except_table
 *(.gcc_except_table .gcc_except_table.*)

.tdata
 *(.tdata .tdata.* .gnu.linkonce.td.*)

.tbss
 *(.tbss .tbss.* .gnu.linkonce.tb.*)
 *(.tcommon)

.preinit_array  0x0001f000        0x0
                0x0001f000                PROVIDE (__preinit_array_start, .)
 *(.preinit_array)
                0x0001f000                PROVIDE (__preinit_array_end, .)

.init_array     0x0001f000        0x8
                0x0001f000                PROVIDE (__init_array_start, .)
 *(SORT(.init_array.*))
 *(.init_array)
 .init_array    0x0001f000        0x4 /usr/local/CodeSourcery/arm-2009q1/bin/../lib/gcc/arm-none-linux-gnueabi/4.3.3/armv4t/crtbegin.o
 .init_array    0x0001f004        0x4 /usr/local/EV3-API-master/libev3api.a(ev3.o)
                0x0001f008                PROVIDE (__init_array_end, .)

.fini_array     0x0001f008        0x8
                0x0001f008                PROVIDE (__fini_array_start, .)
 *(.fini_array)
 .fini_array    0x0001f008        0x4 /usr/local/CodeSourcery/arm-2009q1/bin/../lib/gcc/arm-none-linux-gnueabi/4.3.3/armv4t/crtbegin.o
 .fini_array    0x0001f00c        0x4 /usr/local/EV3-API-master/libev3api.a(ev3.o)
 *(SORT(.fini_array.*))
                0x0001f010                PROVIDE (__fini_array_end, .)

.ctors
 *crtbegin.o(.ctors)
 *crtbegin?.o(.ctors)
 *(EXCLUDE_FILE(*crtend?.o *crtend.o) .ctors)
 *(SORT(.ctors.*))
 *(.ctors)

.dtors
 *crtbegin.o(.dtors)
 *crtbegin?.o(.dtors)
 *(EXCLUDE_FILE(*crtend?.o *crtend.o) .dtors)
 *(SORT(.dtors.*))
 *(.dtors)

.jcr            0x0001f010        0x4
 *(.jcr)
 .jcr           0x0001f010        0x0 /usr/local/CodeSourcery/arm-2009q1/bin/../lib/gcc/arm-none-linux-gnueabi/4.3.3/armv4t/crtbegin.o
 .jcr           0x0001f010        0x4 /usr/local/CodeSourcery/arm-2009q1/bin/../lib/gcc/arm-none-linux-gnueabi/4.3.3/armv4t/crtend.o

.data.rel.ro
 *(.data.rel.ro.local* .gnu.linkonce.d.rel.ro.local.*)
 *(.data.rel.ro* .gnu.linkonce.d.rel.ro.*)

.dynamic        0x0001f014      0x100
 *(.dynamic)
 .dynamic       0x0001f014      0x100 /usr/local/CodeSourcery/arm-2009q1/bin/../arm-none-linux-gnueabi/libc/armv4t/usr/lib/crti.o
                0x0001f014                _DYNAMIC
                0x0001f114                . = (. DATA_SEGMENT_RELRO_END 0x0)

.got            0x0001f114      0x140
 *(.got.plt)
 .got.plt       0x0001f114      0x138 /usr/local/CodeSourcery/arm-2009q1/bin/../arm-none-linux-gnueabi/libc/armv4t/usr/lib/crti.o
                0x0001f114                _GLOBAL_OFFSET_TABLE_
 *(.got)
 .got           0x0001f24c        0x8 /usr/local/CodeSourcery/arm-2009q1/bin/../arm-none-linux-gnueabi/libc/armv4t/usr/lib/crti.o

.data           0x0001f254     0x2684
                0x0001f254                __data_start = .
 *(.data .data.* .gnu.linkonce.d.*)
 .data.current_speed
                0x0001f254        0x1 ./src/RobotEV3.o
                0x0001f254                current_speed
 *fill*         0x0001f255        0x3 00
 .data.optimal  0x0001f258        0x4 ./src/RobotEV3.o
                0x0001f258                optimal
 .data.search_interval
                0x0001f25c        0x4 ./src/RobotEV3.o
                0x0001f25c                search_interval
 .data.wander_search_interval
                0x0001f260        0x4 ./src/RobotEV3.o
                0x0001f260                wander_search_interval
 .data          0x0001f264        0x4 /usr/local/EV3-API-master/libev3api.a(ev3_bluetooth.o)
 .data          0x0001f268       0x10 /usr/local/EV3-API-master/libev3api.a(c4ev3_compatibility.o)
 .data          0x0001f278       0x1c /usr/local/EV3-API-master/libev3api.a(ev3_color.o)
                0x0001f278                EV3Color
 .data          0x0001f294       0x1c /usr/local/EV3-API-master/libev3api.a(ev3_ultrasonic.o)
                0x0001f294                EV3Ultrasonic
 .data          0x0001f2b0       0x1c /usr/local/EV3-API-master/libev3api.a(nxt_temperature.o)
                0x0001f2b0                NXTTemperature
 .data          0x0001f2cc       0x1c /usr/local/EV3-API-master/libev3api.a(ev3_touch.o)
                0x0001f2cc                EV3Touch
 .data          0x0001f2e8       0x1c /usr/local/EV3-API-master/libev3api.a(ht_compass.o)
                0x0001f2e8                HTCompass
 .data          0x0001f304       0x1c /usr/local/EV3-API-master/libev3api.a(ev3_ir.o)
                0x0001f304                EV3Ir
 .data          0x0001f320       0x1c /usr/local/EV3-API-master/libev3api.a(ev3_gyro.o)
                0x0001f320                EV3Gyro
 .data          0x0001f33c       0x1c /usr/local/EV3-API-master/libev3api.a(ht_ir_v2.o)
                0x0001f33c                HTIrV2
 .data          0x0001f358       0x1c /usr/local/EV3-API-master/libev3api.a(nxt_sound.o)
                0x0001f358                NXTSound
 .data          0x0001f374       0x34 /usr/local/EV3-API-master/libev3api.a(ev3_button.core.o)
 .data          0x0001f3a8     0x2530 /usr/local/EV3-API-master/libev3api.a(ev3_lcd.o)
                0x0001f514                PixelTab
                0x0001f414                UnPixelTab
                0x0001f3d8                IconInfo
                0x0001f3a8                FontInfo
                0x0001f51c                Masks

.data1
 *(.data1)
                0x000218d8                _edata = .
                0x000218d8                PROVIDE (edata, .)
                0x000218d8                __bss_start = .
                0x000218d8                __bss_start__ = .

.bss            0x000218d8     0x30dc
 *(.dynbss)
 .dynbss        0x00000000        0x0 /usr/local/CodeSourcery/arm-2009q1/bin/../arm-none-linux-gnueabi/libc/armv4t/usr/lib/crti.o
 *(.bss .bss.* .gnu.linkonce.b.*)
 .bss           0x000218d8        0x1 /usr/local/CodeSourcery/arm-2009q1/bin/../lib/gcc/arm-none-linux-gnueabi/4.3.3/armv4t/crtbegin.o
 .bss           0x000218d9        0x1 /usr/local/EV3-API-master/libev3api.a(ev3.o)
 *fill*         0x000218da        0x2 00
 .bss           0x000218dc       0x20 /usr/local/EV3-API-master/libev3api.a(ev3_bluetooth.o)
 .bss           0x000218fc        0x1 /usr/local/EV3-API-master/libev3api.a(ev3_input.o)
 *fill*         0x000218fd        0x3 00
 .bss           0x00021900      0x1a4 /usr/local/EV3-API-master/libev3api.a(c4ev3_compatibility.o)
 .bss           0x00021aa4       0x10 /usr/local/EV3-API-master/libev3api.a(ev3_sensors.o)
 .bss           0x00021ab4        0x4 /usr/local/EV3-API-master/libev3api.a(ht_compass.o)
 .bss           0x00021ab8       0x70 /usr/local/EV3-API-master/libev3api.a(ev3_gyro.o)
 .bss           0x00021b28      0x118 /usr/local/EV3-API-master/libev3api.a(ev3_timer.o)
                0x00021b28                tcb
 .bss           0x00021c40       0x20 /usr/local/EV3-API-master/libev3api.a(ev3_button.led.o)
 .bss           0x00021c60        0xc /usr/local/EV3-API-master/libev3api.a(ev3_lcd.o)
 .bss           0x00021c6c       0xd4 /usr/local/EV3-API-master/libev3api.a(ev3_button.nxc.o)
 .bss           0x00021d40        0xc /usr/local/EV3-API-master/libev3api.a(ev3_input_uart.o)
 .bss           0x00021d4c       0x68 /usr/local/EV3-API-master/libev3api.a(ev3_input_iic.o)
 .bss           0x00021db4        0xc /usr/local/EV3-API-master/libev3api.a(ev3_input_analog.o)
 *(COMMON)
 COMMON         0x00021dc0       0x48 /usr/local/EV3-API-master/libev3api.a(ev3_output.o)
                0x00021dc0                OutputInstance
 COMMON         0x00021e08      0x208 /usr/local/EV3-API-master/libev3api.a(ev3_sound.o)
                0x00021e08                SoundInstance
 COMMON         0x00022010        0xc /usr/local/EV3-API-master/libev3api.a(ev3_input.o)
                0x00022010                devCon
 COMMON         0x0002201c     0x2998 /usr/local/EV3-API-master/libev3api.a(ev3_lcd.o)
                0x0002201c                LCDInstance
                0x00022bb4                hwBuffer
                0x000249b4                . = ALIGN ((. != 0x0)?0x4:0x1)
                0x000249b4                _bss_end__ = .
                0x000249b4                __bss_end__ = .
                0x000249b4                . = ALIGN (0x4)
                0x000249b4                . = ALIGN (0x4)
                0x000249b4                __end__ = .
                0x000249b4                _end = .
                0x000249b4                PROVIDE (end, .)
                0x000249b4                . = DATA_SEGMENT_END (.)

.stab
 *(.stab)

.stabstr
 *(.stabstr)

.stab.excl
 *(.stab.excl)

.stab.exclstr
 *(.stab.exclstr)

.stab.index
 *(.stab.index)

.stab.indexstr
 *(.stab.indexstr)

.ARM.attributes
                0x00000000       0x2d
 .ARM.attributes
                0x00000000       0x26 /usr/local/CodeSourcery/arm-2009q1/bin/../arm-none-linux-gnueabi/libc/armv4t/usr/lib/crt1.o
 .ARM.attributes
                0x00000026       0x2a /usr/local/CodeSourcery/arm-2009q1/bin/../arm-none-linux-gnueabi/libc/armv4t/usr/lib/crti.o
 .ARM.attributes
                0x00000050       0x2a /usr/local/CodeSourcery/arm-2009q1/bin/../lib/gcc/arm-none-linux-gnueabi/4.3.3/armv4t/crtbegin.o
 .ARM.attributes
                0x0000007a       0x2c ./src/RobotEV3.o
 .ARM.attributes
                0x000000a6       0x31 /usr/local/EV3-API-master/libev3api.a(ev3.o)
 .ARM.attributes
                0x000000d7       0x31 /usr/local/EV3-API-master/libev3api.a(ev3_output.o)
 .ARM.attributes
                0x00000108       0x31 /usr/local/EV3-API-master/libev3api.a(ev3_sound.o)
 .ARM.attributes
                0x00000139       0x31 /usr/local/EV3-API-master/libev3api.a(ev3_bluetooth.o)
 .ARM.attributes
                0x0000016a       0x31 /usr/local/EV3-API-master/libev3api.a(ev3_button.lejos.o)
 .ARM.attributes
                0x0000019b       0x31 /usr/local/EV3-API-master/libev3api.a(ev3_input.o)
 .ARM.attributes
                0x000001cc       0x31 /usr/local/EV3-API-master/libev3api.a(c4ev3_compatibility.o)
 .ARM.attributes
                0x000001fd       0x31 /usr/local/EV3-API-master/libev3api.a(ev3_color.o)
 .ARM.attributes
                0x0000022e       0x31 /usr/local/EV3-API-master/libev3api.a(ev3_ultrasonic.o)
 .ARM.attributes
                0x0000025f       0x31 /usr/local/EV3-API-master/libev3api.a(ev3_sensors.o)
 .ARM.attributes
                0x00000290       0x31 /usr/local/EV3-API-master/libev3api.a(nxt_temperature.o)
 .ARM.attributes
                0x000002c1       0x31 /usr/local/EV3-API-master/libev3api.a(ev3_touch.o)
 .ARM.attributes
                0x000002f2       0x31 /usr/local/EV3-API-master/libev3api.a(ht_compass.o)
 .ARM.attributes
                0x00000323       0x31 /usr/local/EV3-API-master/libev3api.a(utility.o)
 .ARM.attributes
                0x00000354       0x31 /usr/local/EV3-API-master/libev3api.a(ev3_ir.o)
 .ARM.attributes
                0x00000385       0x31 /usr/local/EV3-API-master/libev3api.a(ev3_gyro.o)
 .ARM.attributes
                0x000003b6       0x31 /usr/local/EV3-API-master/libev3api.a(ht_ir_v2.o)
 .ARM.attributes
                0x000003e7       0x31 /usr/local/EV3-API-master/libev3api.a(nxt_sound.o)
 .ARM.attributes
                0x00000418       0x31 /usr/local/EV3-API-master/libev3api.a(bluetooth.o)
 .ARM.attributes
                0x00000449       0x31 /usr/local/EV3-API-master/libev3api.a(ev3_button.core.o)
 .ARM.attributes
                0x0000047a       0x31 /usr/local/EV3-API-master/libev3api.a(ev3_command.o)
 .ARM.attributes
                0x000004ab       0x31 /usr/local/EV3-API-master/libev3api.a(ev3_timer.o)
 .ARM.attributes
                0x000004dc       0x31 /usr/local/EV3-API-master/libev3api.a(ev3_button.o)
 .ARM.attributes
                0x0000050d       0x31 /usr/local/EV3-API-master/libev3api.a(ev3_button.led.o)
 .ARM.attributes
                0x0000053e       0x31 /usr/local/EV3-API-master/libev3api.a(ev3_lcd.o)
 .ARM.attributes
                0x0000056f       0x31 /usr/local/EV3-API-master/libev3api.a(ev3_button.nxc.o)
 .ARM.attributes
                0x000005a0       0x31 /usr/local/EV3-API-master/libev3api.a(ev3_array.o)
 .ARM.attributes
                0x000005d1       0x31 /usr/local/EV3-API-master/libev3api.a(ev3_timer.ts.o)
 .ARM.attributes
                0x00000602       0x31 /usr/local/EV3-API-master/libev3api.a(ev3_input_uart.o)
 .ARM.attributes
                0x00000633       0x31 /usr/local/EV3-API-master/libev3api.a(ev3_input_iic.o)
 .ARM.attributes
                0x00000664       0x31 /usr/local/EV3-API-master/libev3api.a(ev3_input_analog.o)
 .ARM.attributes
                0x00000695       0x1a /usr/local/CodeSourcery/arm-2009q1/bin/../lib/gcc/arm-none-linux-gnueabi/4.3.3/armv4t/libgcc.a(_udivsi3.o)
 .ARM.attributes
                0x000006af       0x1a /usr/local/CodeSourcery/arm-2009q1/bin/../lib/gcc/arm-none-linux-gnueabi/4.3.3/armv4t/libgcc.a(_divsi3.o)
 .ARM.attributes
                0x000006c9       0x1a /usr/local/CodeSourcery/arm-2009q1/bin/../lib/gcc/arm-none-linux-gnueabi/4.3.3/armv4t/libgcc.a(_arm_addsubdf3.o)
 .ARM.attributes
                0x000006e3       0x1a /usr/local/CodeSourcery/arm-2009q1/bin/../lib/gcc/arm-none-linux-gnueabi/4.3.3/armv4t/libgcc.a(_arm_muldivdf3.o)
 .ARM.attributes
                0x000006fd       0x1a /usr/local/CodeSourcery/arm-2009q1/bin/../lib/gcc/arm-none-linux-gnueabi/4.3.3/armv4t/libgcc.a(_arm_fixdfsi.o)
 .ARM.attributes
                0x00000717       0x1a /usr/local/CodeSourcery/arm-2009q1/bin/../lib/gcc/arm-none-linux-gnueabi/4.3.3/armv4t/libgcc.a(_aeabi_uldivmod.o)
 .ARM.attributes
                0x00000731       0x1a /usr/local/CodeSourcery/arm-2009q1/bin/../lib/gcc/arm-none-linux-gnueabi/4.3.3/armv4t/libgcc.a(_dvmd_lnx.o)
 .ARM.attributes
                0x0000074b       0x2a /usr/local/CodeSourcery/arm-2009q1/bin/../lib/gcc/arm-none-linux-gnueabi/4.3.3/armv4t/libgcc.a(bpabi.o)
 .ARM.attributes
                0x00000775       0x2a /usr/local/CodeSourcery/arm-2009q1/bin/../lib/gcc/arm-none-linux-gnueabi/4.3.3/armv4t/libgcc.a(_divdi3.o)
 .ARM.attributes
                0x0000079f       0x2a /usr/local/CodeSourcery/arm-2009q1/bin/../lib/gcc/arm-none-linux-gnueabi/4.3.3/armv4t/libgcc.a(_udivdi3.o)
 .ARM.attributes
                0x000007c9       0x2a /usr/local/CodeSourcery/arm-2009q1/bin/../lib/gcc/arm-none-linux-gnueabi/4.3.3/armv4t/libgcc.a(_clz.o)
 .ARM.attributes
                0x000007f3       0x2a /usr/local/CodeSourcery/arm-2009q1/bin/../arm-none-linux-gnueabi/libc/armv4t/usr/lib/libc_nonshared.a(elf-init.oS)
 .ARM.attributes
                0x0000081d       0x2a /usr/local/CodeSourcery/arm-2009q1/bin/../arm-none-linux-gnueabi/libc/armv4t/usr/lib/libc_nonshared.a(stat.oS)
 .ARM.attributes
                0x00000847       0x2a /usr/local/CodeSourcery/arm-2009q1/bin/../lib/gcc/arm-none-linux-gnueabi/4.3.3/armv4t/crtend.o
 .ARM.attributes
                0x00000871       0x2a /usr/local/CodeSourcery/arm-2009q1/bin/../arm-none-linux-gnueabi/libc/armv4t/usr/lib/crtn.o

.comment        0x00000000      0x560
 *(.comment)
 .comment       0x00000000       0x2b ./src/RobotEV3.o
 .comment       0x0000002b       0x2b /usr/local/EV3-API-master/libev3api.a(ev3.o)
 .comment       0x00000056       0x2b /usr/local/EV3-API-master/libev3api.a(ev3_output.o)
 .comment       0x00000081       0x2b /usr/local/EV3-API-master/libev3api.a(ev3_sound.o)
 .comment       0x000000ac       0x2b /usr/local/EV3-API-master/libev3api.a(ev3_bluetooth.o)
 .comment       0x000000d7       0x2b /usr/local/EV3-API-master/libev3api.a(ev3_button.lejos.o)
 .comment       0x00000102       0x2b /usr/local/EV3-API-master/libev3api.a(ev3_input.o)
 .comment       0x0000012d       0x2b /usr/local/EV3-API-master/libev3api.a(c4ev3_compatibility.o)
 .comment       0x00000158       0x2b /usr/local/EV3-API-master/libev3api.a(ev3_color.o)
 .comment       0x00000183       0x2b /usr/local/EV3-API-master/libev3api.a(ev3_ultrasonic.o)
 .comment       0x000001ae       0x2b /usr/local/EV3-API-master/libev3api.a(ev3_sensors.o)
 .comment       0x000001d9       0x2b /usr/local/EV3-API-master/libev3api.a(nxt_temperature.o)
 .comment       0x00000204       0x2b /usr/local/EV3-API-master/libev3api.a(ev3_touch.o)
 .comment       0x0000022f       0x2b /usr/local/EV3-API-master/libev3api.a(ht_compass.o)
 .comment       0x0000025a       0x2b /usr/local/EV3-API-master/libev3api.a(utility.o)
 .comment       0x00000285       0x2b /usr/local/EV3-API-master/libev3api.a(ev3_ir.o)
 .comment       0x000002b0       0x2b /usr/local/EV3-API-master/libev3api.a(ev3_gyro.o)
 .comment       0x000002db       0x2b /usr/local/EV3-API-master/libev3api.a(ht_ir_v2.o)
 .comment       0x00000306       0x2b /usr/local/EV3-API-master/libev3api.a(nxt_sound.o)
 .comment       0x00000331       0x2b /usr/local/EV3-API-master/libev3api.a(bluetooth.o)
 .comment       0x0000035c       0x2b /usr/local/EV3-API-master/libev3api.a(ev3_button.core.o)
 .comment       0x00000387       0x2b /usr/local/EV3-API-master/libev3api.a(ev3_command.o)
 .comment       0x000003b2       0x2b /usr/local/EV3-API-master/libev3api.a(ev3_timer.o)
 .comment       0x000003dd       0x2b /usr/local/EV3-API-master/libev3api.a(ev3_button.o)
 .comment       0x00000408       0x2b /usr/local/EV3-API-master/libev3api.a(ev3_button.led.o)
 .comment       0x00000433       0x2b /usr/local/EV3-API-master/libev3api.a(ev3_lcd.o)
 .comment       0x0000045e       0x2b /usr/local/EV3-API-master/libev3api.a(ev3_button.nxc.o)
 .comment       0x00000489       0x2b /usr/local/EV3-API-master/libev3api.a(ev3_array.o)
 .comment       0x000004b4       0x2b /usr/local/EV3-API-master/libev3api.a(ev3_timer.ts.o)
 .comment       0x000004df       0x2b /usr/local/EV3-API-master/libev3api.a(ev3_input_uart.o)
 .comment       0x0000050a       0x2b /usr/local/EV3-API-master/libev3api.a(ev3_input_iic.o)
 .comment       0x00000535       0x2b /usr/local/EV3-API-master/libev3api.a(ev3_input_analog.o)

.debug
 *(.debug)

.line
 *(.line)

.debug_srcinfo
 *(.debug_srcinfo)

.debug_sfnames
 *(.debug_sfnames)

.debug_aranges
 *(.debug_aranges)

.debug_pubnames
 *(.debug_pubnames)

.debug_info
 *(.debug_info .gnu.linkonce.wi.*)

.debug_abbrev
 *(.debug_abbrev)

.debug_line
 *(.debug_line)

.debug_frame
 *(.debug_frame)

.debug_str
 *(.debug_str)

.debug_loc
 *(.debug_loc)

.debug_macinfo
 *(.debug_macinfo)

.debug_weaknames
 *(.debug_weaknames)

.debug_funcnames
 *(.debug_funcnames)

.debug_typenames
 *(.debug_typenames)

.debug_varnames
 *(.debug_varnames)

.debug_pubtypes
 *(.debug_pubtypes)

.debug_ranges
 *(.debug_ranges)

.gnu.attributes
 *(.gnu.attributes)

.note.gnu.arm.ident
 *(.note.gnu.arm.ident)

/DISCARD/
 *(.note.GNU-stack)
 *(.gnu_debuglink)
OUTPUT(RobotEV3.elf elf32-littlearm)
