Archive member included because of file (symbol)

/usr/local/EV3-API-master/libev3api.a(ev3.o)
                              ./src/RobotEV3.o (FreeEV3)
/usr/local/EV3-API-master/libev3api.a(ev3_output.o)
                              ./src/RobotEV3.o (MotorRotationCount)
/usr/local/EV3-API-master/libev3api.a(ev3_sound.o)
                              /usr/local/EV3-API-master/libev3api.a(ev3.o) (SoundInit)
/usr/local/EV3-API-master/libev3api.a(ev3_bluetooth.o)
                              /usr/local/EV3-API-master/libev3api.a(ev3.o) (BluetoothInit)
/usr/local/EV3-API-master/libev3api.a(ev3_button.lejos.o)
                              ./src/RobotEV3.o (ButtonWaitForPress)
/usr/local/EV3-API-master/libev3api.a(ev3_input.o)
                              /usr/local/EV3-API-master/libev3api.a(ev3.o) (InputExit)
/usr/local/EV3-API-master/libev3api.a(c4ev3_compatibility.o)
                              ./src/RobotEV3.o (ReadSensor)
/usr/local/EV3-API-master/libev3api.a(ev3_color.o)
                              /usr/local/EV3-API-master/libev3api.a(c4ev3_compatibility.o) (ReadEV3ColorSensorColorRGB)
/usr/local/EV3-API-master/libev3api.a(ev3_ultrasonic.o)
                              /usr/local/EV3-API-master/libev3api.a(c4ev3_compatibility.o) (ReadEV3UltrasonicSensorDistance)
/usr/local/EV3-API-master/libev3api.a(ev3_sensors.o)
                              /usr/local/EV3-API-master/libev3api.a(ev3.o) (SensorsInit)
/usr/local/EV3-API-master/libev3api.a(nxt_temperature.o)
                              /usr/local/EV3-API-master/libev3api.a(c4ev3_compatibility.o) (ReadNXTTemperatureSensor)
/usr/local/EV3-API-master/libev3api.a(ev3_touch.o)
                              /usr/local/EV3-API-master/libev3api.a(c4ev3_compatibility.o) (ReadEV3TouchSensor)
/usr/local/EV3-API-master/libev3api.a(ht_compass.o)
                              /usr/local/EV3-API-master/libev3api.a(c4ev3_compatibility.o) (ReadHTCompassSensor)
/usr/local/EV3-API-master/libev3api.a(utility.o)
                              /usr/local/EV3-API-master/libev3api.a(ev3_color.o) (setUARTSensorHandlerMode)
/usr/local/EV3-API-master/libev3api.a(ev3_ir.o)
                              /usr/local/EV3-API-master/libev3api.a(c4ev3_compatibility.o) (ReadEV3IrSensorRemote)
/usr/local/EV3-API-master/libev3api.a(ev3_gyro.o)
                              /usr/local/EV3-API-master/libev3api.a(c4ev3_compatibility.o) (ReadEV3GyroSensorRate)
/usr/local/EV3-API-master/libev3api.a(ht_ir_v2.o)
                              /usr/local/EV3-API-master/libev3api.a(c4ev3_compatibility.o) (ReadHTIrV2Sensor)
/usr/local/EV3-API-master/libev3api.a(nxt_sound.o)
                              /usr/local/EV3-API-master/libev3api.a(nxt_temperature.o) (NXTSound)
/usr/local/EV3-API-master/libev3api.a(bluetooth.o)
                              /usr/local/EV3-API-master/libev3api.a(ev3_bluetooth.o) (bachk)
/usr/local/EV3-API-master/libev3api.a(ev3_button.core.o)
                              /usr/local/EV3-API-master/libev3api.a(ev3_button.lejos.o) (ButtonCoreReadButton)
/usr/local/EV3-API-master/libev3api.a(ev3_command.o)
                              /usr/local/EV3-API-master/libev3api.a(ev3_output.o) (Wait)
/usr/local/EV3-API-master/libev3api.a(ev3_timer.o)
                              /usr/local/EV3-API-master/libev3api.a(ev3.o) (TimerExit)
/usr/local/EV3-API-master/libev3api.a(ev3_button.o)
                              /usr/local/EV3-API-master/libev3api.a(ev3.o) (ButtonLedExit)
/usr/local/EV3-API-master/libev3api.a(ev3_button.led.o)
                              /usr/local/EV3-API-master/libev3api.a(ev3_button.o) (LedInitialized)
/usr/local/EV3-API-master/libev3api.a(ev3_lcd.o)
                              /usr/local/EV3-API-master/libev3api.a(ev3.o) (LcdClean)
/usr/local/EV3-API-master/libev3api.a(ev3_button.nxc.o)
                              /usr/local/EV3-API-master/libev3api.a(ev3_button.o) (ButtonNxcInitialized)
/usr/local/EV3-API-master/libev3api.a(ev3_array.o)
                              /usr/local/EV3-API-master/libev3api.a(ev3_timer.o) (CArrayAccess)
/usr/local/EV3-API-master/libev3api.a(ev3_timer.ts.o)
                              /usr/local/EV3-API-master/libev3api.a(ev3_button.lejos.o) (TimerGetMS)
/usr/local/EV3-API-master/libev3api.a(ev3_input_uart.o)
                              /usr/local/EV3-API-master/libev3api.a(ev3_input.o) (exitEV3UARTInput)
/usr/local/EV3-API-master/libev3api.a(ev3_input_iic.o)
                              /usr/local/EV3-API-master/libev3api.a(ev3_input.o) (exitEV3IICInput)
/usr/local/EV3-API-master/libev3api.a(ev3_input_analog.o)
                              /usr/local/EV3-API-master/libev3api.a(ev3_touch.o) (readNewDumbSensor)
/usr/local/CodeSourcery/arm-2009q1/bin/../lib/gcc/arm-none-linux-gnueabi/4.3.3/armv4t/libgcc.a(_udivsi3.o)
                              /usr/local/EV3-API-master/libev3api.a(ev3_command.o) (__aeabi_uidiv)
/usr/local/CodeSourcery/arm-2009q1/bin/../lib/gcc/arm-none-linux-gnueabi/4.3.3/armv4t/libgcc.a(_divsi3.o)
                              /usr/local/EV3-API-master/libev3api.a(ev3_output.o) (__aeabi_idiv)
/usr/local/CodeSourcery/arm-2009q1/bin/../lib/gcc/arm-none-linux-gnueabi/4.3.3/armv4t/libgcc.a(_arm_addsubdf3.o)
                              /usr/local/EV3-API-master/libev3api.a(nxt_sound.o) (__aeabi_dadd)
/usr/local/CodeSourcery/arm-2009q1/bin/../lib/gcc/arm-none-linux-gnueabi/4.3.3/armv4t/libgcc.a(_arm_muldivdf3.o)
                              /usr/local/EV3-API-master/libev3api.a(nxt_sound.o) (__aeabi_dmul)
/usr/local/CodeSourcery/arm-2009q1/bin/../lib/gcc/arm-none-linux-gnueabi/4.3.3/armv4t/libgcc.a(_arm_fixdfsi.o)
                              /usr/local/EV3-API-master/libev3api.a(nxt_sound.o) (__aeabi_d2iz)
/usr/local/CodeSourcery/arm-2009q1/bin/../lib/gcc/arm-none-linux-gnueabi/4.3.3/armv4t/libgcc.a(_aeabi_uldivmod.o)
                              /usr/local/EV3-API-master/libev3api.a(ev3_timer.ts.o) (__aeabi_uldivmod)
/usr/local/CodeSourcery/arm-2009q1/bin/../lib/gcc/arm-none-linux-gnueabi/4.3.3/armv4t/libgcc.a(_dvmd_lnx.o)
                              /usr/local/CodeSourcery/arm-2009q1/bin/../lib/gcc/arm-none-linux-gnueabi/4.3.3/armv4t/libgcc.a(_udivsi3.o) (__aeabi_idiv0)
/usr/local/CodeSourcery/arm-2009q1/bin/../lib/gcc/arm-none-linux-gnueabi/4.3.3/armv4t/libgcc.a(bpabi.o)
                              /usr/local/CodeSourcery/arm-2009q1/bin/../lib/gcc/arm-none-linux-gnueabi/4.3.3/armv4t/libgcc.a(_aeabi_uldivmod.o) (__gnu_uldivmod_helper)
/usr/local/CodeSourcery/arm-2009q1/bin/../lib/gcc/arm-none-linux-gnueabi/4.3.3/armv4t/libgcc.a(_divdi3.o)
                              /usr/local/CodeSourcery/arm-2009q1/bin/../lib/gcc/arm-none-linux-gnueabi/4.3.3/armv4t/libgcc.a(bpabi.o) (__divdi3)
/usr/local/CodeSourcery/arm-2009q1/bin/../lib/gcc/arm-none-linux-gnueabi/4.3.3/armv4t/libgcc.a(_udivdi3.o)
                              /usr/local/CodeSourcery/arm-2009q1/bin/../lib/gcc/arm-none-linux-gnueabi/4.3.3/armv4t/libgcc.a(bpabi.o) (__udivdi3)
/usr/local/CodeSourcery/arm-2009q1/bin/../lib/gcc/arm-none-linux-gnueabi/4.3.3/armv4t/libgcc.a(_clz.o)
                              /usr/local/CodeSourcery/arm-2009q1/bin/../lib/gcc/arm-none-linux-gnueabi/4.3.3/armv4t/libgcc.a(_divdi3.o) (__clz_tab)
/usr/local/CodeSourcery/arm-2009q1/bin/../arm-none-linux-gnueabi/libc/armv4t/usr/lib/libc_nonshared.a(elf-init.oS)
                              /usr/local/CodeSourcery/arm-2009q1/bin/../arm-none-linux-gnueabi/libc/armv4t/usr/lib/crt1.o (__libc_csu_fini)
/usr/local/CodeSourcery/arm-2009q1/bin/../arm-none-linux-gnueabi/libc/armv4t/usr/lib/libc_nonshared.a(stat.oS)
                              /usr/local/EV3-API-master/libev3api.a(ev3_sound.o) (stat)

Allocating common symbols
Common symbol       size              file

LCDInstance         0xb98             /usr/local/EV3-API-master/libev3api.a(ev3_lcd.o)
hwBuffer            0x1e00            /usr/local/EV3-API-master/libev3api.a(ev3_lcd.o)
OutputInstance      0x48              /usr/local/EV3-API-master/libev3api.a(ev3_output.o)
devCon              0xc               /usr/local/EV3-API-master/libev3api.a(ev3_input.o)
SoundInstance       0x208             /usr/local/EV3-API-master/libev3api.a(ev3_sound.o)

Discarded input sections

 .note.ABI-tag  0x00000000        0x0 /usr/local/CodeSourcery/arm-2009q1/bin/../arm-none-linux-gnueabi/libc/armv4t/usr/lib/crt1.o
 .rodata.cst4   0x00000000        0x0 /usr/local/CodeSourcery/arm-2009q1/bin/../arm-none-linux-gnueabi/libc/armv4t/usr/lib/crt1.o
 .ARM.extab     0x00000000        0x0 /usr/local/CodeSourcery/arm-2009q1/bin/../arm-none-linux-gnueabi/libc/armv4t/usr/lib/crt1.o
 .data          0x00000000        0x0 /usr/local/CodeSourcery/arm-2009q1/bin/../arm-none-linux-gnueabi/libc/armv4t/usr/lib/crt1.o
 .bss           0x00000000        0x0 /usr/local/CodeSourcery/arm-2009q1/bin/../arm-none-linux-gnueabi/libc/armv4t/usr/lib/crt1.o
 .note.GNU-stack
                0x00000000        0x0 /usr/local/CodeSourcery/arm-2009q1/bin/../arm-none-linux-gnueabi/libc/armv4t/usr/lib/crt1.o
 .data          0x00000000        0x0 /usr/local/CodeSourcery/arm-2009q1/bin/../arm-none-linux-gnueabi/libc/armv4t/usr/lib/crti.o
 .bss           0x00000000        0x0 /usr/local/CodeSourcery/arm-2009q1/bin/../arm-none-linux-gnueabi/libc/armv4t/usr/lib/crti.o
 .ARM.extab     0x00000000        0x0 /usr/local/CodeSourcery/arm-2009q1/bin/../arm-none-linux-gnueabi/libc/armv4t/usr/lib/crti.o
 .note.GNU-stack
                0x00000000        0x0 /usr/local/CodeSourcery/arm-2009q1/bin/../arm-none-linux-gnueabi/libc/armv4t/usr/lib/crti.o
 .data          0x00000000        0x0 /usr/local/CodeSourcery/arm-2009q1/bin/../lib/gcc/arm-none-linux-gnueabi/4.3.3/armv4t/crtbegin.o
 .ARM.extab     0x00000000        0x0 /usr/local/CodeSourcery/arm-2009q1/bin/../lib/gcc/arm-none-linux-gnueabi/4.3.3/armv4t/crtbegin.o
 .note.GNU-stack
                0x00000000        0x0 /usr/local/CodeSourcery/arm-2009q1/bin/../lib/gcc/arm-none-linux-gnueabi/4.3.3/armv4t/crtbegin.o
 .text          0x00000000        0x0 ./src/RobotEV3.o
 .data          0x00000000        0x0 ./src/RobotEV3.o
 .bss           0x00000000        0x0 ./src/RobotEV3.o
 .debug_abbrev  0x00000000        0x0 ./src/RobotEV3.o
 .debug_info    0x00000000        0x0 ./src/RobotEV3.o
 .debug_line    0x00000000        0x0 ./src/RobotEV3.o
 .debug_macinfo
                0x00000000        0x0 ./src/RobotEV3.o
 .data.__reference_InitEV3
                0x00000000        0x0 ./src/RobotEV3.o
 .data.__reference_FreeEV3
                0x00000000        0x0 ./src/RobotEV3.o
 .bss.current_time
                0x00000000        0x0 ./src/RobotEV3.o
 .text.wander   0x00000000        0x0 ./src/RobotEV3.o
 .ARM.extab.text.wander
                0x00000000        0x0 ./src/RobotEV3.o
 .ARM.exidx.text.wander
                0x00000000        0x0 ./src/RobotEV3.o
 .debug_frame   0x00000000        0x0 ./src/RobotEV3.o
 .debug_loc     0x00000000        0x0 ./src/RobotEV3.o
 .debug_pubnames
                0x00000000        0x0 ./src/RobotEV3.o
 .debug_aranges
                0x00000000        0x0 ./src/RobotEV3.o
 .debug_ranges  0x00000000        0x0 ./src/RobotEV3.o
 .debug_str     0x00000000        0x0 ./src/RobotEV3.o
 .note.GNU-stack
                0x00000000        0x0 ./src/RobotEV3.o
 .data          0x00000000        0x0 /usr/local/EV3-API-master/libev3api.a(ev3.o)
 .ARM.extab     0x00000000        0x0 /usr/local/EV3-API-master/libev3api.a(ev3.o)
 .note.GNU-stack
                0x00000000        0x0 /usr/local/EV3-API-master/libev3api.a(ev3.o)
 .data          0x00000000        0x0 /usr/local/EV3-API-master/libev3api.a(ev3_output.o)
 .bss           0x00000000        0x0 /usr/local/EV3-API-master/libev3api.a(ev3_output.o)
 .note.GNU-stack
                0x00000000        0x0 /usr/local/EV3-API-master/libev3api.a(ev3_output.o)
 .data          0x00000000        0x0 /usr/local/EV3-API-master/libev3api.a(ev3_sound.o)
 .bss           0x00000000        0x0 /usr/local/EV3-API-master/libev3api.a(ev3_sound.o)
 .note.GNU-stack
                0x00000000        0x0 /usr/local/EV3-API-master/libev3api.a(ev3_sound.o)
 .note.GNU-stack
                0x00000000        0x0 /usr/local/EV3-API-master/libev3api.a(ev3_bluetooth.o)
 .data          0x00000000        0x0 /usr/local/EV3-API-master/libev3api.a(ev3_button.lejos.o)
 .bss           0x00000000        0x0 /usr/local/EV3-API-master/libev3api.a(ev3_button.lejos.o)
 .ARM.extab     0x00000000        0x0 /usr/local/EV3-API-master/libev3api.a(ev3_button.lejos.o)
 .note.GNU-stack
                0x00000000        0x0 /usr/local/EV3-API-master/libev3api.a(ev3_button.lejos.o)
 .data          0x00000000        0x0 /usr/local/EV3-API-master/libev3api.a(ev3_input.o)
 .ARM.extab     0x00000000        0x0 /usr/local/EV3-API-master/libev3api.a(ev3_input.o)
 .note.GNU-stack
                0x00000000        0x0 /usr/local/EV3-API-master/libev3api.a(ev3_input.o)
 .ARM.extab     0x00000000        0x0 /usr/local/EV3-API-master/libev3api.a(c4ev3_compatibility.o)
 .note.GNU-stack
                0x00000000        0x0 /usr/local/EV3-API-master/libev3api.a(c4ev3_compatibility.o)
 .bss           0x00000000        0x0 /usr/local/EV3-API-master/libev3api.a(ev3_color.o)
 .ARM.extab     0x00000000        0x0 /usr/local/EV3-API-master/libev3api.a(ev3_color.o)
 .note.GNU-stack
                0x00000000        0x0 /usr/local/EV3-API-master/libev3api.a(ev3_color.o)
 .bss           0x00000000        0x0 /usr/local/EV3-API-master/libev3api.a(ev3_ultrasonic.o)
 .note.GNU-stack
                0x00000000        0x0 /usr/local/EV3-API-master/libev3api.a(ev3_ultrasonic.o)
 .data          0x00000000        0x0 /usr/local/EV3-API-master/libev3api.a(ev3_sensors.o)
 .ARM.extab     0x00000000        0x0 /usr/local/EV3-API-master/libev3api.a(ev3_sensors.o)
 .note.GNU-stack
                0x00000000        0x0 /usr/local/EV3-API-master/libev3api.a(ev3_sensors.o)
 .bss           0x00000000        0x0 /usr/local/EV3-API-master/libev3api.a(nxt_temperature.o)
 .ARM.extab     0x00000000        0x0 /usr/local/EV3-API-master/libev3api.a(nxt_temperature.o)
 .note.GNU-stack
                0x00000000        0x0 /usr/local/EV3-API-master/libev3api.a(nxt_temperature.o)
 .bss           0x00000000        0x0 /usr/local/EV3-API-master/libev3api.a(ev3_touch.o)
 .ARM.extab     0x00000000        0x0 /usr/local/EV3-API-master/libev3api.a(ev3_touch.o)
 .note.GNU-stack
                0x00000000        0x0 /usr/local/EV3-API-master/libev3api.a(ev3_touch.o)
 .ARM.extab     0x00000000        0x0 /usr/local/EV3-API-master/libev3api.a(ht_compass.o)
 .note.GNU-stack
                0x00000000        0x0 /usr/local/EV3-API-master/libev3api.a(ht_compass.o)
 .data          0x00000000        0x0 /usr/local/EV3-API-master/libev3api.a(utility.o)
 .bss           0x00000000        0x0 /usr/local/EV3-API-master/libev3api.a(utility.o)
 .ARM.extab     0x00000000        0x0 /usr/local/EV3-API-master/libev3api.a(utility.o)
 .note.GNU-stack
                0x00000000        0x0 /usr/local/EV3-API-master/libev3api.a(utility.o)
 .bss           0x00000000        0x0 /usr/local/EV3-API-master/libev3api.a(ev3_ir.o)
 .ARM.extab     0x00000000        0x0 /usr/local/EV3-API-master/libev3api.a(ev3_ir.o)
 .note.GNU-stack
                0x00000000        0x0 /usr/local/EV3-API-master/libev3api.a(ev3_ir.o)
 .note.GNU-stack
                0x00000000        0x0 /usr/local/EV3-API-master/libev3api.a(ev3_gyro.o)
 .bss           0x00000000        0x0 /usr/local/EV3-API-master/libev3api.a(ht_ir_v2.o)
 .note.GNU-stack
                0x00000000        0x0 /usr/local/EV3-API-master/libev3api.a(ht_ir_v2.o)
 .bss           0x00000000        0x0 /usr/local/EV3-API-master/libev3api.a(nxt_sound.o)
 .ARM.extab     0x00000000        0x0 /usr/local/EV3-API-master/libev3api.a(nxt_sound.o)
 .note.GNU-stack
                0x00000000        0x0 /usr/local/EV3-API-master/libev3api.a(nxt_sound.o)
 .data          0x00000000        0x0 /usr/local/EV3-API-master/libev3api.a(bluetooth.o)
 .bss           0x00000000        0x0 /usr/local/EV3-API-master/libev3api.a(bluetooth.o)
 .note.GNU-stack
                0x00000000        0x0 /usr/local/EV3-API-master/libev3api.a(bluetooth.o)
 .bss           0x00000000        0x0 /usr/local/EV3-API-master/libev3api.a(ev3_button.core.o)
 .ARM.extab     0x00000000        0x0 /usr/local/EV3-API-master/libev3api.a(ev3_button.core.o)
 .note.GNU-stack
                0x00000000        0x0 /usr/local/EV3-API-master/libev3api.a(ev3_button.core.o)
 .data          0x00000000        0x0 /usr/local/EV3-API-master/libev3api.a(ev3_command.o)
 .bss           0x00000000        0x0 /usr/local/EV3-API-master/libev3api.a(ev3_command.o)
 .ARM.extab     0x00000000        0x0 /usr/local/EV3-API-master/libev3api.a(ev3_command.o)
 .note.GNU-stack
                0x00000000        0x0 /usr/local/EV3-API-master/libev3api.a(ev3_command.o)
 .data          0x00000000        0x0 /usr/local/EV3-API-master/libev3api.a(ev3_timer.o)
 .ARM.extab     0x00000000        0x0 /usr/local/EV3-API-master/libev3api.a(ev3_timer.o)
 .note.GNU-stack
                0x00000000        0x0 /usr/local/EV3-API-master/libev3api.a(ev3_timer.o)
 .data          0x00000000        0x0 /usr/local/EV3-API-master/libev3api.a(ev3_button.o)
 .bss           0x00000000        0x0 /usr/local/EV3-API-master/libev3api.a(ev3_button.o)
 .ARM.extab     0x00000000        0x0 /usr/local/EV3-API-master/libev3api.a(ev3_button.o)
 .note.GNU-stack
                0x00000000        0x0 /usr/local/EV3-API-master/libev3api.a(ev3_button.o)
 .data          0x00000000        0x0 /usr/local/EV3-API-master/libev3api.a(ev3_button.led.o)
 .ARM.extab     0x00000000        0x0 /usr/local/EV3-API-master/libev3api.a(ev3_button.led.o)
 .note.GNU-stack
                0x00000000        0x0 /usr/local/EV3-API-master/libev3api.a(ev3_button.led.o)
 .note.GNU-stack
                0x00000000        0x0 /usr/local/EV3-API-master/libev3api.a(ev3_lcd.o)
 .data          0x00000000        0x0 /usr/local/EV3-API-master/libev3api.a(ev3_button.nxc.o)
 .note.GNU-stack
                0x00000000        0x0 /usr/local/EV3-API-master/libev3api.a(ev3_button.nxc.o)
 .data          0x00000000        0x0 /usr/local/EV3-API-master/libev3api.a(ev3_array.o)
 .bss           0x00000000        0x0 /usr/local/EV3-API-master/libev3api.a(ev3_array.o)
 .ARM.extab     0x00000000        0x0 /usr/local/EV3-API-master/libev3api.a(ev3_array.o)
 .note.GNU-stack
                0x00000000        0x0 /usr/local/EV3-API-master/libev3api.a(ev3_array.o)
 .data          0x00000000        0x0 /usr/local/EV3-API-master/libev3api.a(ev3_timer.ts.o)
 .bss           0x00000000        0x0 /usr/local/EV3-API-master/libev3api.a(ev3_timer.ts.o)
 .ARM.extab     0x00000000        0x0 /usr/local/EV3-API-master/libev3api.a(ev3_timer.ts.o)
 .note.GNU-stack
                0x00000000        0x0 /usr/local/EV3-API-master/libev3api.a(ev3_timer.ts.o)
 .data          0x00000000        0x0 /usr/local/EV3-API-master/libev3api.a(ev3_input_uart.o)
 .ARM.extab     0x00000000        0x0 /usr/local/EV3-API-master/libev3api.a(ev3_input_uart.o)
 .note.GNU-stack
                0x00000000        0x0 /usr/local/EV3-API-master/libev3api.a(ev3_input_uart.o)
 .data          0x00000000        0x0 /usr/local/EV3-API-master/libev3api.a(ev3_input_iic.o)
 .ARM.extab     0x00000000        0x0 /usr/local/EV3-API-master/libev3api.a(ev3_input_iic.o)
 .note.GNU-stack
                0x00000000        0x0 /usr/local/EV3-API-master/libev3api.a(ev3_input_iic.o)
 .data          0x00000000        0x0 /usr/local/EV3-API-master/libev3api.a(ev3_input_analog.o)
 .ARM.extab     0x00000000        0x0 /usr/local/EV3-API-master/libev3api.a(ev3_input_analog.o)
 .note.GNU-stack
                0x00000000        0x0 /usr/local/EV3-API-master/libev3api.a(ev3_input_analog.o)
 .data          0x00000000        0x0 /usr/local/CodeSourcery/arm-2009q1/bin/../lib/gcc/arm-none-linux-gnueabi/4.3.3/armv4t/libgcc.a(_udivsi3.o)
 .bss           0x00000000        0x0 /usr/local/CodeSourcery/arm-2009q1/bin/../lib/gcc/arm-none-linux-gnueabi/4.3.3/armv4t/libgcc.a(_udivsi3.o)
 .note.GNU-stack
                0x00000000        0x0 /usr/local/CodeSourcery/arm-2009q1/bin/../lib/gcc/arm-none-linux-gnueabi/4.3.3/armv4t/libgcc.a(_udivsi3.o)
 .debug_frame   0x00000000        0x0 /usr/local/CodeSourcery/arm-2009q1/bin/../lib/gcc/arm-none-linux-gnueabi/4.3.3/armv4t/libgcc.a(_udivsi3.o)
 .data          0x00000000        0x0 /usr/local/CodeSourcery/arm-2009q1/bin/../lib/gcc/arm-none-linux-gnueabi/4.3.3/armv4t/libgcc.a(_divsi3.o)
 .bss           0x00000000        0x0 /usr/local/CodeSourcery/arm-2009q1/bin/../lib/gcc/arm-none-linux-gnueabi/4.3.3/armv4t/libgcc.a(_divsi3.o)
 .note.GNU-stack
                0x00000000        0x0 /usr/local/CodeSourcery/arm-2009q1/bin/../lib/gcc/arm-none-linux-gnueabi/4.3.3/armv4t/libgcc.a(_divsi3.o)
 .debug_frame   0x00000000        0x0 /usr/local/CodeSourcery/arm-2009q1/bin/../lib/gcc/arm-none-linux-gnueabi/4.3.3/armv4t/libgcc.a(_divsi3.o)
 .data          0x00000000        0x0 /usr/local/CodeSourcery/arm-2009q1/bin/../lib/gcc/arm-none-linux-gnueabi/4.3.3/armv4t/libgcc.a(_arm_addsubdf3.o)
 .bss           0x00000000        0x0 /usr/local/CodeSourcery/arm-2009q1/bin/../lib/gcc/arm-none-linux-gnueabi/4.3.3/armv4t/libgcc.a(_arm_addsubdf3.o)
 .note.GNU-stack
                0x00000000        0x0 /usr/local/CodeSourcery/arm-2009q1/bin/../lib/gcc/arm-none-linux-gnueabi/4.3.3/armv4t/libgcc.a(_arm_addsubdf3.o)
 .data          0x00000000        0x0 /usr/local/CodeSourcery/arm-2009q1/bin/../lib/gcc/arm-none-linux-gnueabi/4.3.3/armv4t/libgcc.a(_arm_muldivdf3.o)
 .bss           0x00000000        0x0 /usr/local/CodeSourcery/arm-2009q1/bin/../lib/gcc/arm-none-linux-gnueabi/4.3.3/armv4t/libgcc.a(_arm_muldivdf3.o)
 .note.GNU-stack
                0x00000000        0x0 /usr/local/CodeSourcery/arm-2009q1/bin/../lib/gcc/arm-none-linux-gnueabi/4.3.3/armv4t/libgcc.a(_arm_muldivdf3.o)
 .data          0x00000000        0x0 /usr/local/CodeSourcery/arm-2009q1/bin/../lib/gcc/arm-none-linux-gnueabi/4.3.3/armv4t/libgcc.a(_arm_fixdfsi.o)
 .bss           0x00000000        0x0 /usr/local/CodeSourcery/arm-2009q1/bin/../lib/gcc/arm-none-linux-gnueabi/4.3.3/armv4t/libgcc.a(_arm_fixdfsi.o)
 .note.GNU-stack
                0x00000000        0x0 /usr/local/CodeSourcery/arm-2009q1/bin/../lib/gcc/arm-none-linux-gnueabi/4.3.3/armv4t/libgcc.a(_arm_fixdfsi.o)
 .data          0x00000000        0x0 /usr/local/CodeSourcery/arm-2009q1/bin/../lib/gcc/arm-none-linux-gnueabi/4.3.3/armv4t/libgcc.a(_aeabi_uldivmod.o)
 .bss           0x00000000        0x0 /usr/local/CodeSourcery/arm-2009q1/bin/../lib/gcc/arm-none-linux-gnueabi/4.3.3/armv4t/libgcc.a(_aeabi_uldivmod.o)
 .note.GNU-stack
                0x00000000        0x0 /usr/local/CodeSourcery/arm-2009q1/bin/../lib/gcc/arm-none-linux-gnueabi/4.3.3/armv4t/libgcc.a(_aeabi_uldivmod.o)
 .data          0x00000000        0x0 /usr/local/CodeSourcery/arm-2009q1/bin/../lib/gcc/arm-none-linux-gnueabi/4.3.3/armv4t/libgcc.a(_dvmd_lnx.o)
 .bss           0x00000000        0x0 /usr/local/CodeSourcery/arm-2009q1/bin/../lib/gcc/arm-none-linux-gnueabi/4.3.3/armv4t/libgcc.a(_dvmd_lnx.o)
 .note.GNU-stack
                0x00000000        0x0 /usr/local/CodeSourcery/arm-2009q1/bin/../lib/gcc/arm-none-linux-gnueabi/4.3.3/armv4t/libgcc.a(_dvmd_lnx.o)
 .data          0x00000000        0x0 /usr/local/CodeSourcery/arm-2009q1/bin/../lib/gcc/arm-none-linux-gnueabi/4.3.3/armv4t/libgcc.a(bpabi.o)
 .bss           0x00000000        0x0 /usr/local/CodeSourcery/arm-2009q1/bin/../lib/gcc/arm-none-linux-gnueabi/4.3.3/armv4t/libgcc.a(bpabi.o)
 .ARM.extab     0x00000000        0x0 /usr/local/CodeSourcery/arm-2009q1/bin/../lib/gcc/arm-none-linux-gnueabi/4.3.3/armv4t/libgcc.a(bpabi.o)
 .debug_frame   0x00000000        0x0 /usr/local/CodeSourcery/arm-2009q1/bin/../lib/gcc/arm-none-linux-gnueabi/4.3.3/armv4t/libgcc.a(bpabi.o)
 .note.GNU-stack
                0x00000000        0x0 /usr/local/CodeSourcery/arm-2009q1/bin/../lib/gcc/arm-none-linux-gnueabi/4.3.3/armv4t/libgcc.a(bpabi.o)
 .data          0x00000000        0x0 /usr/local/CodeSourcery/arm-2009q1/bin/../lib/gcc/arm-none-linux-gnueabi/4.3.3/armv4t/libgcc.a(_divdi3.o)
 .bss           0x00000000        0x0 /usr/local/CodeSourcery/arm-2009q1/bin/../lib/gcc/arm-none-linux-gnueabi/4.3.3/armv4t/libgcc.a(_divdi3.o)
 .ARM.extab     0x00000000        0x0 /usr/local/CodeSourcery/arm-2009q1/bin/../lib/gcc/arm-none-linux-gnueabi/4.3.3/armv4t/libgcc.a(_divdi3.o)
 .debug_frame   0x00000000        0x0 /usr/local/CodeSourcery/arm-2009q1/bin/../lib/gcc/arm-none-linux-gnueabi/4.3.3/armv4t/libgcc.a(_divdi3.o)
 .note.GNU-stack
                0x00000000        0x0 /usr/local/CodeSourcery/arm-2009q1/bin/../lib/gcc/arm-none-linux-gnueabi/4.3.3/armv4t/libgcc.a(_divdi3.o)
 .data          0x00000000        0x0 /usr/local/CodeSourcery/arm-2009q1/bin/../lib/gcc/arm-none-linux-gnueabi/4.3.3/armv4t/libgcc.a(_udivdi3.o)
 .bss           0x00000000        0x0 /usr/local/CodeSourcery/arm-2009q1/bin/../lib/gcc/arm-none-linux-gnueabi/4.3.3/armv4t/libgcc.a(_udivdi3.o)
 .ARM.extab     0x00000000        0x0 /usr/local/CodeSourcery/arm-2009q1/bin/../lib/gcc/arm-none-linux-gnueabi/4.3.3/armv4t/libgcc.a(_udivdi3.o)
 .debug_frame   0x00000000        0x0 /usr/local/CodeSourcery/arm-2009q1/bin/../lib/gcc/arm-none-linux-gnueabi/4.3.3/armv4t/libgcc.a(_udivdi3.o)
 .note.GNU-stack
                0x00000000        0x0 /usr/local/CodeSourcery/arm-2009q1/bin/../lib/gcc/arm-none-linux-gnueabi/4.3.3/armv4t/libgcc.a(_udivdi3.o)
 .text          0x00000000        0x0 /usr/local/CodeSourcery/arm-2009q1/bin/../lib/gcc/arm-none-linux-gnueabi/4.3.3/armv4t/libgcc.a(_clz.o)
 .data          0x00000000        0x0 /usr/local/CodeSourcery/arm-2009q1/bin/../lib/gcc/arm-none-linux-gnueabi/4.3.3/armv4t/libgcc.a(_clz.o)
 .bss           0x00000000        0x0 /usr/local/CodeSourcery/arm-2009q1/bin/../lib/gcc/arm-none-linux-gnueabi/4.3.3/armv4t/libgcc.a(_clz.o)
 .note.GNU-stack
                0x00000000        0x0 /usr/local/CodeSourcery/arm-2009q1/bin/../lib/gcc/arm-none-linux-gnueabi/4.3.3/armv4t/libgcc.a(_clz.o)
 .data          0x00000000        0x0 /usr/local/CodeSourcery/arm-2009q1/bin/../arm-none-linux-gnueabi/libc/armv4t/usr/lib/libc_nonshared.a(elf-init.oS)
 .bss           0x00000000        0x0 /usr/local/CodeSourcery/arm-2009q1/bin/../arm-none-linux-gnueabi/libc/armv4t/usr/lib/libc_nonshared.a(elf-init.oS)
 .ARM.extab     0x00000000        0x0 /usr/local/CodeSourcery/arm-2009q1/bin/../arm-none-linux-gnueabi/libc/armv4t/usr/lib/libc_nonshared.a(elf-init.oS)
 .debug_frame   0x00000000        0x0 /usr/local/CodeSourcery/arm-2009q1/bin/../arm-none-linux-gnueabi/libc/armv4t/usr/lib/libc_nonshared.a(elf-init.oS)
 .note.GNU-stack
                0x00000000        0x0 /usr/local/CodeSourcery/arm-2009q1/bin/../arm-none-linux-gnueabi/libc/armv4t/usr/lib/libc_nonshared.a(elf-init.oS)
 .data          0x00000000        0x0 /usr/local/CodeSourcery/arm-2009q1/bin/../arm-none-linux-gnueabi/libc/armv4t/usr/lib/libc_nonshared.a(stat.oS)
 .bss           0x00000000        0x0 /usr/local/CodeSourcery/arm-2009q1/bin/../arm-none-linux-gnueabi/libc/armv4t/usr/lib/libc_nonshared.a(stat.oS)
 .ARM.extab     0x00000000        0x0 /usr/local/CodeSourcery/arm-2009q1/bin/../arm-none-linux-gnueabi/libc/armv4t/usr/lib/libc_nonshared.a(stat.oS)
 .debug_frame   0x00000000        0x0 /usr/local/CodeSourcery/arm-2009q1/bin/../arm-none-linux-gnueabi/libc/armv4t/usr/lib/libc_nonshared.a(stat.oS)
 .note.GNU-stack
                0x00000000        0x0 /usr/local/CodeSourcery/arm-2009q1/bin/../arm-none-linux-gnueabi/libc/armv4t/usr/lib/libc_nonshared.a(stat.oS)
 .text          0x00000000        0x0 /usr/local/CodeSourcery/arm-2009q1/bin/../lib/gcc/arm-none-linux-gnueabi/4.3.3/armv4t/crtend.o
 .data          0x00000000        0x0 /usr/local/CodeSourcery/arm-2009q1/bin/../lib/gcc/arm-none-linux-gnueabi/4.3.3/armv4t/crtend.o
 .bss           0x00000000        0x0 /usr/local/CodeSourcery/arm-2009q1/bin/../lib/gcc/arm-none-linux-gnueabi/4.3.3/armv4t/crtend.o
 .note.GNU-stack
                0x00000000        0x0 /usr/local/CodeSourcery/arm-2009q1/bin/../lib/gcc/arm-none-linux-gnueabi/4.3.3/armv4t/crtend.o
 .text          0x00000000        0x0 /usr/local/CodeSourcery/arm-2009q1/bin/../arm-none-linux-gnueabi/libc/armv4t/usr/lib/crtn.o
 .data          0x00000000        0x0 /usr/local/CodeSourcery/arm-2009q1/bin/../arm-none-linux-gnueabi/libc/armv4t/usr/lib/crtn.o
 .bss           0x00000000        0x0 /usr/local/CodeSourcery/arm-2009q1/bin/../arm-none-linux-gnueabi/libc/armv4t/usr/lib/crtn.o
 .ARM.extab.init
                0x00000000        0x0 /usr/local/CodeSourcery/arm-2009q1/bin/../arm-none-linux-gnueabi/libc/armv4t/usr/lib/crtn.o
 .ARM.extab.fini
                0x00000000        0x0 /usr/local/CodeSourcery/arm-2009q1/bin/../arm-none-linux-gnueabi/libc/armv4t/usr/lib/crtn.o
 .note.GNU-stack
                0x00000000        0x0 /usr/local/CodeSourcery/arm-2009q1/bin/../arm-none-linux-gnueabi/libc/armv4t/usr/lib/crtn.o

Memory Configuration

Name             Origin             Length             Attributes
*default*        0x00000000         0xffffffff

Linker script and memory map

LOAD /usr/local/CodeSourcery/arm-2009q1/bin/../arm-none-linux-gnueabi/libc/armv4t/usr/lib/crt1.o
LOAD /usr/local/CodeSourcery/arm-2009q1/bin/../arm-none-linux-gnueabi/libc/armv4t/usr/lib/crti.o
LOAD /usr/local/CodeSourcery/arm-2009q1/bin/../lib/gcc/arm-none-linux-gnueabi/4.3.3/armv4t/crtbegin.o
LOAD ./src/RobotEV3.o
LOAD /usr/local/EV3-API-master/libev3api.a
LOAD /usr/local/CodeSourcery/arm-2009q1/bin/../arm-none-linux-gnueabi/libc/armv4t/usr/lib/libpthread.so
START GROUP
LOAD /usr/local/CodeSourcery/arm-2009q1/bin/../arm-none-linux-gnueabi/libc/armv4t/lib/libpthread.so.0
LOAD /usr/local/CodeSourcery/arm-2009q1/bin/../arm-none-linux-gnueabi/libc/armv4t/usr/lib/libpthread_nonshared.a
END GROUP
LOAD /usr/local/CodeSourcery/arm-2009q1/bin/../arm-none-linux-gnueabi/libc/armv4t/usr/lib/libm.so
LOAD /usr/local/CodeSourcery/arm-2009q1/bin/../lib/gcc/arm-none-linux-gnueabi/4.3.3/armv4t/libgcc.a
LOAD /usr/local/CodeSourcery/arm-2009q1/bin/../arm-none-linux-gnueabi/libc/armv4t/lib/libgcc_s.so
LOAD /usr/local/CodeSourcery/arm-2009q1/bin/../arm-none-linux-gnueabi/libc/armv4t/usr/lib/libc.so
START GROUP
LOAD /usr/local/CodeSourcery/arm-2009q1/bin/../arm-none-linux-gnueabi/libc/armv4t/lib/libc.so.6
LOAD /usr/local/CodeSourcery/arm-2009q1/bin/../arm-none-linux-gnueabi/libc/armv4t/usr/lib/libc_nonshared.a
LOAD /usr/local/CodeSourcery/arm-2009q1/bin/../arm-none-linux-gnueabi/libc/armv4t/lib/ld-linux.so.3
END GROUP
LOAD /usr/local/CodeSourcery/arm-2009q1/bin/../lib/gcc/arm-none-linux-gnueabi/4.3.3/armv4t/libgcc.a
LOAD /usr/local/CodeSourcery/arm-2009q1/bin/../arm-none-linux-gnueabi/libc/armv4t/lib/libgcc_s.so
LOAD /usr/local/CodeSourcery/arm-2009q1/bin/../lib/gcc/arm-none-linux-gnueabi/4.3.3/armv4t/crtend.o
LOAD /usr/local/CodeSourcery/arm-2009q1/bin/../arm-none-linux-gnueabi/libc/armv4t/usr/lib/crtn.o
                0x00008000                PROVIDE (__executable_start, 0x8000)
                0x00008114                . = (0x8000 + SIZEOF_HEADERS)

.interp         0x00008114       0x13
 *(.interp)
 .interp        0x00008114       0x13 /usr/local/CodeSourcery/arm-2009q1/bin/../arm-none-linux-gnueabi/libc/armv4t/usr/lib/crti.o

.note.gnu.build-id
 *(.note.gnu.build-id)

.hash           0x00008128      0x258
 *(.hash)
 .hash          0x00008128      0x258 /usr/local/CodeSourcery/arm-2009q1/bin/../arm-none-linux-gnueabi/libc/armv4t/usr/lib/crti.o

.gnu.hash
 *(.gnu.hash)

.dynsym         0x00008380      0x510
 *(.dynsym)
 .dynsym        0x00008380      0x510 /usr/local/CodeSourcery/arm-2009q1/bin/../arm-none-linux-gnueabi/libc/armv4t/usr/lib/crti.o

.dynstr         0x00008890      0x312
 *(.dynstr)
 .dynstr        0x00008890      0x312 /usr/local/CodeSourcery/arm-2009q1/bin/../arm-none-linux-gnueabi/libc/armv4t/usr/lib/crti.o

.gnu.version    0x00008ba2       0xa2
 *(.gnu.version)
 .gnu.version   0x00008ba2       0xa2 /usr/local/CodeSourcery/arm-2009q1/bin/../arm-none-linux-gnueabi/libc/armv4t/usr/lib/crti.o

.gnu.version_d  0x00008c44        0x0
 *(.gnu.version_d)
 .gnu.version_d
                0x00000000        0x0 /usr/local/CodeSourcery/arm-2009q1/bin/../arm-none-linux-gnueabi/libc/armv4t/usr/lib/crti.o

.gnu.version_r  0x00008c44       0x80
 *(.gnu.version_r)
 .gnu.version_r
                0x00008c44       0x80 /usr/local/CodeSourcery/arm-2009q1/bin/../arm-none-linux-gnueabi/libc/armv4t/usr/lib/crti.o

.rel.dyn        0x00008cc4        0x8
 *(.rel.init)
 *(.rel.text .rel.text.* .rel.gnu.linkonce.t.*)
 *(.rel.fini)
 *(.rel.rodata .rel.rodata.* .rel.gnu.linkonce.r.*)
 *(.rel.data.rel.ro* .rel.gnu.linkonce.d.rel.ro.*)
 *(.rel.data .rel.data.* .rel.gnu.linkonce.d.*)
 *(.rel.tdata .rel.tdata.* .rel.gnu.linkonce.td.*)
 *(.rel.tbss .rel.tbss.* .rel.gnu.linkonce.tb.*)
 *(.rel.ctors)
 *(.rel.dtors)
 *(.rel.got)
 .rel.got       0x00008cc4        0x8 /usr/local/CodeSourcery/arm-2009q1/bin/../arm-none-linux-gnueabi/libc/armv4t/usr/lib/crti.o
 *(.rel.bss .rel.bss.* .rel.gnu.linkonce.b.*)
 .rel.bss       0x00000000        0x0 /usr/local/CodeSourcery/arm-2009q1/bin/../arm-none-linux-gnueabi/libc/armv4t/usr/lib/crti.o

.rel.ifunc.dyn
 *(.rel.ifunc.*)

.rela.dyn
 *(.rela.init)
 *(.rela.text .rela.text.* .rela.gnu.linkonce.t.*)
 *(.rela.fini)
 *(.rela.rodata .rela.rodata.* .rela.gnu.linkonce.r.*)
 *(.rela.data .rela.data.* .rela.gnu.linkonce.d.*)
 *(.rela.tdata .rela.tdata.* .rela.gnu.linkonce.td.*)
 *(.rela.tbss .rela.tbss.* .rela.gnu.linkonce.tb.*)
 *(.rela.ctors)
 *(.rela.dtors)
 *(.rela.got)
 *(.rela.bss .rela.bss.* .rela.gnu.linkonce.b.*)

.rela.ifunc.dyn
 *(.rela.ifunc.*)

.rel.plt        0x00008ccc      0x258
 *(.rel.plt)
 .rel.plt       0x00008ccc      0x258 /usr/local/CodeSourcery/arm-2009q1/bin/../arm-none-linux-gnueabi/libc/armv4t/usr/lib/crti.o

.rela.plt
 *(.rela.plt)

.init           0x00008f24       0x10
 *(.init)
 .init          0x00008f24        0x8 /usr/local/CodeSourcery/arm-2009q1/bin/../arm-none-linux-gnueabi/libc/armv4t/usr/lib/crti.o
                0x00008f24                _init
 .init          0x00008f2c        0x8 /usr/local/CodeSourcery/arm-2009q1/bin/../arm-none-linux-gnueabi/libc/armv4t/usr/lib/crtn.o

.plt            0x00008f34      0x398
 *(.plt)
 .plt           0x00008f34      0x398 /usr/local/CodeSourcery/arm-2009q1/bin/../arm-none-linux-gnueabi/libc/armv4t/usr/lib/crti.o
                0x00008f48                open@@GLIBC_2.4
                0x00008f54                __ctype_toupper_loc@@GLIBC_2.4
                0x00008f60                mmap@@GLIBC_2.4
                0x00008f6c                abort@@GLIBC_2.4
                0x00008f78                connect@@GLIBC_2.4
                0x00008f84                vprintf@@GLIBC_2.4
                0x00008f90                __xstat@@GLIBC_2.4
                0x00008f9c                __libc_start_main@@GLIBC_2.4
                0x00008fa8                epoll_create@@GLIBC_2.4
                0x00008fc0                vsnprintf@@GLIBC_2.4
                0x00008fcc                vsprintf@@GLIBC_2.4
                0x00008fd8                strncpy@@GLIBC_2.4
                0x00008fe4                fclose@@GLIBC_2.4
                0x00008ff0                fgets@@GLIBC_2.4
                0x00008ffc                dirname@@GLIBC_2.4
                0x00009008                listen@@GLIBC_2.4
                0x00009014                fopen@@GLIBC_2.4
                0x00009020                memset@@GLIBC_2.4
                0x0000902c                strrchr@@GLIBC_2.4
                0x00009038                perror@@GLIBC_2.4
                0x00009044                eventfd@@GLIBC_2.7
                0x00009050                usleep@@GLIBC_2.4
                0x0000905c                free@@GLIBC_2.4
                0x00009068                read@@GLIBC_2.4
                0x00009074                write@@GLIBC_2.4
                0x00009080                gettimeofday@@GLIBC_2.4
                0x0000908c                accept@@GLIBC_2.4
                0x00009098                pthread_mutex_unlock@@GLIBC_2.4
                0x000090a4                socket@@GLIBC_2.4
                0x000090b0                ioctl@@GLIBC_2.4
                0x000090bc                epoll_wait@@GLIBC_2.4
                0x000090c8                pthread_mutex_lock@@GLIBC_2.4
                0x000090d4                strlen@@GLIBC_2.4
                0x000090e0                sscanf@@GLIBC_2.4
                0x000090ec                pthread_create@@GLIBC_2.4
                0x000090f8                __xpg_basename@@GLIBC_2.4
                0x00009104                memcpy@@GLIBC_2.4
                0x00009110                stpncpy@@GLIBC_2.4
                0x0000911c                strtol@@GLIBC_2.4
                0x00009128                strcpy@@GLIBC_2.4
                0x00009134                strncat@@GLIBC_2.4
                0x00009140                raise@@GLIBC_2.4
                0x0000914c                strtof@@GLIBC_2.4
                0x00009158                bind@@GLIBC_2.4
                0x00009164                strstr@@GLIBC_2.4
                0x00009170                close@@GLIBC_2.4
                0x0000917c                fwrite@@GLIBC_2.4
                0x00009188                time@@GLIBC_2.4
                0x00009194                __ctype_b_loc@@GLIBC_2.4
                0x000091a0                fprintf@@GLIBC_2.4
                0x000091ac                strdup@@GLIBC_2.4
                0x000091b8                malloc@@GLIBC_2.4
                0x000091c4                poll@@GLIBC_2.4
                0x000091d0                fputc@@GLIBC_2.4
                0x000091dc                sleep@@GLIBC_2.4
                0x000091e8                strcat@@GLIBC_2.4
                0x000091f4                memmove@@GLIBC_2.4
                0x00009200                eventfd_write@@GLIBC_2.7
                0x0000920c                puts@@GLIBC_2.4
                0x00009218                munmap@@GLIBC_2.4
                0x00009224                vfprintf@@GLIBC_2.4
                0x00009230                timerfd_create@@GLIBC_2.8
                0x0000923c                nanosleep@@GLIBC_2.4
                0x00009248                realloc@@GLIBC_2.4
                0x00009254                timerfd_settime@@GLIBC_2.8
                0x00009260                epoll_ctl@@GLIBC_2.4
                0x0000926c                getsockopt@@GLIBC_2.4
                0x00009278                strcmp@@GLIBC_2.4
                0x00009284                exit@@GLIBC_2.4
                0x00009290                __errno_location@@GLIBC_2.4
                0x0000929c                pthread_self@@GLIBC_2.4
                0x000092a8                sprintf@@GLIBC_2.4
                0x000092b4                pthread_join@@GLIBC_2.4
                0x000092c0                fputs@@GLIBC_2.4

.text           0x000092cc     0xbdfc
 *(.text .stub .text.* .gnu.linkonce.t.*)
 .text          0x000092cc       0x38 /usr/local/CodeSourcery/arm-2009q1/bin/../arm-none-linux-gnueabi/libc/armv4t/usr/lib/crt1.o
                0x000092cc                _start
 .text          0x00009304       0x2c /usr/local/CodeSourcery/arm-2009q1/bin/../arm-none-linux-gnueabi/libc/armv4t/usr/lib/crti.o
 .text          0x00009330       0x50 /usr/local/CodeSourcery/arm-2009q1/bin/../lib/gcc/arm-none-linux-gnueabi/4.3.3/armv4t/crtbegin.o
 .text.turn_right
                0x00009380       0xd0 ./src/RobotEV3.o
                0x00009380                turn_right
 .text.turn_left
                0x00009450       0xd0 ./src/RobotEV3.o
                0x00009450                turn_left
 .text.turn_left_high
                0x00009520       0xd0 ./src/RobotEV3.o
                0x00009520                turn_left_high
 .text.turn_right_high
                0x000095f0       0xc0 ./src/RobotEV3.o
                0x000095f0                turn_right_high
 .text.wall_follow
                0x000096b0      0x150 ./src/RobotEV3.o
                0x000096b0                wall_follow
 .text.look_for_can
                0x00009800      0x240 ./src/RobotEV3.o
                0x00009800                look_for_can
 .text.main     0x00009a40      0x394 ./src/RobotEV3.o
                0x00009a40                main
 .text          0x00009dd4       0x98 /usr/local/EV3-API-master/libev3api.a(ev3.o)
                0x00009de4                FreeEV3
                0x00009e20                InitEV3
                0x00009dd4                EV3IsInitialized
 .text          0x00009e6c     0x1430 /usr/local/EV3-API-master/libev3api.a(ev3_output.o)
                0x0000af78                OnForEx
                0x0000a004                OutputGetActualSpeed
                0x0000a310                ResetRotationCount
                0x0000af60                OffEx
                0x0000a040                MotorBlockTachoCount
                0x0000a314                OutputTimeSyncEx
                0x0000abec                SetSpeed
                0x0000a6c8                RotateMotorRampNoWait
                0x0000a15c                OutputTest
                0x00009ee0                OutputInitialized
                0x0000abf0                OutputReset
                0x0000ae90                OutputStop
                0x0000a734                RotateMotorNoWaitEx
                0x0000a270                OutputClearCount
                0x0000a5f8                OutputStepSpeedEx
                0x0000b050                OnFwdEx
                0x0000a8fc                OutputStepPowerEx
                0x0000a9cc                OutputPolarity
                0x00009f08                OutputRead
                0x0000a230                WriteToPWMDevice
                0x0000aa70                OutputStartEx
                0x0000a6f0                RotateMotorRamp
                0x0000a024                MotorTachoCount
                0x0000b1d4                OutputInit
                0x0000a7e8                RotateMotorEx
                0x0000b0e4                ResetOutputs
                0x0000a078                MotorActualSpeed
                0x0000aa38                SetDirection
                0x0000b10c                OutputExit
                0x0000af6c                OnEx
                0x0000af54                FloatEx
                0x0000ab7c                SetPower
                0x0000a0b0                OutputState
                0x00009e6c                OutputToMotorNum
                0x0000ad0c                OutputSetTypes
                0x0000ac6c                ResetTachoCount
                0x0000b194                OutputOpen
                0x0000aa68                Toggle
                0x0000a434                OutputStepSyncEx
                0x00009fe0                OutputGetTachoCount
                0x0000ab10                OutputPower
                0x0000afbc                OnRevEx
                0x0000aefc                SetOutputEx
                0x0000ac54                ResetAllTachoCounts
                0x0000a528                OutputTimeSpeedEx
                0x0000aa60                Fwd
                0x0000b17c                OutputClose
                0x0000a05c                MotorPower
                0x0000a094                MotorRotationCount
                0x0000a82c                OutputTimePowerEx
                0x0000ac74                ResetBlockTachoCount
                0x0000acfc                OnRevSyncEx
                0x0000a214                MotorBusy
                0x0000ac78                ResetCount
                0x00009fbc                OutputGetCount
                0x0000adcc                OutputSetTypesArray
                0x0000a408                OnForSyncEx
                0x0000ac70                ResetBlockAndTachoCount
                0x0000ae5c                OutputProgramStop
                0x0000ab80                OutputSpeed
                0x0000ade4                OutputSetType
                0x0000aa58                Rev
                0x0000b088                OnFwdRegEx
                0x0000aff4                OnRevRegEx
                0x0000acc0                OnFwdSyncEx
                0x00009ec4                DecodeOutputs
 .text          0x0000b29c      0xf78 /usr/local/EV3-API-master/libev3api.a(ev3_sound.o)
                0x0000b848                PlayTonesEx
                0x0000b600                SoundCloseDevices
                0x0000b2cc                SoundTest
                0x0000b774                ClearSound
                0x0000bd8c                _playRSOFile
                0x0000b50c                _readInt
                0x0000b4a8                _readShort
                0x0000b7a4                SoundExit
                0x0000b5c4                SoundReady
                0x0000b7c4                PlayToneEx
                0x0000b6e0                WriteToSoundDevice
                0x0000b42c                changeBitDepthFrom16To8
                0x0000b648                SoundInit
                0x0000b2fc                _soundInitAdPcm
                0x0000bc14                _playSoundSamplesFromStream
                0x0000b320                _soundGetAdPcmValue
                0x0000c160                PlayFileEx
                0x0000bf24                _playWAVFile
                0x0000b2a4                SoundInitialized
                0x0000b29c                SoundOpen
                0x0000b794                SoundClose
                0x0000b478                SoundState
                0x0000ba28                _playRMDFile
                0x0000b728                StopSound
                0x0000b778                MuteSound
                0x0000b494                UnmuteSound
                0x0000b8b4                PlaySoundEx
 .text          0x0000c214      0x5c0 /usr/local/EV3-API-master/libev3api.a(ev3_bluetooth.o)
                0x0000c218                DisconnectFrom
                0x0000c2cc                ReceiveStringFrom
                0x0000c340                WaitConnection
                0x0000c318                SendStringTo
                0x0000c28c                BluetoothExit
                0x0000c214                BluetoothInit
                0x0000c668                ConnectTo
 .text          0x0000c7d4      0x28c /usr/local/EV3-API-master/libev3api.a(ev3_button.lejos.o)
                0x0000c8f4                ButtonWaitForPress
                0x0000ca38                ButtonWaitForAnyPress
                0x0000c824                ButtonIsUp
                0x0000c8a0                ButtonWaitForPressAndRelease
                0x0000c808                ButtonIsDown
                0x0000ca4c                ButtonWaitForAnyEvent
 .text          0x0000ca60       0x84 /usr/local/EV3-API-master/libev3api.a(ev3_input.o)
                0x0000ca60                InputExit
                0x0000ca84                InputInit
 .text          0x0000cae4      0x314 /usr/local/EV3-API-master/libev3api.a(c4ev3_compatibility.o)
                0x0000cae4                SetIRBeaconCH
                0x0000caf8                ReadSensor
                0x0000cccc                SetAllSensorMode
 .text          0x0000cdf8      0x15c /usr/local/EV3-API-master/libev3api.a(ev3_color.o)
                0x0000cf4c                ReadEV3ColorSensorReflectedLight
                0x0000cf44                ReadEV3ColorSensorAmbientLight
                0x0000cf3c                ReadEV3ColorSensorColor
                0x0000ce90                ReadEV3ColorSensorColorRGB
                0x0000ce2c                ReadEV3ColorSensorRawReflectedLight
 .text          0x0000cf54      0x198 /usr/local/EV3-API-master/libev3api.a(ev3_ultrasonic.o)
                0x0000d074                ReadEV3UltrasonicSensorSingleDistance
                0x0000cfb0                ReadEV3UltrasonicSensorListen
                0x0000d038                ReadEV3UltrasonicSensorDcDistance
                0x0000d0b0                ReadEV3UltrasonicSensorDistance
                0x0000cf88                FireEV3UltrasonicSensor
 .text          0x0000d0ec      0x118 /usr/local/EV3-API-master/libev3api.a(ev3_sensors.o)
                0x0000d1a4                GetSensor
                0x0000d14c                SetAllSensors
                0x0000d1b4                SensorsExit
                0x0000d110                exitSensorsUntilPort
                0x0000d0ec                SensorsInit
                0x0000d0f4                SetSensor
 .text          0x0000d204      0x130 /usr/local/EV3-API-master/libev3api.a(nxt_temperature.o)
                0x0000d224                ReadNXTTemperatureSensor
 .text          0x0000d334       0x4c /usr/local/EV3-API-master/libev3api.a(ev3_touch.o)
                0x0000d354                ReadEV3TouchSensor
 .text          0x0000d380      0x1a8 /usr/local/EV3-API-master/libev3api.a(ht_compass.o)
                0x0000d3b0                StopHTCompassCalibration
                0x0000d4d0                ReadHTCompassSensor
                0x0000d470                StartHTCompassCalibration
 .text          0x0000d528       0x48 /usr/local/EV3-API-master/libev3api.a(utility.o)
                0x0000d528                setUARTSensorHandlerMode
 .text          0x0000d570      0x100 /usr/local/EV3-API-master/libev3api.a(ev3_ir.o)
                0x0000d5d8                ReadEV3IrSensorProximity
                0x0000d600                ReadEV3IrSensorSeek
                0x0000d5a4                ReadEV3IrSensorRemote
 .text          0x0000d670      0x2c8 /usr/local/EV3-API-master/libev3api.a(ev3_gyro.o)
                0x0000d7a8                ReadEV3GyroSensorAngle
                0x0000d80c                ResetEV3GyroSensor
                0x0000d73c                ReadEV3GyroSensorRate
 .text          0x0000d938       0x74 /usr/local/EV3-API-master/libev3api.a(ht_ir_v2.o)
                0x0000d980                ReadHTIrV2Sensor
                0x0000d96c                ReadHTIrV2SensorAll
 .text          0x0000d9ac       0x6c /usr/local/EV3-API-master/libev3api.a(nxt_sound.o)
                0x0000d9cc                ReadNXTSoundSensor
 .text          0x0000da18      0xc80 /usr/local/EV3-API-master/libev3api.a(bluetooth.o)
                0x0000e4b4                bachk
                0x0000e438                basprintf
                0x0000e59c                batostr
                0x0000e408                bt_free
                0x0000dbbc                bt_compidtostr
                0x0000e464                bafprintf
                0x0000e530                ba2oui
                0x0000e65c                strtoba
                0x0000da3c                bt_error
                0x0000e410                basnprintf
                0x0000e40c                bt_malloc
                0x0000e48c                baprintf
                0x0000e5f0                str2ba
                0x0000e558                ba2str
                0x0000da18                baswap
 .text          0x0000e698      0x340 /usr/local/EV3-API-master/libev3api.a(ev3_button.core.o)
                0x0000e7a4                ButtonCoreInitialized
                0x0000e6fc                ButtonCoreReadButtons
                0x0000e76c                ButtonCoreReadHWRev
                0x0000e7d0                ButtonCoreSetLEDs
                0x0000e900                ButtonCoreInit
                0x0000e698                ButtonCoreReadButton
                0x0000e858                ButtonCoreExit
 .text          0x0000e9d8       0x48 /usr/local/EV3-API-master/libev3api.a(ev3_command.o)
                0x0000e9d8                Wait
 .text          0x0000ea20      0x7ec /usr/local/EV3-API-master/libev3api.a(ev3_timer.o)
                0x0000ea20                TimerInitialized
                0x0000eb74                SetTimerCallback
                0x0000ed10                TimerExit
                0x0000eea0                TimerInit
                0x0000ea4c                RemoveTimerCallback
 .text          0x0000f20c       0xc8 /usr/local/EV3-API-master/libev3api.a(ev3_button.o)
                0x0000f240                ButtonLedExit
                0x0000f26c                ButtonLedInit
                0x0000f228                HardwareVersion
                0x0000f20c                HardwareVersionString
                0x0000f2a0                ButtonLedInitialized
 .text          0x0000f2d4      0x260 /usr/local/EV3-API-master/libev3api.a(ev3_button.led.o)
                0x0000f418                SetLedPattern
                0x0000f2d4                LedWarning
                0x0000f3c8                SetLedWarning
                0x0000f474                LedExit
                0x0000f33c                LedInitialized
                0x0000f4c0                LedInit
                0x0000f308                LedPattern
 .text          0x0000f534     0x2fbc /usr/local/EV3-API-master/libev3api.a(ev3_lcd.o)
                0x000122cc                LcdUpdate
                0x0000f874                dLcdDrawPixel
                0x00010cd8                CmdDrawLine
                0x00010854                vasprintf
                0x0000f988                dLcdDrawChar
                0x00011f24                LcdScroll
                0x00010570                DisplayLineX
                0x000102e4                LcdRowToY
                0x0000f54c                dLcdGetFontHeight
                0x0000f714                lcdToFrameBuffer
                0x00010bd4                DisplayDraw
                0x000101b4                LcdText
                0x000118a0                CmdDrawCircle
                0x00010368                DisplayClrPixel
                0x000101a4                reverse_bits
                0x000108ac                LcdPrintf
                0x0000fed8                dLcdDrawBitmap
                0x0000f84c                LcdInitialized
                0x00010188                LcdGetDisplay
                0x00010150                LcdSelectFont
                0x00011a8c                Ev3Clear
                0x000112b0                CmdDrawEllipse
                0x00012220                TermPrintln
                0x0000f5ac                dLcdGetNumIcons
                0x0000f564                dLcdGetIconBits
                0x00011038                CmdDrawRect
                0x000123f8                LcdInit
                0x00010314                DisplaySetPixel
                0x0000fd50                dLcdDrawPicture
                0x00010aec                LcdTextf
                0x000102c0                DisplayLineHeight
                0x00011940                LcdFillWindow
                0x00010fc8                LineOutEx
                0x00010b38                asprintf
                0x00011a9c                LcdBmpFile
                0x000122f8                LcdSplash
                0x000107fc                LcdSetCursorX
                0x00010a78                Ev3Printf
                0x00011824                EllipseOutEx
                0x00011fec                TermPrintf
                0x000106f8                DisplayFrame
                0x0000feb4                dLcdGetBitmapSize
                0x000122b4                LcdRefresh
                0x00010270                LcdPicture
                0x0001235c                LcdUpdateHandler
                0x00011e6c                LcdWriteDisplayToFile
                0x0000f534                dLcdGetFontWidth
                0x0001081c                LcdGetCursorX
                0x00010140                LcdSetAutoRefresh
                0x00010b60                DisplayErase
                0x00010410                DisplayFillScreen
                0x0000f594                dLcdGetIconHeight
                0x00011b30                _lcdWriteBytesToFile
                0x0001020c                LcdIcon
                0x000124b0                WriteToLcdDevice
                0x0000fcd0                dLcdDrawText
                0x0001080c                LcdSetCursorY
                0x00011ee8                LcdWriteFrameBufferToFile
                0x00011198                RectOutEx
                0x00011a3c                LcdClean
                0x00010644                DisplayLineY
                0x00010b88                DisplayEraseLine
                0x000103bc                DisplayXorPixel
                0x0001225c                doUpdateScreen
                0x0000f920                dLcdReadPixel
                0x00011ea8                LcdGetFrameBuffer
                0x0000f57c                dLcdGetIconWidth
                0x00010780                CmdResolveDrawingMode
                0x0001083c                LcdResetCursor
                0x00010ab0                Ev3Println
                0x00012374                LcdCloseDevices
                0x0001082c                LcdGetCursorY
                0x000123c8                LcdExit
                0x0000f5dc                frameBufferToLcd
                0x000118d4                CircleOutEx
                0x0000fe10                dLcdDrawIcon
                0x0001120c                CmdSetPixel
                0x0001125c                PointOutEx
 .text          0x000124f0      0x6b4 /usr/local/EV3-API-master/libev3api.a(ev3_button.nxc.o)
                0x000126f4                ButtonCountEx
                0x00012560                SetButtonPressCount
                0x000125f8                ButtonReleaseCount
                0x00012a78                ButtonNxcInit
                0x0001276c                ButtonNxcInitialized
                0x00012540                SetButtonShortReleaseCount
                0x00012710                ButtonPressedEx
                0x000129bc                ButtonNxcSuspend
                0x0001261c                ButtonLongPressCount
                0x000125e4                ButtonPressed
                0x00012634                ButtonCount
                0x00012794                ButtonNxcResume
                0x00012604                ButtonLongReleaseCount
                0x00012628                ButtonPressCount
                0x00012580                SetButtonLongPressCount
                0x00012530                SetButtonState
                0x00012a14                ButtonNxcExit
                0x0001275c                SetLongAbort
                0x0001272c                SetAbortFlag
                0x00012638                ReadButtonEx
                0x000126c4                SysReadButton
                0x00012550                SetButtonReleaseCount
                0x000125d8                ButtonState
                0x00012570                SetButtonLongReleaseCount
                0x00012610                ButtonShortReleaseCount
 .text          0x00012ba4      0x2a4 /usr/local/EV3-API-master/libev3api.a(ev3_array.o)
                0x00012d64                CArrayInsert
                0x00012c38                CArrayFree
                0x00012bc0                CArrayStackPop
                0x00012dd0                CArrayStackPush
                0x00012ba4                CArrayAccess
                0x00012bdc                CArrayRemove
                0x00012e00                CArrayInit
                0x00012ce8                CArrayMirror
                0x00012d58                CArrayEnsureFreeCapacity
                0x00012c5c                CArrayChangeCapacity
                0x00012cb4                CArrayEnsureCapacity
 .text          0x00012e48      0x378 /usr/local/EV3-API-master/libev3api.a(ev3_timer.ts.o)
                0x00012e48                TimerGetMS
                0x000130c0                ClearTimer
                0x00013040                ClearTimerUS
                0x00012f80                TimerReady
                0x00013140                TimerUS
                0x00012eb0                TimerWait
                0x00013080                ClearTimerMS
                0x00013008                SetTimerUS
                0x00013088                SetTimer
                0x00013188                FastTimer
                0x00012ec4                TimerGetUS
                0x000131ac                Timer
                0x00013164                TimerMS
                0x00012f00                tmInitTimestampSlots
                0x00013048                SetTimerMS
                0x00012e94                TimerGetCS
 .text          0x000131c0      0x3b0 /usr/local/EV3-API-master/libev3api.a(ev3_input_uart.o)
                0x000131c0                exitEV3UARTInput
                0x00013208                readFromUART
                0x00013314                disableUART
                0x000133fc                setUARTSensorMode
                0x00013354                waitUartReady
                0x00013480                initEV3UARTInput
                0x00013274                writeToUART
 .text          0x00013570      0x2b8 /usr/local/EV3-API-master/libev3api.a(ev3_input_iic.o)
                0x00013570                exitEV3IICInput
                0x00013650                startPollingFromIIC
                0x000136dc                readFromIICSharedMemory
                0x0001368c                initIICPort
                0x000135b4                writeToIIC
                0x00013748                readFromIIC
                0x0001379c                initEV3IICInput
 .text          0x00013828       0xfc /usr/local/EV3-API-master/libev3api.a(ev3_input_analog.o)
                0x0001389c                initEV3AnalogInput
                0x00013858                exitEV3AnalogInput
                0x00013840                readOldDumbSensor
                0x00013828                readNewDumbSensor
 .text          0x00013924      0x114 /usr/local/CodeSourcery/arm-2009q1/bin/../lib/gcc/arm-none-linux-gnueabi/4.3.3/armv4t/libgcc.a(_udivsi3.o)
                0x00013924                __udivsi3
                0x00013924                __aeabi_uidiv
                0x00013a18                __aeabi_uidivmod
 .text          0x00013a38      0x148 /usr/local/CodeSourcery/arm-2009q1/bin/../lib/gcc/arm-none-linux-gnueabi/4.3.3/armv4t/libgcc.a(_divsi3.o)
                0x00013a38                __divsi3
                0x00013b60                __aeabi_idivmod
                0x00013a38                __aeabi_idiv
 .text          0x00013b80      0x41c /usr/local/CodeSourcery/arm-2009q1/bin/../lib/gcc/arm-none-linux-gnueabi/4.3.3/armv4t/libgcc.a(_arm_addsubdf3.o)
                0x00013f28                __floatundidf
                0x00013ec0                __floatsidf
                0x00013e9c                __aeabi_ui2d
                0x00013ec0                __aeabi_i2d
                0x00013e9c                __floatunsidf
                0x00013b88                __subdf3
                0x00013f3c                __floatdidf
                0x00013b8c                __adddf3
                0x00013f3c                __aeabi_l2d
                0x00013ee8                __aeabi_f2d
                0x00013f28                __aeabi_ul2d
                0x00013b80                __aeabi_drsub
                0x00013ee8                __extendsfdf2
                0x00013b8c                __aeabi_dadd
                0x00013b88                __aeabi_dsub
 .text          0x00013f9c      0x49c /usr/local/CodeSourcery/arm-2009q1/bin/../lib/gcc/arm-none-linux-gnueabi/4.3.3/armv4t/libgcc.a(_arm_muldivdf3.o)
                0x00013f9c                __muldf3
                0x0001422c                __divdf3
                0x00013f9c                __aeabi_dmul
                0x0001422c                __aeabi_ddiv
 .text          0x00014438       0x5c /usr/local/CodeSourcery/arm-2009q1/bin/../lib/gcc/arm-none-linux-gnueabi/4.3.3/armv4t/libgcc.a(_arm_fixdfsi.o)
                0x00014438                __fixdfsi
                0x00014438                __aeabi_d2iz
 .text          0x00014494       0x3c /usr/local/CodeSourcery/arm-2009q1/bin/../lib/gcc/arm-none-linux-gnueabi/4.3.3/armv4t/libgcc.a(_aeabi_uldivmod.o)
                0x00014494                __aeabi_uldivmod
 .text          0x000144d0       0x14 /usr/local/CodeSourcery/arm-2009q1/bin/../lib/gcc/arm-none-linux-gnueabi/4.3.3/armv4t/libgcc.a(_dvmd_lnx.o)
                0x000144d0                __aeabi_idiv0
                0x000144d0                __aeabi_ldiv0
 .text          0x000144e4       0x80 /usr/local/CodeSourcery/arm-2009q1/bin/../lib/gcc/arm-none-linux-gnueabi/4.3.3/armv4t/libgcc.a(bpabi.o)
                0x00014524                __gnu_ldivmod_helper
                0x000144e4                __gnu_uldivmod_helper
 .text          0x00014564      0x5a4 /usr/local/CodeSourcery/arm-2009q1/bin/../lib/gcc/arm-none-linux-gnueabi/4.3.3/armv4t/libgcc.a(_divdi3.o)
                0x00014564                __divdi3
 .text          0x00014b08      0x52c /usr/local/CodeSourcery/arm-2009q1/bin/../lib/gcc/arm-none-linux-gnueabi/4.3.3/armv4t/libgcc.a(_udivdi3.o)
                0x00014b08                __udivdi3
 .text          0x00015034       0x78 /usr/local/CodeSourcery/arm-2009q1/bin/../arm-none-linux-gnueabi/libc/armv4t/usr/lib/libc_nonshared.a(elf-init.oS)
                0x00015034                __libc_csu_fini
                0x00015038                __libc_csu_init
 .text          0x000150ac       0x1c /usr/local/CodeSourcery/arm-2009q1/bin/../arm-none-linux-gnueabi/libc/armv4t/usr/lib/libc_nonshared.a(stat.oS)
                0x000150ac                __stat
                0x000150ac                stat
 *(.gnu.warning)
 *(.glue_7t)
 .glue_7t       0x00000000        0x0 linker stubs
 *(.glue_7)
 .glue_7        0x00000000        0x0 linker stubs
 *(.vfp11_veneer)
 .vfp11_veneer  0x00000000        0x0 linker stubs
 *(.v4_bx)
 .v4_bx         0x00000000        0x0 linker stubs

.fini           0x000150c8        0xc
 *(.fini)
 .fini          0x000150c8        0x4 /usr/local/CodeSourcery/arm-2009q1/bin/../arm-none-linux-gnueabi/libc/armv4t/usr/lib/crti.o
                0x000150c8                _fini
 .fini          0x000150cc        0x8 /usr/local/CodeSourcery/arm-2009q1/bin/../arm-none-linux-gnueabi/libc/armv4t/usr/lib/crtn.o
                0x000150d4                PROVIDE (__etext, .)
                0x000150d4                PROVIDE (_etext, .)
                0x000150d4                PROVIDE (etext, .)

.rodata         0x000150d4     0x116d
 *(.rodata .rodata.* .gnu.linkonce.r.*)
 .rodata.str1.1
                0x000150d4       0x22 /usr/local/EV3-API-master/libev3api.a(ev3_output.o)
 .rodata        0x000150f6       0xd2 /usr/local/EV3-API-master/libev3api.a(ev3_sound.o)
                0x000150f6                StepSizeTable
                0x000151a8                IndexTable
 .rodata.str1.1
                0x000151c8       0x19 /usr/local/EV3-API-master/libev3api.a(ev3_sound.o)
 .rodata.str1.1
                0x000151e1       0x65 /usr/local/EV3-API-master/libev3api.a(ev3_bluetooth.o)
                                 0x67 (size before relaxing)
 .rodata        0x00015246        0x4 /usr/local/EV3-API-master/libev3api.a(ht_compass.o)
 .rodata.str1.1
                0x0001524a      0xa79 /usr/local/EV3-API-master/libev3api.a(bluetooth.o)
 .rodata.str1.1
                0x00015cc3       0xcb /usr/local/EV3-API-master/libev3api.a(ev3_button.core.o)
 *fill*         0x00015d8e        0x2 00
 .rodata        0x00015d90       0x10 /usr/local/EV3-API-master/libev3api.a(ev3_timer.o)
 .rodata.str1.1
                0x00015da0      0x1b1 /usr/local/EV3-API-master/libev3api.a(ev3_timer.o)
 .rodata.str1.1
                0x00015f51        0x6 /usr/local/EV3-API-master/libev3api.a(ev3_button.o)
 .rodata        0x00015f57      0x100 /usr/local/EV3-API-master/libev3api.a(ev3_lcd.o)
 .rodata.str1.1
                0x00016057       0xbf /usr/local/EV3-API-master/libev3api.a(ev3_lcd.o)
                                 0xc1 (size before relaxing)
 .rodata.str1.1
                0x00016116        0xe /usr/local/EV3-API-master/libev3api.a(ev3_input_uart.o)
 .rodata.str1.1
                0x00016124        0xd /usr/local/EV3-API-master/libev3api.a(ev3_input_iic.o)
 .rodata.str1.1
                0x00016131       0x10 /usr/local/EV3-API-master/libev3api.a(ev3_input_analog.o)
 .rodata        0x00016141      0x100 /usr/local/CodeSourcery/arm-2009q1/bin/../lib/gcc/arm-none-linux-gnueabi/4.3.3/armv4t/libgcc.a(_clz.o)
                0x00016141                __clz_tab

.rodata1
 *(.rodata1)

.ARM.extab      0x00016244      0x204
 *(.ARM.extab* .gnu.linkonce.armextab.*)
 .ARM.extab.text.turn_right
                0x00016244        0xc ./src/RobotEV3.o
 .ARM.extab.text.turn_left
                0x00016250        0xc ./src/RobotEV3.o
 .ARM.extab.text.turn_left_high
                0x0001625c        0xc ./src/RobotEV3.o
 .ARM.extab.text.turn_right_high
                0x00016268        0xc ./src/RobotEV3.o
 .ARM.extab.text.wall_follow
                0x00016274        0xc ./src/RobotEV3.o
 .ARM.extab.text.look_for_can
                0x00016280        0xc ./src/RobotEV3.o
 .ARM.extab.text.main
                0x0001628c        0xc ./src/RobotEV3.o
 .ARM.extab     0x00016298       0x90 /usr/local/EV3-API-master/libev3api.a(ev3_output.o)
 .ARM.extab     0x00016328       0x18 /usr/local/EV3-API-master/libev3api.a(ev3_sound.o)
 .ARM.extab     0x00016340        0xc /usr/local/EV3-API-master/libev3api.a(ev3_bluetooth.o)
 .ARM.extab     0x0001634c        0xc /usr/local/EV3-API-master/libev3api.a(ev3_ultrasonic.o)
 .ARM.extab     0x00016358       0x18 /usr/local/EV3-API-master/libev3api.a(ev3_gyro.o)
 .ARM.extab     0x00016370        0xc /usr/local/EV3-API-master/libev3api.a(ht_ir_v2.o)
 .ARM.extab     0x0001637c       0x3c /usr/local/EV3-API-master/libev3api.a(bluetooth.o)
 .ARM.extab     0x000163b8       0x78 /usr/local/EV3-API-master/libev3api.a(ev3_lcd.o)
 .ARM.extab     0x00016430       0x18 /usr/local/EV3-API-master/libev3api.a(ev3_button.nxc.o)
                0x00016448                __exidx_start = .

.ARM.exidx      0x00016448      0x940
 *(.ARM.exidx* .gnu.linkonce.armexidx.*)
 .ARM.exidx     0x00016458        0x0 /usr/local/CodeSourcery/arm-2009q1/bin/../arm-none-linux-gnueabi/libc/armv4t/usr/lib/crt1.o
                                  0x8 (size before relaxing)
 .ARM.exidx     0x00016458        0x8 /usr/local/CodeSourcery/arm-2009q1/bin/../arm-none-linux-gnueabi/libc/armv4t/usr/lib/crti.o
 .ARM.exidx     0x00016460       0x10 /usr/local/CodeSourcery/arm-2009q1/bin/../lib/gcc/arm-none-linux-gnueabi/4.3.3/armv4t/crtbegin.o
 .ARM.exidx.text.turn_right
                0x00016470        0x8 ./src/RobotEV3.o
 .ARM.exidx.text.turn_left
                0x00016478        0x8 ./src/RobotEV3.o
 .ARM.exidx.text.turn_left_high
                0x00016480        0x8 ./src/RobotEV3.o
 .ARM.exidx.text.turn_right_high
                0x00016488        0x8 ./src/RobotEV3.o
 .ARM.exidx.text.wall_follow
                0x00016490        0x8 ./src/RobotEV3.o
 .ARM.exidx.text.look_for_can
                0x00016498        0x8 ./src/RobotEV3.o
 .ARM.exidx.text.main
                0x000164a0        0x8 ./src/RobotEV3.o
 .ARM.exidx     0x000164a8       0x10 /usr/local/EV3-API-master/libev3api.a(ev3.o)
                                 0x18 (size before relaxing)
 .ARM.exidx     0x000164b8      0x178 /usr/local/EV3-API-master/libev3api.a(ev3_output.o)
                                0x210 (size before relaxing)
 .ARM.exidx     0x00016630       0xa8 /usr/local/EV3-API-master/libev3api.a(ev3_sound.o)
                                 0xd8 (size before relaxing)
 .ARM.exidx     0x000166d8       0x40 /usr/local/EV3-API-master/libev3api.a(ev3_bluetooth.o)
                                 0x48 (size before relaxing)
 .ARM.exidx     0x00016718       0x38 /usr/local/EV3-API-master/libev3api.a(ev3_button.lejos.o)
                                 0x68 (size before relaxing)
 .ARM.exidx     0x00016750       0x10 /usr/local/EV3-API-master/libev3api.a(ev3_input.o)
 .ARM.exidx     0x00016760       0x18 /usr/local/EV3-API-master/libev3api.a(c4ev3_compatibility.o)
 .ARM.exidx     0x00016778       0x30 /usr/local/EV3-API-master/libev3api.a(ev3_color.o)
                                 0x40 (size before relaxing)
 .ARM.exidx     0x000167a8       0x28 /usr/local/EV3-API-master/libev3api.a(ev3_ultrasonic.o)
                                 0x40 (size before relaxing)
 .ARM.exidx     0x000167d0       0x28 /usr/local/EV3-API-master/libev3api.a(ev3_sensors.o)
                                 0x30 (size before relaxing)
 .ARM.exidx     0x000167f8       0x10 /usr/local/EV3-API-master/libev3api.a(nxt_temperature.o)
 .ARM.exidx     0x00016808       0x10 /usr/local/EV3-API-master/libev3api.a(ev3_touch.o)
 .ARM.exidx     0x00016818       0x20 /usr/local/EV3-API-master/libev3api.a(ht_compass.o)
                                 0x28 (size before relaxing)
 .ARM.exidx     0x00016838        0x8 /usr/local/EV3-API-master/libev3api.a(utility.o)
 .ARM.exidx     0x00016840       0x28 /usr/local/EV3-API-master/libev3api.a(ev3_ir.o)
 .ARM.exidx     0x00016868       0x30 /usr/local/EV3-API-master/libev3api.a(ev3_gyro.o)
 .ARM.exidx     0x00016898       0x20 /usr/local/EV3-API-master/libev3api.a(ht_ir_v2.o)
 .ARM.exidx     0x000168b8       0x10 /usr/local/EV3-API-master/libev3api.a(nxt_sound.o)
 .ARM.exidx     0x000168c8       0x50 /usr/local/EV3-API-master/libev3api.a(bluetooth.o)
                                 0x78 (size before relaxing)
 .ARM.exidx     0x00016918       0x20 /usr/local/EV3-API-master/libev3api.a(ev3_button.core.o)
                                 0x38 (size before relaxing)
 .ARM.exidx     0x00016938        0x8 /usr/local/EV3-API-master/libev3api.a(ev3_command.o)
 .ARM.exidx     0x00016940       0x38 /usr/local/EV3-API-master/libev3api.a(ev3_timer.o)
 .ARM.exidx     0x00016978       0x18 /usr/local/EV3-API-master/libev3api.a(ev3_button.o)
                                 0x28 (size before relaxing)
 .ARM.exidx     0x00016990       0x20 /usr/local/EV3-API-master/libev3api.a(ev3_button.led.o)
                                 0x40 (size before relaxing)
 .ARM.exidx     0x000169b0      0x1d8 /usr/local/EV3-API-master/libev3api.a(ev3_lcd.o)
                                0x270 (size before relaxing)
 .ARM.exidx     0x00016b88       0x80 /usr/local/EV3-API-master/libev3api.a(ev3_button.nxc.o)
                                 0xe0 (size before relaxing)
 .ARM.exidx     0x00016c08       0x50 /usr/local/EV3-API-master/libev3api.a(ev3_array.o)
                                 0x58 (size before relaxing)
 .ARM.exidx     0x00016c58       0x70 /usr/local/EV3-API-master/libev3api.a(ev3_timer.ts.o)
                                 0x90 (size before relaxing)
 .ARM.exidx     0x00016cc8       0x30 /usr/local/EV3-API-master/libev3api.a(ev3_input_uart.o)
                                 0x38 (size before relaxing)
 .ARM.exidx     0x00016cf8       0x30 /usr/local/EV3-API-master/libev3api.a(ev3_input_iic.o)
                                 0x38 (size before relaxing)
 .ARM.exidx     0x00016d28       0x20 /usr/local/EV3-API-master/libev3api.a(ev3_input_analog.o)
 .ARM.exidx     0x00016d48        0x8 /usr/local/CodeSourcery/arm-2009q1/bin/../lib/gcc/arm-none-linux-gnueabi/4.3.3/armv4t/libgcc.a(bpabi.o)
                                 0x10 (size before relaxing)
 .ARM.exidx     0x00016d50        0x8 /usr/local/CodeSourcery/arm-2009q1/bin/../lib/gcc/arm-none-linux-gnueabi/4.3.3/armv4t/libgcc.a(_divdi3.o)
 .ARM.exidx     0x00016d58        0x0 /usr/local/CodeSourcery/arm-2009q1/bin/../lib/gcc/arm-none-linux-gnueabi/4.3.3/armv4t/libgcc.a(_udivdi3.o)
                                  0x8 (size before relaxing)
 .ARM.exidx     0x00016d58       0x10 /usr/local/CodeSourcery/arm-2009q1/bin/../arm-none-linux-gnueabi/libc/armv4t/usr/lib/libc_nonshared.a(elf-init.oS)
 .ARM.exidx     0x00016d68       0x10 /usr/local/CodeSourcery/arm-2009q1/bin/../arm-none-linux-gnueabi/libc/armv4t/usr/lib/libc_nonshared.a(stat.oS)
                                  0x8 (size before relaxing)
 .ARM.exidx.init
                0x00016448       0x10 /usr/local/CodeSourcery/arm-2009q1/bin/../arm-none-linux-gnueabi/libc/armv4t/usr/lib/crtn.o
                                  0x8 (size before relaxing)
 .ARM.exidx.fini
                0x00016d78       0x10 /usr/local/CodeSourcery/arm-2009q1/bin/../arm-none-linux-gnueabi/libc/armv4t/usr/lib/crtn.o
                                  0x8 (size before relaxing)
                0x00016d88                __exidx_end = .

.eh_frame_hdr
 *(.eh_frame_hdr)

.eh_frame       0x00016d88        0x4
 *(.eh_frame)
 .eh_frame      0x00016d88        0x4 /usr/local/CodeSourcery/arm-2009q1/bin/../lib/gcc/arm-none-linux-gnueabi/4.3.3/armv4t/crtend.o

.gcc_except_table
 *(.gcc_except_table .gcc_except_table.*)
                0x00016d8c                . = (ALIGN (0x8000) - ((0x8000 - .) & 0x7fff))
                0x0001f000                . = (0x8000 DATA_SEGMENT_ALIGN 0x1000)

.eh_frame
 *(.eh_frame)

.gcc_except_table
 *(.gcc_except_table .gcc_except_table.*)

.tdata
 *(.tdata .tdata.* .gnu.linkonce.td.*)

.tbss
 *(.tbss .tbss.* .gnu.linkonce.tb.*)
 *(.tcommon)

.preinit_array  0x0001f000        0x0
                0x0001f000                PROVIDE (__preinit_array_start, .)
 *(.preinit_array)
                0x0001f000                PROVIDE (__preinit_array_end, .)

.init_array     0x0001f000        0x8
                0x0001f000                PROVIDE (__init_array_start, .)
 *(SORT(.init_array.*))
 *(.init_array)
 .init_array    0x0001f000        0x4 /usr/local/CodeSourcery/arm-2009q1/bin/../lib/gcc/arm-none-linux-gnueabi/4.3.3/armv4t/crtbegin.o
 .init_array    0x0001f004        0x4 /usr/local/EV3-API-master/libev3api.a(ev3.o)
                0x0001f008                PROVIDE (__init_array_end, .)

.fini_array     0x0001f008        0x8
                0x0001f008                PROVIDE (__fini_array_start, .)
 *(.fini_array)
 .fini_array    0x0001f008        0x4 /usr/local/CodeSourcery/arm-2009q1/bin/../lib/gcc/arm-none-linux-gnueabi/4.3.3/armv4t/crtbegin.o
 .fini_array    0x0001f00c        0x4 /usr/local/EV3-API-master/libev3api.a(ev3.o)
 *(SORT(.fini_array.*))
                0x0001f010                PROVIDE (__fini_array_end, .)

.ctors
 *crtbegin.o(.ctors)
 *crtbegin?.o(.ctors)
 *(EXCLUDE_FILE(*crtend?.o *crtend.o) .ctors)
 *(SORT(.ctors.*))
 *(.ctors)

.dtors
 *crtbegin.o(.dtors)
 *crtbegin?.o(.dtors)
 *(EXCLUDE_FILE(*crtend?.o *crtend.o) .dtors)
 *(SORT(.dtors.*))
 *(.dtors)

.jcr            0x0001f010        0x4
 *(.jcr)
 .jcr           0x0001f010        0x0 /usr/local/CodeSourcery/arm-2009q1/bin/../lib/gcc/arm-none-linux-gnueabi/4.3.3/armv4t/crtbegin.o
 .jcr           0x0001f010        0x4 /usr/local/CodeSourcery/arm-2009q1/bin/../lib/gcc/arm-none-linux-gnueabi/4.3.3/armv4t/crtend.o

.data.rel.ro
 *(.data.rel.ro.local* .gnu.linkonce.d.rel.ro.local.*)
 *(.data.rel.ro* .gnu.linkonce.d.rel.ro.*)

.dynamic        0x0001f014      0x100
 *(.dynamic)
 .dynamic       0x0001f014      0x100 /usr/local/CodeSourcery/arm-2009q1/bin/../arm-none-linux-gnueabi/libc/armv4t/usr/lib/crti.o
                0x0001f014                _DYNAMIC
                0x0001f114                . = (. DATA_SEGMENT_RELRO_END 0x0)

.got            0x0001f114      0x140
 *(.got.plt)
 .got.plt       0x0001f114      0x138 /usr/local/CodeSourcery/arm-2009q1/bin/../arm-none-linux-gnueabi/libc/armv4t/usr/lib/crti.o
                0x0001f114                _GLOBAL_OFFSET_TABLE_
 *(.got)
 .got           0x0001f24c        0x8 /usr/local/CodeSourcery/arm-2009q1/bin/../arm-none-linux-gnueabi/libc/armv4t/usr/lib/crti.o

.data           0x0001f254     0x2680
                0x0001f254                __data_start = .
 *(.data .data.* .gnu.linkonce.d.*)
 .data.current_speed
                0x0001f254        0x1 ./src/RobotEV3.o
                0x0001f254                current_speed
 *fill*         0x0001f255        0x3 00
 .data.optimal  0x0001f258        0x4 ./src/RobotEV3.o
                0x0001f258                optimal
 .data.search_interval
                0x0001f25c        0x4 ./src/RobotEV3.o
                0x0001f25c                search_interval
 .data          0x0001f260        0x4 /usr/local/EV3-API-master/libev3api.a(ev3_bluetooth.o)
 .data          0x0001f264       0x10 /usr/local/EV3-API-master/libev3api.a(c4ev3_compatibility.o)
 .data          0x0001f274       0x1c /usr/local/EV3-API-master/libev3api.a(ev3_color.o)
                0x0001f274                EV3Color
 .data          0x0001f290       0x1c /usr/local/EV3-API-master/libev3api.a(ev3_ultrasonic.o)
                0x0001f290                EV3Ultrasonic
 .data          0x0001f2ac       0x1c /usr/local/EV3-API-master/libev3api.a(nxt_temperature.o)
                0x0001f2ac                NXTTemperature
 .data          0x0001f2c8       0x1c /usr/local/EV3-API-master/libev3api.a(ev3_touch.o)
                0x0001f2c8                EV3Touch
 .data          0x0001f2e4       0x1c /usr/local/EV3-API-master/libev3api.a(ht_compass.o)
                0x0001f2e4                HTCompass
 .data          0x0001f300       0x1c /usr/local/EV3-API-master/libev3api.a(ev3_ir.o)
                0x0001f300                EV3Ir
 .data          0x0001f31c       0x1c /usr/local/EV3-API-master/libev3api.a(ev3_gyro.o)
                0x0001f31c                EV3Gyro
 .data          0x0001f338       0x1c /usr/local/EV3-API-master/libev3api.a(ht_ir_v2.o)
                0x0001f338                HTIrV2
 .data          0x0001f354       0x1c /usr/local/EV3-API-master/libev3api.a(nxt_sound.o)
                0x0001f354                NXTSound
 .data          0x0001f370       0x34 /usr/local/EV3-API-master/libev3api.a(ev3_button.core.o)
 .data          0x0001f3a4     0x2530 /usr/local/EV3-API-master/libev3api.a(ev3_lcd.o)
                0x0001f510                PixelTab
                0x0001f410                UnPixelTab
                0x0001f3d4                IconInfo
                0x0001f3a4                FontInfo
                0x0001f518                Masks

.data1
 *(.data1)
                0x000218d4                _edata = .
                0x000218d4                PROVIDE (edata, .)
                0x000218d4                __bss_start = .
                0x000218d4                __bss_start__ = .

.bss            0x000218d8     0x30dc
 *(.dynbss)
 .dynbss        0x00000000        0x0 /usr/local/CodeSourcery/arm-2009q1/bin/../arm-none-linux-gnueabi/libc/armv4t/usr/lib/crti.o
 *(.bss .bss.* .gnu.linkonce.b.*)
 .bss           0x000218d8        0x1 /usr/local/CodeSourcery/arm-2009q1/bin/../lib/gcc/arm-none-linux-gnueabi/4.3.3/armv4t/crtbegin.o
 .bss           0x000218d9        0x1 /usr/local/EV3-API-master/libev3api.a(ev3.o)
 *fill*         0x000218da        0x2 00
 .bss           0x000218dc       0x20 /usr/local/EV3-API-master/libev3api.a(ev3_bluetooth.o)
 .bss           0x000218fc        0x1 /usr/local/EV3-API-master/libev3api.a(ev3_input.o)
 *fill*         0x000218fd        0x3 00
 .bss           0x00021900      0x1a4 /usr/local/EV3-API-master/libev3api.a(c4ev3_compatibility.o)
 .bss           0x00021aa4       0x10 /usr/local/EV3-API-master/libev3api.a(ev3_sensors.o)
 .bss           0x00021ab4        0x4 /usr/local/EV3-API-master/libev3api.a(ht_compass.o)
 .bss           0x00021ab8       0x70 /usr/local/EV3-API-master/libev3api.a(ev3_gyro.o)
 .bss           0x00021b28      0x118 /usr/local/EV3-API-master/libev3api.a(ev3_timer.o)
                0x00021b28                tcb
 .bss           0x00021c40       0x20 /usr/local/EV3-API-master/libev3api.a(ev3_button.led.o)
 .bss           0x00021c60        0xc /usr/local/EV3-API-master/libev3api.a(ev3_lcd.o)
 .bss           0x00021c6c       0xd4 /usr/local/EV3-API-master/libev3api.a(ev3_button.nxc.o)
 .bss           0x00021d40        0xc /usr/local/EV3-API-master/libev3api.a(ev3_input_uart.o)
 .bss           0x00021d4c       0x68 /usr/local/EV3-API-master/libev3api.a(ev3_input_iic.o)
 .bss           0x00021db4        0xc /usr/local/EV3-API-master/libev3api.a(ev3_input_analog.o)
 *(COMMON)
 COMMON         0x00021dc0       0x48 /usr/local/EV3-API-master/libev3api.a(ev3_output.o)
                0x00021dc0                OutputInstance
 COMMON         0x00021e08      0x208 /usr/local/EV3-API-master/libev3api.a(ev3_sound.o)
                0x00021e08                SoundInstance
 COMMON         0x00022010        0xc /usr/local/EV3-API-master/libev3api.a(ev3_input.o)
                0x00022010                devCon
 COMMON         0x0002201c     0x2998 /usr/local/EV3-API-master/libev3api.a(ev3_lcd.o)
                0x0002201c                LCDInstance
                0x00022bb4                hwBuffer
                0x000249b4                . = ALIGN ((. != 0x0)?0x4:0x1)
                0x000249b4                _bss_end__ = .
                0x000249b4                __bss_end__ = .
                0x000249b4                . = ALIGN (0x4)
                0x000249b4                . = ALIGN (0x4)
                0x000249b4                __end__ = .
                0x000249b4                _end = .
                0x000249b4                PROVIDE (end, .)
                0x000249b4                . = DATA_SEGMENT_END (.)

.stab
 *(.stab)

.stabstr
 *(.stabstr)

.stab.excl
 *(.stab.excl)

.stab.exclstr
 *(.stab.exclstr)

.stab.index
 *(.stab.index)

.stab.indexstr
 *(.stab.indexstr)

.ARM.attributes
                0x00000000       0x2d
 .ARM.attributes
                0x00000000       0x26 /usr/local/CodeSourcery/arm-2009q1/bin/../arm-none-linux-gnueabi/libc/armv4t/usr/lib/crt1.o
 .ARM.attributes
                0x00000026       0x2a /usr/local/CodeSourcery/arm-2009q1/bin/../arm-none-linux-gnueabi/libc/armv4t/usr/lib/crti.o
 .ARM.attributes
                0x00000050       0x2a /usr/local/CodeSourcery/arm-2009q1/bin/../lib/gcc/arm-none-linux-gnueabi/4.3.3/armv4t/crtbegin.o
 .ARM.attributes
                0x0000007a       0x2c ./src/RobotEV3.o
 .ARM.attributes
                0x000000a6       0x31 /usr/local/EV3-API-master/libev3api.a(ev3.o)
 .ARM.attributes
                0x000000d7       0x31 /usr/local/EV3-API-master/libev3api.a(ev3_output.o)
 .ARM.attributes
                0x00000108       0x31 /usr/local/EV3-API-master/libev3api.a(ev3_sound.o)
 .ARM.attributes
                0x00000139       0x31 /usr/local/EV3-API-master/libev3api.a(ev3_bluetooth.o)
 .ARM.attributes
                0x0000016a       0x31 /usr/local/EV3-API-master/libev3api.a(ev3_button.lejos.o)
 .ARM.attributes
                0x0000019b       0x31 /usr/local/EV3-API-master/libev3api.a(ev3_input.o)
 .ARM.attributes
                0x000001cc       0x31 /usr/local/EV3-API-master/libev3api.a(c4ev3_compatibility.o)
 .ARM.attributes
                0x000001fd       0x31 /usr/local/EV3-API-master/libev3api.a(ev3_color.o)
 .ARM.attributes
                0x0000022e       0x31 /usr/local/EV3-API-master/libev3api.a(ev3_ultrasonic.o)
 .ARM.attributes
                0x0000025f       0x31 /usr/local/EV3-API-master/libev3api.a(ev3_sensors.o)
 .ARM.attributes
                0x00000290       0x31 /usr/local/EV3-API-master/libev3api.a(nxt_temperature.o)
 .ARM.attributes
                0x000002c1       0x31 /usr/local/EV3-API-master/libev3api.a(ev3_touch.o)
 .ARM.attributes
                0x000002f2       0x31 /usr/local/EV3-API-master/libev3api.a(ht_compass.o)
 .ARM.attributes
                0x00000323       0x31 /usr/local/EV3-API-master/libev3api.a(utility.o)
 .ARM.attributes
                0x00000354       0x31 /usr/local/EV3-API-master/libev3api.a(ev3_ir.o)
 .ARM.attributes
                0x00000385       0x31 /usr/local/EV3-API-master/libev3api.a(ev3_gyro.o)
 .ARM.attributes
                0x000003b6       0x31 /usr/local/EV3-API-master/libev3api.a(ht_ir_v2.o)
 .ARM.attributes
                0x000003e7       0x31 /usr/local/EV3-API-master/libev3api.a(nxt_sound.o)
 .ARM.attributes
                0x00000418       0x31 /usr/local/EV3-API-master/libev3api.a(bluetooth.o)
 .ARM.attributes
                0x00000449       0x31 /usr/local/EV3-API-master/libev3api.a(ev3_button.core.o)
 .ARM.attributes
                0x0000047a       0x31 /usr/local/EV3-API-master/libev3api.a(ev3_command.o)
 .ARM.attributes
                0x000004ab       0x31 /usr/local/EV3-API-master/libev3api.a(ev3_timer.o)
 .ARM.attributes
                0x000004dc       0x31 /usr/local/EV3-API-master/libev3api.a(ev3_button.o)
 .ARM.attributes
                0x0000050d       0x31 /usr/local/EV3-API-master/libev3api.a(ev3_button.led.o)
 .ARM.attributes
                0x0000053e       0x31 /usr/local/EV3-API-master/libev3api.a(ev3_lcd.o)
 .ARM.attributes
                0x0000056f       0x31 /usr/local/EV3-API-master/libev3api.a(ev3_button.nxc.o)
 .ARM.attributes
                0x000005a0       0x31 /usr/local/EV3-API-master/libev3api.a(ev3_array.o)
 .ARM.attributes
                0x000005d1       0x31 /usr/local/EV3-API-master/libev3api.a(ev3_timer.ts.o)
 .ARM.attributes
                0x00000602       0x31 /usr/local/EV3-API-master/libev3api.a(ev3_input_uart.o)
 .ARM.attributes
                0x00000633       0x31 /usr/local/EV3-API-master/libev3api.a(ev3_input_iic.o)
 .ARM.attributes
                0x00000664       0x31 /usr/local/EV3-API-master/libev3api.a(ev3_input_analog.o)
 .ARM.attributes
                0x00000695       0x1a /usr/local/CodeSourcery/arm-2009q1/bin/../lib/gcc/arm-none-linux-gnueabi/4.3.3/armv4t/libgcc.a(_udivsi3.o)
 .ARM.attributes
                0x000006af       0x1a /usr/local/CodeSourcery/arm-2009q1/bin/../lib/gcc/arm-none-linux-gnueabi/4.3.3/armv4t/libgcc.a(_divsi3.o)
 .ARM.attributes
                0x000006c9       0x1a /usr/local/CodeSourcery/arm-2009q1/bin/../lib/gcc/arm-none-linux-gnueabi/4.3.3/armv4t/libgcc.a(_arm_addsubdf3.o)
 .ARM.attributes
                0x000006e3       0x1a /usr/local/CodeSourcery/arm-2009q1/bin/../lib/gcc/arm-none-linux-gnueabi/4.3.3/armv4t/libgcc.a(_arm_muldivdf3.o)
 .ARM.attributes
                0x000006fd       0x1a /usr/local/CodeSourcery/arm-2009q1/bin/../lib/gcc/arm-none-linux-gnueabi/4.3.3/armv4t/libgcc.a(_arm_fixdfsi.o)
 .ARM.attributes
                0x00000717       0x1a /usr/local/CodeSourcery/arm-2009q1/bin/../lib/gcc/arm-none-linux-gnueabi/4.3.3/armv4t/libgcc.a(_aeabi_uldivmod.o)
 .ARM.attributes
                0x00000731       0x1a /usr/local/CodeSourcery/arm-2009q1/bin/../lib/gcc/arm-none-linux-gnueabi/4.3.3/armv4t/libgcc.a(_dvmd_lnx.o)
 .ARM.attributes
                0x0000074b       0x2a /usr/local/CodeSourcery/arm-2009q1/bin/../lib/gcc/arm-none-linux-gnueabi/4.3.3/armv4t/libgcc.a(bpabi.o)
 .ARM.attributes
                0x00000775       0x2a /usr/local/CodeSourcery/arm-2009q1/bin/../lib/gcc/arm-none-linux-gnueabi/4.3.3/armv4t/libgcc.a(_divdi3.o)
 .ARM.attributes
                0x0000079f       0x2a /usr/local/CodeSourcery/arm-2009q1/bin/../lib/gcc/arm-none-linux-gnueabi/4.3.3/armv4t/libgcc.a(_udivdi3.o)
 .ARM.attributes
                0x000007c9       0x2a /usr/local/CodeSourcery/arm-2009q1/bin/../lib/gcc/arm-none-linux-gnueabi/4.3.3/armv4t/libgcc.a(_clz.o)
 .ARM.attributes
                0x000007f3       0x2a /usr/local/CodeSourcery/arm-2009q1/bin/../arm-none-linux-gnueabi/libc/armv4t/usr/lib/libc_nonshared.a(elf-init.oS)
 .ARM.attributes
                0x0000081d       0x2a /usr/local/CodeSourcery/arm-2009q1/bin/../arm-none-linux-gnueabi/libc/armv4t/usr/lib/libc_nonshared.a(stat.oS)
 .ARM.attributes
                0x00000847       0x2a /usr/local/CodeSourcery/arm-2009q1/bin/../lib/gcc/arm-none-linux-gnueabi/4.3.3/armv4t/crtend.o
 .ARM.attributes
                0x00000871       0x2a /usr/local/CodeSourcery/arm-2009q1/bin/../arm-none-linux-gnueabi/libc/armv4t/usr/lib/crtn.o

.comment        0x00000000      0x560
 *(.comment)
 .comment       0x00000000       0x2b ./src/RobotEV3.o
 .comment       0x0000002b       0x2b /usr/local/EV3-API-master/libev3api.a(ev3.o)
 .comment       0x00000056       0x2b /usr/local/EV3-API-master/libev3api.a(ev3_output.o)
 .comment       0x00000081       0x2b /usr/local/EV3-API-master/libev3api.a(ev3_sound.o)
 .comment       0x000000ac       0x2b /usr/local/EV3-API-master/libev3api.a(ev3_bluetooth.o)
 .comment       0x000000d7       0x2b /usr/local/EV3-API-master/libev3api.a(ev3_button.lejos.o)
 .comment       0x00000102       0x2b /usr/local/EV3-API-master/libev3api.a(ev3_input.o)
 .comment       0x0000012d       0x2b /usr/local/EV3-API-master/libev3api.a(c4ev3_compatibility.o)
 .comment       0x00000158       0x2b /usr/local/EV3-API-master/libev3api.a(ev3_color.o)
 .comment       0x00000183       0x2b /usr/local/EV3-API-master/libev3api.a(ev3_ultrasonic.o)
 .comment       0x000001ae       0x2b /usr/local/EV3-API-master/libev3api.a(ev3_sensors.o)
 .comment       0x000001d9       0x2b /usr/local/EV3-API-master/libev3api.a(nxt_temperature.o)
 .comment       0x00000204       0x2b /usr/local/EV3-API-master/libev3api.a(ev3_touch.o)
 .comment       0x0000022f       0x2b /usr/local/EV3-API-master/libev3api.a(ht_compass.o)
 .comment       0x0000025a       0x2b /usr/local/EV3-API-master/libev3api.a(utility.o)
 .comment       0x00000285       0x2b /usr/local/EV3-API-master/libev3api.a(ev3_ir.o)
 .comment       0x000002b0       0x2b /usr/local/EV3-API-master/libev3api.a(ev3_gyro.o)
 .comment       0x000002db       0x2b /usr/local/EV3-API-master/libev3api.a(ht_ir_v2.o)
 .comment       0x00000306       0x2b /usr/local/EV3-API-master/libev3api.a(nxt_sound.o)
 .comment       0x00000331       0x2b /usr/local/EV3-API-master/libev3api.a(bluetooth.o)
 .comment       0x0000035c       0x2b /usr/local/EV3-API-master/libev3api.a(ev3_button.core.o)
 .comment       0x00000387       0x2b /usr/local/EV3-API-master/libev3api.a(ev3_command.o)
 .comment       0x000003b2       0x2b /usr/local/EV3-API-master/libev3api.a(ev3_timer.o)
 .comment       0x000003dd       0x2b /usr/local/EV3-API-master/libev3api.a(ev3_button.o)
 .comment       0x00000408       0x2b /usr/local/EV3-API-master/libev3api.a(ev3_button.led.o)
 .comment       0x00000433       0x2b /usr/local/EV3-API-master/libev3api.a(ev3_lcd.o)
 .comment       0x0000045e       0x2b /usr/local/EV3-API-master/libev3api.a(ev3_button.nxc.o)
 .comment       0x00000489       0x2b /usr/local/EV3-API-master/libev3api.a(ev3_array.o)
 .comment       0x000004b4       0x2b /usr/local/EV3-API-master/libev3api.a(ev3_timer.ts.o)
 .comment       0x000004df       0x2b /usr/local/EV3-API-master/libev3api.a(ev3_input_uart.o)
 .comment       0x0000050a       0x2b /usr/local/EV3-API-master/libev3api.a(ev3_input_iic.o)
 .comment       0x00000535       0x2b /usr/local/EV3-API-master/libev3api.a(ev3_input_analog.o)

.debug
 *(.debug)

.line
 *(.line)

.debug_srcinfo
 *(.debug_srcinfo)

.debug_sfnames
 *(.debug_sfnames)

.debug_aranges
 *(.debug_aranges)

.debug_pubnames
 *(.debug_pubnames)

.debug_info
 *(.debug_info .gnu.linkonce.wi.*)

.debug_abbrev
 *(.debug_abbrev)

.debug_line
 *(.debug_line)

.debug_frame
 *(.debug_frame)

.debug_str
 *(.debug_str)

.debug_loc
 *(.debug_loc)

.debug_macinfo
 *(.debug_macinfo)

.debug_weaknames
 *(.debug_weaknames)

.debug_funcnames
 *(.debug_funcnames)

.debug_typenames
 *(.debug_typenames)

.debug_varnames
 *(.debug_varnames)

.debug_pubtypes
 *(.debug_pubtypes)

.debug_ranges
 *(.debug_ranges)

.gnu.attributes
 *(.gnu.attributes)

.note.gnu.arm.ident
 *(.note.gnu.arm.ident)

/DISCARD/
 *(.note.GNU-stack)
 *(.gnu_debuglink)
OUTPUT(RobotEV3.elf elf32-littlearm)
