Archive member included because of file (symbol)

/usr/local/EV3-API-master/libev3api.a(ev3_button.led.o)
                              ./src/RobotEV3.o (SetLedWarning)
/usr/local/EV3-API-master/libev3api.a(ev3.o)
                              ./src/RobotEV3.o (FreeEV3)
/usr/local/EV3-API-master/libev3api.a(ev3_output.o)
                              ./src/RobotEV3.o (MotorRotationCount)
/usr/local/EV3-API-master/libev3api.a(ev3_sound.o)
                              /usr/local/EV3-API-master/libev3api.a(ev3.o) (SoundInit)
/usr/local/EV3-API-master/libev3api.a(ev3_bluetooth.o)
                              /usr/local/EV3-API-master/libev3api.a(ev3.o) (BluetoothInit)
/usr/local/EV3-API-master/libev3api.a(ev3_button.lejos.o)
                              ./src/RobotEV3.o (ButtonWaitForPress)
/usr/local/EV3-API-master/libev3api.a(ev3_input.o)
                              /usr/local/EV3-API-master/libev3api.a(ev3.o) (InputExit)
/usr/local/EV3-API-master/libev3api.a(c4ev3_compatibility.o)
                              ./src/RobotEV3.o (ReadSensor)
/usr/local/EV3-API-master/libev3api.a(ev3_color.o)
                              /usr/local/EV3-API-master/libev3api.a(c4ev3_compatibility.o) (ReadEV3ColorSensorColorRGB)
/usr/local/EV3-API-master/libev3api.a(ev3_ultrasonic.o)
                              /usr/local/EV3-API-master/libev3api.a(c4ev3_compatibility.o) (ReadEV3UltrasonicSensorDistance)
/usr/local/EV3-API-master/libev3api.a(ev3_sensors.o)
                              /usr/local/EV3-API-master/libev3api.a(ev3.o) (SensorsInit)
/usr/local/EV3-API-master/libev3api.a(nxt_temperature.o)
                              /usr/local/EV3-API-master/libev3api.a(c4ev3_compatibility.o) (ReadNXTTemperatureSensor)
/usr/local/EV3-API-master/libev3api.a(ev3_touch.o)
                              /usr/local/EV3-API-master/libev3api.a(c4ev3_compatibility.o) (ReadEV3TouchSensor)
/usr/local/EV3-API-master/libev3api.a(ht_compass.o)
                              /usr/local/EV3-API-master/libev3api.a(c4ev3_compatibility.o) (ReadHTCompassSensor)
/usr/local/EV3-API-master/libev3api.a(utility.o)
                              /usr/local/EV3-API-master/libev3api.a(ev3_color.o) (setUARTSensorHandlerMode)
/usr/local/EV3-API-master/libev3api.a(ev3_ir.o)
                              /usr/local/EV3-API-master/libev3api.a(c4ev3_compatibility.o) (ReadEV3IrSensorRemote)
/usr/local/EV3-API-master/libev3api.a(ev3_gyro.o)
                              /usr/local/EV3-API-master/libev3api.a(c4ev3_compatibility.o) (ReadEV3GyroSensorRate)
/usr/local/EV3-API-master/libev3api.a(ht_ir_v2.o)
                              /usr/local/EV3-API-master/libev3api.a(c4ev3_compatibility.o) (ReadHTIrV2Sensor)
/usr/local/EV3-API-master/libev3api.a(nxt_sound.o)
                              /usr/local/EV3-API-master/libev3api.a(nxt_temperature.o) (NXTSound)
/usr/local/EV3-API-master/libev3api.a(bluetooth.o)
                              /usr/local/EV3-API-master/libev3api.a(ev3_bluetooth.o) (bachk)
/usr/local/EV3-API-master/libev3api.a(ev3_button.core.o)
                              /usr/local/EV3-API-master/libev3api.a(ev3_button.lejos.o) (ButtonCoreReadButton)
/usr/local/EV3-API-master/libev3api.a(ev3_command.o)
                              /usr/local/EV3-API-master/libev3api.a(ev3_output.o) (Wait)
/usr/local/EV3-API-master/libev3api.a(ev3_timer.o)
                              /usr/local/EV3-API-master/libev3api.a(ev3.o) (TimerExit)
/usr/local/EV3-API-master/libev3api.a(ev3_button.o)
                              /usr/local/EV3-API-master/libev3api.a(ev3.o) (ButtonLedExit)
/usr/local/EV3-API-master/libev3api.a(ev3_lcd.o)
                              /usr/local/EV3-API-master/libev3api.a(ev3.o) (LcdClean)
/usr/local/EV3-API-master/libev3api.a(ev3_button.nxc.o)
                              /usr/local/EV3-API-master/libev3api.a(ev3_button.o) (ButtonNxcInitialized)
/usr/local/EV3-API-master/libev3api.a(ev3_array.o)
                              /usr/local/EV3-API-master/libev3api.a(ev3_timer.o) (CArrayAccess)
/usr/local/EV3-API-master/libev3api.a(ev3_timer.ts.o)
                              /usr/local/EV3-API-master/libev3api.a(ev3_button.lejos.o) (TimerGetMS)
/usr/local/EV3-API-master/libev3api.a(ev3_input_uart.o)
                              /usr/local/EV3-API-master/libev3api.a(ev3_input.o) (exitEV3UARTInput)
/usr/local/EV3-API-master/libev3api.a(ev3_input_iic.o)
                              /usr/local/EV3-API-master/libev3api.a(ev3_input.o) (exitEV3IICInput)
/usr/local/EV3-API-master/libev3api.a(ev3_input_analog.o)
                              /usr/local/EV3-API-master/libev3api.a(ev3_touch.o) (readNewDumbSensor)
/usr/local/CodeSourcery/arm-2009q1/bin/../lib/gcc/arm-none-linux-gnueabi/4.3.3/armv4t/libgcc.a(_udivsi3.o)
                              /usr/local/EV3-API-master/libev3api.a(ev3_command.o) (__aeabi_uidiv)
/usr/local/CodeSourcery/arm-2009q1/bin/../lib/gcc/arm-none-linux-gnueabi/4.3.3/armv4t/libgcc.a(_divsi3.o)
                              /usr/local/EV3-API-master/libev3api.a(ev3_output.o) (__aeabi_idiv)
/usr/local/CodeSourcery/arm-2009q1/bin/../lib/gcc/arm-none-linux-gnueabi/4.3.3/armv4t/libgcc.a(_arm_addsubdf3.o)
                              /usr/local/EV3-API-master/libev3api.a(nxt_sound.o) (__aeabi_dadd)
/usr/local/CodeSourcery/arm-2009q1/bin/../lib/gcc/arm-none-linux-gnueabi/4.3.3/armv4t/libgcc.a(_arm_muldivdf3.o)
                              /usr/local/EV3-API-master/libev3api.a(nxt_sound.o) (__aeabi_dmul)
/usr/local/CodeSourcery/arm-2009q1/bin/../lib/gcc/arm-none-linux-gnueabi/4.3.3/armv4t/libgcc.a(_arm_fixdfsi.o)
                              /usr/local/EV3-API-master/libev3api.a(nxt_sound.o) (__aeabi_d2iz)
/usr/local/CodeSourcery/arm-2009q1/bin/../lib/gcc/arm-none-linux-gnueabi/4.3.3/armv4t/libgcc.a(_aeabi_uldivmod.o)
                              /usr/local/EV3-API-master/libev3api.a(ev3_timer.ts.o) (__aeabi_uldivmod)
/usr/local/CodeSourcery/arm-2009q1/bin/../lib/gcc/arm-none-linux-gnueabi/4.3.3/armv4t/libgcc.a(_dvmd_lnx.o)
                              /usr/local/CodeSourcery/arm-2009q1/bin/../lib/gcc/arm-none-linux-gnueabi/4.3.3/armv4t/libgcc.a(_udivsi3.o) (__aeabi_idiv0)
/usr/local/CodeSourcery/arm-2009q1/bin/../lib/gcc/arm-none-linux-gnueabi/4.3.3/armv4t/libgcc.a(bpabi.o)
                              /usr/local/CodeSourcery/arm-2009q1/bin/../lib/gcc/arm-none-linux-gnueabi/4.3.3/armv4t/libgcc.a(_aeabi_uldivmod.o) (__gnu_uldivmod_helper)
/usr/local/CodeSourcery/arm-2009q1/bin/../lib/gcc/arm-none-linux-gnueabi/4.3.3/armv4t/libgcc.a(_divdi3.o)
                              /usr/local/CodeSourcery/arm-2009q1/bin/../lib/gcc/arm-none-linux-gnueabi/4.3.3/armv4t/libgcc.a(bpabi.o) (__divdi3)
/usr/local/CodeSourcery/arm-2009q1/bin/../lib/gcc/arm-none-linux-gnueabi/4.3.3/armv4t/libgcc.a(_udivdi3.o)
                              /usr/local/CodeSourcery/arm-2009q1/bin/../lib/gcc/arm-none-linux-gnueabi/4.3.3/armv4t/libgcc.a(bpabi.o) (__udivdi3)
/usr/local/CodeSourcery/arm-2009q1/bin/../lib/gcc/arm-none-linux-gnueabi/4.3.3/armv4t/libgcc.a(_clz.o)
                              /usr/local/CodeSourcery/arm-2009q1/bin/../lib/gcc/arm-none-linux-gnueabi/4.3.3/armv4t/libgcc.a(_divdi3.o) (__clz_tab)
/usr/local/CodeSourcery/arm-2009q1/bin/../arm-none-linux-gnueabi/libc/armv4t/usr/lib/libc_nonshared.a(elf-init.oS)
                              /usr/local/CodeSourcery/arm-2009q1/bin/../arm-none-linux-gnueabi/libc/armv4t/usr/lib/crt1.o (__libc_csu_fini)
/usr/local/CodeSourcery/arm-2009q1/bin/../arm-none-linux-gnueabi/libc/armv4t/usr/lib/libc_nonshared.a(stat.oS)
                              /usr/local/EV3-API-master/libev3api.a(ev3_sound.o) (stat)

Allocating common symbols
Common symbol       size              file

LCDInstance         0xb98             /usr/local/EV3-API-master/libev3api.a(ev3_lcd.o)
hwBuffer            0x1e00            /usr/local/EV3-API-master/libev3api.a(ev3_lcd.o)
OutputInstance      0x48              /usr/local/EV3-API-master/libev3api.a(ev3_output.o)
devCon              0xc               /usr/local/EV3-API-master/libev3api.a(ev3_input.o)
SoundInstance       0x208             /usr/local/EV3-API-master/libev3api.a(ev3_sound.o)

Discarded input sections

 .note.ABI-tag  0x00000000        0x0 /usr/local/CodeSourcery/arm-2009q1/bin/../arm-none-linux-gnueabi/libc/armv4t/usr/lib/crt1.o
 .rodata.cst4   0x00000000        0x0 /usr/local/CodeSourcery/arm-2009q1/bin/../arm-none-linux-gnueabi/libc/armv4t/usr/lib/crt1.o
 .ARM.extab     0x00000000        0x0 /usr/local/CodeSourcery/arm-2009q1/bin/../arm-none-linux-gnueabi/libc/armv4t/usr/lib/crt1.o
 .data          0x00000000        0x0 /usr/local/CodeSourcery/arm-2009q1/bin/../arm-none-linux-gnueabi/libc/armv4t/usr/lib/crt1.o
 .bss           0x00000000        0x0 /usr/local/CodeSourcery/arm-2009q1/bin/../arm-none-linux-gnueabi/libc/armv4t/usr/lib/crt1.o
 .note.GNU-stack
                0x00000000        0x0 /usr/local/CodeSourcery/arm-2009q1/bin/../arm-none-linux-gnueabi/libc/armv4t/usr/lib/crt1.o
 .data          0x00000000        0x0 /usr/local/CodeSourcery/arm-2009q1/bin/../arm-none-linux-gnueabi/libc/armv4t/usr/lib/crti.o
 .bss           0x00000000        0x0 /usr/local/CodeSourcery/arm-2009q1/bin/../arm-none-linux-gnueabi/libc/armv4t/usr/lib/crti.o
 .ARM.extab     0x00000000        0x0 /usr/local/CodeSourcery/arm-2009q1/bin/../arm-none-linux-gnueabi/libc/armv4t/usr/lib/crti.o
 .note.GNU-stack
                0x00000000        0x0 /usr/local/CodeSourcery/arm-2009q1/bin/../arm-none-linux-gnueabi/libc/armv4t/usr/lib/crti.o
 .data          0x00000000        0x0 /usr/local/CodeSourcery/arm-2009q1/bin/../lib/gcc/arm-none-linux-gnueabi/4.3.3/armv4t/crtbegin.o
 .ARM.extab     0x00000000        0x0 /usr/local/CodeSourcery/arm-2009q1/bin/../lib/gcc/arm-none-linux-gnueabi/4.3.3/armv4t/crtbegin.o
 .note.GNU-stack
                0x00000000        0x0 /usr/local/CodeSourcery/arm-2009q1/bin/../lib/gcc/arm-none-linux-gnueabi/4.3.3/armv4t/crtbegin.o
 .text          0x00000000        0x0 ./src/RobotEV3.o
 .data          0x00000000        0x0 ./src/RobotEV3.o
 .bss           0x00000000        0x0 ./src/RobotEV3.o
 .debug_abbrev  0x00000000        0x0 ./src/RobotEV3.o
 .debug_info    0x00000000        0x0 ./src/RobotEV3.o
 .debug_line    0x00000000        0x0 ./src/RobotEV3.o
 .debug_macinfo
                0x00000000        0x0 ./src/RobotEV3.o
 .data.__reference_InitEV3
                0x00000000        0x0 ./src/RobotEV3.o
 .data.__reference_FreeEV3
                0x00000000        0x0 ./src/RobotEV3.o
 .bss.current_time
                0x00000000        0x0 ./src/RobotEV3.o
 .debug_frame   0x00000000        0x0 ./src/RobotEV3.o
 .debug_loc     0x00000000        0x0 ./src/RobotEV3.o
 .debug_pubnames
                0x00000000        0x0 ./src/RobotEV3.o
 .debug_aranges
                0x00000000        0x0 ./src/RobotEV3.o
 .debug_ranges  0x00000000        0x0 ./src/RobotEV3.o
 .debug_str     0x00000000        0x0 ./src/RobotEV3.o
 .note.GNU-stack
                0x00000000        0x0 ./src/RobotEV3.o
 .data          0x00000000        0x0 /usr/local/EV3-API-master/libev3api.a(ev3_button.led.o)
 .ARM.extab     0x00000000        0x0 /usr/local/EV3-API-master/libev3api.a(ev3_button.led.o)
 .note.GNU-stack
                0x00000000        0x0 /usr/local/EV3-API-master/libev3api.a(ev3_button.led.o)
 .data          0x00000000        0x0 /usr/local/EV3-API-master/libev3api.a(ev3.o)
 .ARM.extab     0x00000000        0x0 /usr/local/EV3-API-master/libev3api.a(ev3.o)
 .note.GNU-stack
                0x00000000        0x0 /usr/local/EV3-API-master/libev3api.a(ev3.o)
 .data          0x00000000        0x0 /usr/local/EV3-API-master/libev3api.a(ev3_output.o)
 .bss           0x00000000        0x0 /usr/local/EV3-API-master/libev3api.a(ev3_output.o)
 .note.GNU-stack
                0x00000000        0x0 /usr/local/EV3-API-master/libev3api.a(ev3_output.o)
 .data          0x00000000        0x0 /usr/local/EV3-API-master/libev3api.a(ev3_sound.o)
 .bss           0x00000000        0x0 /usr/local/EV3-API-master/libev3api.a(ev3_sound.o)
 .note.GNU-stack
                0x00000000        0x0 /usr/local/EV3-API-master/libev3api.a(ev3_sound.o)
 .note.GNU-stack
                0x00000000        0x0 /usr/local/EV3-API-master/libev3api.a(ev3_bluetooth.o)
 .data          0x00000000        0x0 /usr/local/EV3-API-master/libev3api.a(ev3_button.lejos.o)
 .bss           0x00000000        0x0 /usr/local/EV3-API-master/libev3api.a(ev3_button.lejos.o)
 .ARM.extab     0x00000000        0x0 /usr/local/EV3-API-master/libev3api.a(ev3_button.lejos.o)
 .note.GNU-stack
                0x00000000        0x0 /usr/local/EV3-API-master/libev3api.a(ev3_button.lejos.o)
 .data          0x00000000        0x0 /usr/local/EV3-API-master/libev3api.a(ev3_input.o)
 .ARM.extab     0x00000000        0x0 /usr/local/EV3-API-master/libev3api.a(ev3_input.o)
 .note.GNU-stack
                0x00000000        0x0 /usr/local/EV3-API-master/libev3api.a(ev3_input.o)
 .ARM.extab     0x00000000        0x0 /usr/local/EV3-API-master/libev3api.a(c4ev3_compatibility.o)
 .note.GNU-stack
                0x00000000        0x0 /usr/local/EV3-API-master/libev3api.a(c4ev3_compatibility.o)
 .bss           0x00000000        0x0 /usr/local/EV3-API-master/libev3api.a(ev3_color.o)
 .ARM.extab     0x00000000        0x0 /usr/local/EV3-API-master/libev3api.a(ev3_color.o)
 .note.GNU-stack
                0x00000000        0x0 /usr/local/EV3-API-master/libev3api.a(ev3_color.o)
 .bss           0x00000000        0x0 /usr/local/EV3-API-master/libev3api.a(ev3_ultrasonic.o)
 .note.GNU-stack
                0x00000000        0x0 /usr/local/EV3-API-master/libev3api.a(ev3_ultrasonic.o)
 .data          0x00000000        0x0 /usr/local/EV3-API-master/libev3api.a(ev3_sensors.o)
 .ARM.extab     0x00000000        0x0 /usr/local/EV3-API-master/libev3api.a(ev3_sensors.o)
 .note.GNU-stack
                0x00000000        0x0 /usr/local/EV3-API-master/libev3api.a(ev3_sensors.o)
 .bss           0x00000000        0x0 /usr/local/EV3-API-master/libev3api.a(nxt_temperature.o)
 .ARM.extab     0x00000000        0x0 /usr/local/EV3-API-master/libev3api.a(nxt_temperature.o)
 .note.GNU-stack
                0x00000000        0x0 /usr/local/EV3-API-master/libev3api.a(nxt_temperature.o)
 .bss           0x00000000        0x0 /usr/local/EV3-API-master/libev3api.a(ev3_touch.o)
 .ARM.extab     0x00000000        0x0 /usr/local/EV3-API-master/libev3api.a(ev3_touch.o)
 .note.GNU-stack
                0x00000000        0x0 /usr/local/EV3-API-master/libev3api.a(ev3_touch.o)
 .ARM.extab     0x00000000        0x0 /usr/local/EV3-API-master/libev3api.a(ht_compass.o)
 .note.GNU-stack
                0x00000000        0x0 /usr/local/EV3-API-master/libev3api.a(ht_compass.o)
 .data          0x00000000        0x0 /usr/local/EV3-API-master/libev3api.a(utility.o)
 .bss           0x00000000        0x0 /usr/local/EV3-API-master/libev3api.a(utility.o)
 .ARM.extab     0x00000000        0x0 /usr/local/EV3-API-master/libev3api.a(utility.o)
 .note.GNU-stack
                0x00000000        0x0 /usr/local/EV3-API-master/libev3api.a(utility.o)
 .bss           0x00000000        0x0 /usr/local/EV3-API-master/libev3api.a(ev3_ir.o)
 .ARM.extab     0x00000000        0x0 /usr/local/EV3-API-master/libev3api.a(ev3_ir.o)
 .note.GNU-stack
                0x00000000        0x0 /usr/local/EV3-API-master/libev3api.a(ev3_ir.o)
 .note.GNU-stack
                0x00000000        0x0 /usr/local/EV3-API-master/libev3api.a(ev3_gyro.o)
 .bss           0x00000000        0x0 /usr/local/EV3-API-master/libev3api.a(ht_ir_v2.o)
 .note.GNU-stack
                0x00000000        0x0 /usr/local/EV3-API-master/libev3api.a(ht_ir_v2.o)
 .bss           0x00000000        0x0 /usr/local/EV3-API-master/libev3api.a(nxt_sound.o)
 .ARM.extab     0x00000000        0x0 /usr/local/EV3-API-master/libev3api.a(nxt_sound.o)
 .note.GNU-stack
                0x00000000        0x0 /usr/local/EV3-API-master/libev3api.a(nxt_sound.o)
 .data          0x00000000        0x0 /usr/local/EV3-API-master/libev3api.a(bluetooth.o)
 .bss           0x00000000        0x0 /usr/local/EV3-API-master/libev3api.a(bluetooth.o)
 .note.GNU-stack
                0x00000000        0x0 /usr/local/EV3-API-master/libev3api.a(bluetooth.o)
 .bss           0x00000000        0x0 /usr/local/EV3-API-master/libev3api.a(ev3_button.core.o)
 .ARM.extab     0x00000000        0x0 /usr/local/EV3-API-master/libev3api.a(ev3_button.core.o)
 .note.GNU-stack
                0x00000000        0x0 /usr/local/EV3-API-master/libev3api.a(ev3_button.core.o)
 .data          0x00000000        0x0 /usr/local/EV3-API-master/libev3api.a(ev3_command.o)
 .bss           0x00000000        0x0 /usr/local/EV3-API-master/libev3api.a(ev3_command.o)
 .ARM.extab     0x00000000        0x0 /usr/local/EV3-API-master/libev3api.a(ev3_command.o)
 .note.GNU-stack
                0x00000000        0x0 /usr/local/EV3-API-master/libev3api.a(ev3_command.o)
 .data          0x00000000        0x0 /usr/local/EV3-API-master/libev3api.a(ev3_timer.o)
 .ARM.extab     0x00000000        0x0 /usr/local/EV3-API-master/libev3api.a(ev3_timer.o)
 .note.GNU-stack
                0x00000000        0x0 /usr/local/EV3-API-master/libev3api.a(ev3_timer.o)
 .data          0x00000000        0x0 /usr/local/EV3-API-master/libev3api.a(ev3_button.o)
 .bss           0x00000000        0x0 /usr/local/EV3-API-master/libev3api.a(ev3_button.o)
 .ARM.extab     0x00000000        0x0 /usr/local/EV3-API-master/libev3api.a(ev3_button.o)
 .note.GNU-stack
                0x00000000        0x0 /usr/local/EV3-API-master/libev3api.a(ev3_button.o)
 .note.GNU-stack
                0x00000000        0x0 /usr/local/EV3-API-master/libev3api.a(ev3_lcd.o)
 .data          0x00000000        0x0 /usr/local/EV3-API-master/libev3api.a(ev3_button.nxc.o)
 .note.GNU-stack
                0x00000000        0x0 /usr/local/EV3-API-master/libev3api.a(ev3_button.nxc.o)
 .data          0x00000000        0x0 /usr/local/EV3-API-master/libev3api.a(ev3_array.o)
 .bss           0x00000000        0x0 /usr/local/EV3-API-master/libev3api.a(ev3_array.o)
 .ARM.extab     0x00000000        0x0 /usr/local/EV3-API-master/libev3api.a(ev3_array.o)
 .note.GNU-stack
                0x00000000        0x0 /usr/local/EV3-API-master/libev3api.a(ev3_array.o)
 .data          0x00000000        0x0 /usr/local/EV3-API-master/libev3api.a(ev3_timer.ts.o)
 .bss           0x00000000        0x0 /usr/local/EV3-API-master/libev3api.a(ev3_timer.ts.o)
 .ARM.extab     0x00000000        0x0 /usr/local/EV3-API-master/libev3api.a(ev3_timer.ts.o)
 .note.GNU-stack
                0x00000000        0x0 /usr/local/EV3-API-master/libev3api.a(ev3_timer.ts.o)
 .data          0x00000000        0x0 /usr/local/EV3-API-master/libev3api.a(ev3_input_uart.o)
 .ARM.extab     0x00000000        0x0 /usr/local/EV3-API-master/libev3api.a(ev3_input_uart.o)
 .note.GNU-stack
                0x00000000        0x0 /usr/local/EV3-API-master/libev3api.a(ev3_input_uart.o)
 .data          0x00000000        0x0 /usr/local/EV3-API-master/libev3api.a(ev3_input_iic.o)
 .ARM.extab     0x00000000        0x0 /usr/local/EV3-API-master/libev3api.a(ev3_input_iic.o)
 .note.GNU-stack
                0x00000000        0x0 /usr/local/EV3-API-master/libev3api.a(ev3_input_iic.o)
 .data          0x00000000        0x0 /usr/local/EV3-API-master/libev3api.a(ev3_input_analog.o)
 .ARM.extab     0x00000000        0x0 /usr/local/EV3-API-master/libev3api.a(ev3_input_analog.o)
 .note.GNU-stack
                0x00000000        0x0 /usr/local/EV3-API-master/libev3api.a(ev3_input_analog.o)
 .data          0x00000000        0x0 /usr/local/CodeSourcery/arm-2009q1/bin/../lib/gcc/arm-none-linux-gnueabi/4.3.3/armv4t/libgcc.a(_udivsi3.o)
 .bss           0x00000000        0x0 /usr/local/CodeSourcery/arm-2009q1/bin/../lib/gcc/arm-none-linux-gnueabi/4.3.3/armv4t/libgcc.a(_udivsi3.o)
 .note.GNU-stack
                0x00000000        0x0 /usr/local/CodeSourcery/arm-2009q1/bin/../lib/gcc/arm-none-linux-gnueabi/4.3.3/armv4t/libgcc.a(_udivsi3.o)
 .debug_frame   0x00000000        0x0 /usr/local/CodeSourcery/arm-2009q1/bin/../lib/gcc/arm-none-linux-gnueabi/4.3.3/armv4t/libgcc.a(_udivsi3.o)
 .data          0x00000000        0x0 /usr/local/CodeSourcery/arm-2009q1/bin/../lib/gcc/arm-none-linux-gnueabi/4.3.3/armv4t/libgcc.a(_divsi3.o)
 .bss           0x00000000        0x0 /usr/local/CodeSourcery/arm-2009q1/bin/../lib/gcc/arm-none-linux-gnueabi/4.3.3/armv4t/libgcc.a(_divsi3.o)
 .note.GNU-stack
                0x00000000        0x0 /usr/local/CodeSourcery/arm-2009q1/bin/../lib/gcc/arm-none-linux-gnueabi/4.3.3/armv4t/libgcc.a(_divsi3.o)
 .debug_frame   0x00000000        0x0 /usr/local/CodeSourcery/arm-2009q1/bin/../lib/gcc/arm-none-linux-gnueabi/4.3.3/armv4t/libgcc.a(_divsi3.o)
 .data          0x00000000        0x0 /usr/local/CodeSourcery/arm-2009q1/bin/../lib/gcc/arm-none-linux-gnueabi/4.3.3/armv4t/libgcc.a(_arm_addsubdf3.o)
 .bss           0x00000000        0x0 /usr/local/CodeSourcery/arm-2009q1/bin/../lib/gcc/arm-none-linux-gnueabi/4.3.3/armv4t/libgcc.a(_arm_addsubdf3.o)
 .note.GNU-stack
                0x00000000        0x0 /usr/local/CodeSourcery/arm-2009q1/bin/../lib/gcc/arm-none-linux-gnueabi/4.3.3/armv4t/libgcc.a(_arm_addsubdf3.o)
 .data          0x00000000        0x0 /usr/local/CodeSourcery/arm-2009q1/bin/../lib/gcc/arm-none-linux-gnueabi/4.3.3/armv4t/libgcc.a(_arm_muldivdf3.o)
 .bss           0x00000000        0x0 /usr/local/CodeSourcery/arm-2009q1/bin/../lib/gcc/arm-none-linux-gnueabi/4.3.3/armv4t/libgcc.a(_arm_muldivdf3.o)
 .note.GNU-stack
                0x00000000        0x0 /usr/local/CodeSourcery/arm-2009q1/bin/../lib/gcc/arm-none-linux-gnueabi/4.3.3/armv4t/libgcc.a(_arm_muldivdf3.o)
 .data          0x00000000        0x0 /usr/local/CodeSourcery/arm-2009q1/bin/../lib/gcc/arm-none-linux-gnueabi/4.3.3/armv4t/libgcc.a(_arm_fixdfsi.o)
 .bss           0x00000000        0x0 /usr/local/CodeSourcery/arm-2009q1/bin/../lib/gcc/arm-none-linux-gnueabi/4.3.3/armv4t/libgcc.a(_arm_fixdfsi.o)
 .note.GNU-stack
                0x00000000        0x0 /usr/local/CodeSourcery/arm-2009q1/bin/../lib/gcc/arm-none-linux-gnueabi/4.3.3/armv4t/libgcc.a(_arm_fixdfsi.o)
 .data          0x00000000        0x0 /usr/local/CodeSourcery/arm-2009q1/bin/../lib/gcc/arm-none-linux-gnueabi/4.3.3/armv4t/libgcc.a(_aeabi_uldivmod.o)
 .bss           0x00000000        0x0 /usr/local/CodeSourcery/arm-2009q1/bin/../lib/gcc/arm-none-linux-gnueabi/4.3.3/armv4t/libgcc.a(_aeabi_uldivmod.o)
 .note.GNU-stack
                0x00000000        0x0 /usr/local/CodeSourcery/arm-2009q1/bin/../lib/gcc/arm-none-linux-gnueabi/4.3.3/armv4t/libgcc.a(_aeabi_uldivmod.o)
 .data          0x00000000        0x0 /usr/local/CodeSourcery/arm-2009q1/bin/../lib/gcc/arm-none-linux-gnueabi/4.3.3/armv4t/libgcc.a(_dvmd_lnx.o)
 .bss           0x00000000        0x0 /usr/local/CodeSourcery/arm-2009q1/bin/../lib/gcc/arm-none-linux-gnueabi/4.3.3/armv4t/libgcc.a(_dvmd_lnx.o)
 .note.GNU-stack
                0x00000000        0x0 /usr/local/CodeSourcery/arm-2009q1/bin/../lib/gcc/arm-none-linux-gnueabi/4.3.3/armv4t/libgcc.a(_dvmd_lnx.o)
 .data          0x00000000        0x0 /usr/local/CodeSourcery/arm-2009q1/bin/../lib/gcc/arm-none-linux-gnueabi/4.3.3/armv4t/libgcc.a(bpabi.o)
 .bss           0x00000000        0x0 /usr/local/CodeSourcery/arm-2009q1/bin/../lib/gcc/arm-none-linux-gnueabi/4.3.3/armv4t/libgcc.a(bpabi.o)
 .ARM.extab     0x00000000        0x0 /usr/local/CodeSourcery/arm-2009q1/bin/../lib/gcc/arm-none-linux-gnueabi/4.3.3/armv4t/libgcc.a(bpabi.o)
 .debug_frame   0x00000000        0x0 /usr/local/CodeSourcery/arm-2009q1/bin/../lib/gcc/arm-none-linux-gnueabi/4.3.3/armv4t/libgcc.a(bpabi.o)
 .note.GNU-stack
                0x00000000        0x0 /usr/local/CodeSourcery/arm-2009q1/bin/../lib/gcc/arm-none-linux-gnueabi/4.3.3/armv4t/libgcc.a(bpabi.o)
 .data          0x00000000        0x0 /usr/local/CodeSourcery/arm-2009q1/bin/../lib/gcc/arm-none-linux-gnueabi/4.3.3/armv4t/libgcc.a(_divdi3.o)
 .bss           0x00000000        0x0 /usr/local/CodeSourcery/arm-2009q1/bin/../lib/gcc/arm-none-linux-gnueabi/4.3.3/armv4t/libgcc.a(_divdi3.o)
 .ARM.extab     0x00000000        0x0 /usr/local/CodeSourcery/arm-2009q1/bin/../lib/gcc/arm-none-linux-gnueabi/4.3.3/armv4t/libgcc.a(_divdi3.o)
 .debug_frame   0x00000000        0x0 /usr/local/CodeSourcery/arm-2009q1/bin/../lib/gcc/arm-none-linux-gnueabi/4.3.3/armv4t/libgcc.a(_divdi3.o)
 .note.GNU-stack
                0x00000000        0x0 /usr/local/CodeSourcery/arm-2009q1/bin/../lib/gcc/arm-none-linux-gnueabi/4.3.3/armv4t/libgcc.a(_divdi3.o)
 .data          0x00000000        0x0 /usr/local/CodeSourcery/arm-2009q1/bin/../lib/gcc/arm-none-linux-gnueabi/4.3.3/armv4t/libgcc.a(_udivdi3.o)
 .bss           0x00000000        0x0 /usr/local/CodeSourcery/arm-2009q1/bin/../lib/gcc/arm-none-linux-gnueabi/4.3.3/armv4t/libgcc.a(_udivdi3.o)
 .ARM.extab     0x00000000        0x0 /usr/local/CodeSourcery/arm-2009q1/bin/../lib/gcc/arm-none-linux-gnueabi/4.3.3/armv4t/libgcc.a(_udivdi3.o)
 .debug_frame   0x00000000        0x0 /usr/local/CodeSourcery/arm-2009q1/bin/../lib/gcc/arm-none-linux-gnueabi/4.3.3/armv4t/libgcc.a(_udivdi3.o)
 .note.GNU-stack
                0x00000000        0x0 /usr/local/CodeSourcery/arm-2009q1/bin/../lib/gcc/arm-none-linux-gnueabi/4.3.3/armv4t/libgcc.a(_udivdi3.o)
 .text          0x00000000        0x0 /usr/local/CodeSourcery/arm-2009q1/bin/../lib/gcc/arm-none-linux-gnueabi/4.3.3/armv4t/libgcc.a(_clz.o)
 .data          0x00000000        0x0 /usr/local/CodeSourcery/arm-2009q1/bin/../lib/gcc/arm-none-linux-gnueabi/4.3.3/armv4t/libgcc.a(_clz.o)
 .bss           0x00000000        0x0 /usr/local/CodeSourcery/arm-2009q1/bin/../lib/gcc/arm-none-linux-gnueabi/4.3.3/armv4t/libgcc.a(_clz.o)
 .note.GNU-stack
                0x00000000        0x0 /usr/local/CodeSourcery/arm-2009q1/bin/../lib/gcc/arm-none-linux-gnueabi/4.3.3/armv4t/libgcc.a(_clz.o)
 .data          0x00000000        0x0 /usr/local/CodeSourcery/arm-2009q1/bin/../arm-none-linux-gnueabi/libc/armv4t/usr/lib/libc_nonshared.a(elf-init.oS)
 .bss           0x00000000        0x0 /usr/local/CodeSourcery/arm-2009q1/bin/../arm-none-linux-gnueabi/libc/armv4t/usr/lib/libc_nonshared.a(elf-init.oS)
 .ARM.extab     0x00000000        0x0 /usr/local/CodeSourcery/arm-2009q1/bin/../arm-none-linux-gnueabi/libc/armv4t/usr/lib/libc_nonshared.a(elf-init.oS)
 .debug_frame   0x00000000        0x0 /usr/local/CodeSourcery/arm-2009q1/bin/../arm-none-linux-gnueabi/libc/armv4t/usr/lib/libc_nonshared.a(elf-init.oS)
 .note.GNU-stack
                0x00000000        0x0 /usr/local/CodeSourcery/arm-2009q1/bin/../arm-none-linux-gnueabi/libc/armv4t/usr/lib/libc_nonshared.a(elf-init.oS)
 .data          0x00000000        0x0 /usr/local/CodeSourcery/arm-2009q1/bin/../arm-none-linux-gnueabi/libc/armv4t/usr/lib/libc_nonshared.a(stat.oS)
 .bss           0x00000000        0x0 /usr/local/CodeSourcery/arm-2009q1/bin/../arm-none-linux-gnueabi/libc/armv4t/usr/lib/libc_nonshared.a(stat.oS)
 .ARM.extab     0x00000000        0x0 /usr/local/CodeSourcery/arm-2009q1/bin/../arm-none-linux-gnueabi/libc/armv4t/usr/lib/libc_nonshared.a(stat.oS)
 .debug_frame   0x00000000        0x0 /usr/local/CodeSourcery/arm-2009q1/bin/../arm-none-linux-gnueabi/libc/armv4t/usr/lib/libc_nonshared.a(stat.oS)
 .note.GNU-stack
                0x00000000        0x0 /usr/local/CodeSourcery/arm-2009q1/bin/../arm-none-linux-gnueabi/libc/armv4t/usr/lib/libc_nonshared.a(stat.oS)
 .text          0x00000000        0x0 /usr/local/CodeSourcery/arm-2009q1/bin/../lib/gcc/arm-none-linux-gnueabi/4.3.3/armv4t/crtend.o
 .data          0x00000000        0x0 /usr/local/CodeSourcery/arm-2009q1/bin/../lib/gcc/arm-none-linux-gnueabi/4.3.3/armv4t/crtend.o
 .bss           0x00000000        0x0 /usr/local/CodeSourcery/arm-2009q1/bin/../lib/gcc/arm-none-linux-gnueabi/4.3.3/armv4t/crtend.o
 .note.GNU-stack
                0x00000000        0x0 /usr/local/CodeSourcery/arm-2009q1/bin/../lib/gcc/arm-none-linux-gnueabi/4.3.3/armv4t/crtend.o
 .text          0x00000000        0x0 /usr/local/CodeSourcery/arm-2009q1/bin/../arm-none-linux-gnueabi/libc/armv4t/usr/lib/crtn.o
 .data          0x00000000        0x0 /usr/local/CodeSourcery/arm-2009q1/bin/../arm-none-linux-gnueabi/libc/armv4t/usr/lib/crtn.o
 .bss           0x00000000        0x0 /usr/local/CodeSourcery/arm-2009q1/bin/../arm-none-linux-gnueabi/libc/armv4t/usr/lib/crtn.o
 .ARM.extab.init
                0x00000000        0x0 /usr/local/CodeSourcery/arm-2009q1/bin/../arm-none-linux-gnueabi/libc/armv4t/usr/lib/crtn.o
 .ARM.extab.fini
                0x00000000        0x0 /usr/local/CodeSourcery/arm-2009q1/bin/../arm-none-linux-gnueabi/libc/armv4t/usr/lib/crtn.o
 .note.GNU-stack
                0x00000000        0x0 /usr/local/CodeSourcery/arm-2009q1/bin/../arm-none-linux-gnueabi/libc/armv4t/usr/lib/crtn.o

Memory Configuration

Name             Origin             Length             Attributes
*default*        0x00000000         0xffffffff

Linker script and memory map

LOAD /usr/local/CodeSourcery/arm-2009q1/bin/../arm-none-linux-gnueabi/libc/armv4t/usr/lib/crt1.o
LOAD /usr/local/CodeSourcery/arm-2009q1/bin/../arm-none-linux-gnueabi/libc/armv4t/usr/lib/crti.o
LOAD /usr/local/CodeSourcery/arm-2009q1/bin/../lib/gcc/arm-none-linux-gnueabi/4.3.3/armv4t/crtbegin.o
LOAD ./src/RobotEV3.o
LOAD /usr/local/EV3-API-master/libev3api.a
LOAD /usr/local/CodeSourcery/arm-2009q1/bin/../arm-none-linux-gnueabi/libc/armv4t/usr/lib/libpthread.so
START GROUP
LOAD /usr/local/CodeSourcery/arm-2009q1/bin/../arm-none-linux-gnueabi/libc/armv4t/lib/libpthread.so.0
LOAD /usr/local/CodeSourcery/arm-2009q1/bin/../arm-none-linux-gnueabi/libc/armv4t/usr/lib/libpthread_nonshared.a
END GROUP
LOAD /usr/local/CodeSourcery/arm-2009q1/bin/../arm-none-linux-gnueabi/libc/armv4t/usr/lib/libm.so
LOAD /usr/local/CodeSourcery/arm-2009q1/bin/../lib/gcc/arm-none-linux-gnueabi/4.3.3/armv4t/libgcc.a
LOAD /usr/local/CodeSourcery/arm-2009q1/bin/../arm-none-linux-gnueabi/libc/armv4t/lib/libgcc_s.so
LOAD /usr/local/CodeSourcery/arm-2009q1/bin/../arm-none-linux-gnueabi/libc/armv4t/usr/lib/libc.so
START GROUP
LOAD /usr/local/CodeSourcery/arm-2009q1/bin/../arm-none-linux-gnueabi/libc/armv4t/lib/libc.so.6
LOAD /usr/local/CodeSourcery/arm-2009q1/bin/../arm-none-linux-gnueabi/libc/armv4t/usr/lib/libc_nonshared.a
LOAD /usr/local/CodeSourcery/arm-2009q1/bin/../arm-none-linux-gnueabi/libc/armv4t/lib/ld-linux.so.3
END GROUP
LOAD /usr/local/CodeSourcery/arm-2009q1/bin/../lib/gcc/arm-none-linux-gnueabi/4.3.3/armv4t/libgcc.a
LOAD /usr/local/CodeSourcery/arm-2009q1/bin/../arm-none-linux-gnueabi/libc/armv4t/lib/libgcc_s.so
LOAD /usr/local/CodeSourcery/arm-2009q1/bin/../lib/gcc/arm-none-linux-gnueabi/4.3.3/armv4t/crtend.o
LOAD /usr/local/CodeSourcery/arm-2009q1/bin/../arm-none-linux-gnueabi/libc/armv4t/usr/lib/crtn.o
                0x00008000                PROVIDE (__executable_start, 0x8000)
                0x00008114                . = (0x8000 + SIZEOF_HEADERS)

.interp         0x00008114       0x13
 *(.interp)
 .interp        0x00008114       0x13 /usr/local/CodeSourcery/arm-2009q1/bin/../arm-none-linux-gnueabi/libc/armv4t/usr/lib/crti.o

.note.gnu.build-id
 *(.note.gnu.build-id)

.hash           0x00008128      0x254
 *(.hash)
 .hash          0x00008128      0x254 /usr/local/CodeSourcery/arm-2009q1/bin/../arm-none-linux-gnueabi/libc/armv4t/usr/lib/crti.o

.gnu.hash
 *(.gnu.hash)

.dynsym         0x0000837c      0x500
 *(.dynsym)
 .dynsym        0x0000837c      0x500 /usr/local/CodeSourcery/arm-2009q1/bin/../arm-none-linux-gnueabi/libc/armv4t/usr/lib/crti.o

.dynstr         0x0000887c      0x312
 *(.dynstr)
 .dynstr        0x0000887c      0x312 /usr/local/CodeSourcery/arm-2009q1/bin/../arm-none-linux-gnueabi/libc/armv4t/usr/lib/crti.o

.gnu.version    0x00008b8e       0xa0
 *(.gnu.version)
 .gnu.version   0x00008b8e       0xa0 /usr/local/CodeSourcery/arm-2009q1/bin/../arm-none-linux-gnueabi/libc/armv4t/usr/lib/crti.o

.gnu.version_d  0x00008c30        0x0 load address 0x00008c2e
 *(.gnu.version_d)
 .gnu.version_d
                0x00000000        0x0 /usr/local/CodeSourcery/arm-2009q1/bin/../arm-none-linux-gnueabi/libc/armv4t/usr/lib/crti.o

.gnu.version_r  0x00008c30       0x80
 *(.gnu.version_r)
 .gnu.version_r
                0x00008c30       0x80 /usr/local/CodeSourcery/arm-2009q1/bin/../arm-none-linux-gnueabi/libc/armv4t/usr/lib/crti.o

.rel.dyn        0x00008cb0        0x8
 *(.rel.init)
 *(.rel.text .rel.text.* .rel.gnu.linkonce.t.*)
 *(.rel.fini)
 *(.rel.rodata .rel.rodata.* .rel.gnu.linkonce.r.*)
 *(.rel.data.rel.ro* .rel.gnu.linkonce.d.rel.ro.*)
 *(.rel.data .rel.data.* .rel.gnu.linkonce.d.*)
 *(.rel.tdata .rel.tdata.* .rel.gnu.linkonce.td.*)
 *(.rel.tbss .rel.tbss.* .rel.gnu.linkonce.tb.*)
 *(.rel.ctors)
 *(.rel.dtors)
 *(.rel.got)
 .rel.got       0x00008cb0        0x8 /usr/local/CodeSourcery/arm-2009q1/bin/../arm-none-linux-gnueabi/libc/armv4t/usr/lib/crti.o
 *(.rel.bss .rel.bss.* .rel.gnu.linkonce.b.*)
 .rel.bss       0x00000000        0x0 /usr/local/CodeSourcery/arm-2009q1/bin/../arm-none-linux-gnueabi/libc/armv4t/usr/lib/crti.o

.rel.ifunc.dyn
 *(.rel.ifunc.*)

.rela.dyn
 *(.rela.init)
 *(.rela.text .rela.text.* .rela.gnu.linkonce.t.*)
 *(.rela.fini)
 *(.rela.rodata .rela.rodata.* .rela.gnu.linkonce.r.*)
 *(.rela.data .rela.data.* .rela.gnu.linkonce.d.*)
 *(.rela.tdata .rela.tdata.* .rela.gnu.linkonce.td.*)
 *(.rela.tbss .rela.tbss.* .rela.gnu.linkonce.tb.*)
 *(.rela.ctors)
 *(.rela.dtors)
 *(.rela.got)
 *(.rela.bss .rela.bss.* .rela.gnu.linkonce.b.*)

.rela.ifunc.dyn
 *(.rela.ifunc.*)

.rel.plt        0x00008cb8      0x250
 *(.rel.plt)
 .rel.plt       0x00008cb8      0x250 /usr/local/CodeSourcery/arm-2009q1/bin/../arm-none-linux-gnueabi/libc/armv4t/usr/lib/crti.o

.rela.plt
 *(.rela.plt)

.init           0x00008f08       0x10
 *(.init)
 .init          0x00008f08        0x8 /usr/local/CodeSourcery/arm-2009q1/bin/../arm-none-linux-gnueabi/libc/armv4t/usr/lib/crti.o
                0x00008f08                _init
 .init          0x00008f10        0x8 /usr/local/CodeSourcery/arm-2009q1/bin/../arm-none-linux-gnueabi/libc/armv4t/usr/lib/crtn.o

.plt            0x00008f18      0x38c
 *(.plt)
 .plt           0x00008f18      0x38c /usr/local/CodeSourcery/arm-2009q1/bin/../arm-none-linux-gnueabi/libc/armv4t/usr/lib/crti.o
                0x00008f2c                open@@GLIBC_2.4
                0x00008f38                __ctype_toupper_loc@@GLIBC_2.4
                0x00008f44                mmap@@GLIBC_2.4
                0x00008f50                abort@@GLIBC_2.4
                0x00008f5c                connect@@GLIBC_2.4
                0x00008f68                vprintf@@GLIBC_2.4
                0x00008f74                __xstat@@GLIBC_2.4
                0x00008f80                __libc_start_main@@GLIBC_2.4
                0x00008f8c                epoll_create@@GLIBC_2.4
                0x00008fa4                vsnprintf@@GLIBC_2.4
                0x00008fb0                vsprintf@@GLIBC_2.4
                0x00008fbc                strncpy@@GLIBC_2.4
                0x00008fc8                fclose@@GLIBC_2.4
                0x00008fd4                fgets@@GLIBC_2.4
                0x00008fe0                dirname@@GLIBC_2.4
                0x00008fec                listen@@GLIBC_2.4
                0x00008ff8                fopen@@GLIBC_2.4
                0x00009004                memset@@GLIBC_2.4
                0x00009010                strrchr@@GLIBC_2.4
                0x0000901c                perror@@GLIBC_2.4
                0x00009028                eventfd@@GLIBC_2.7
                0x00009034                usleep@@GLIBC_2.4
                0x00009040                free@@GLIBC_2.4
                0x0000904c                read@@GLIBC_2.4
                0x00009058                write@@GLIBC_2.4
                0x00009064                gettimeofday@@GLIBC_2.4
                0x00009070                accept@@GLIBC_2.4
                0x0000907c                pthread_mutex_unlock@@GLIBC_2.4
                0x00009088                socket@@GLIBC_2.4
                0x00009094                ioctl@@GLIBC_2.4
                0x000090a0                epoll_wait@@GLIBC_2.4
                0x000090ac                pthread_mutex_lock@@GLIBC_2.4
                0x000090b8                strlen@@GLIBC_2.4
                0x000090c4                sscanf@@GLIBC_2.4
                0x000090d0                pthread_create@@GLIBC_2.4
                0x000090dc                __xpg_basename@@GLIBC_2.4
                0x000090e8                memcpy@@GLIBC_2.4
                0x000090f4                stpncpy@@GLIBC_2.4
                0x00009100                strtol@@GLIBC_2.4
                0x0000910c                strcpy@@GLIBC_2.4
                0x00009118                strncat@@GLIBC_2.4
                0x00009124                raise@@GLIBC_2.4
                0x00009130                strtof@@GLIBC_2.4
                0x0000913c                bind@@GLIBC_2.4
                0x00009148                strstr@@GLIBC_2.4
                0x00009154                close@@GLIBC_2.4
                0x00009160                fwrite@@GLIBC_2.4
                0x0000916c                __ctype_b_loc@@GLIBC_2.4
                0x00009178                fprintf@@GLIBC_2.4
                0x00009184                strdup@@GLIBC_2.4
                0x00009190                malloc@@GLIBC_2.4
                0x0000919c                poll@@GLIBC_2.4
                0x000091a8                fputc@@GLIBC_2.4
                0x000091b4                sleep@@GLIBC_2.4
                0x000091c0                strcat@@GLIBC_2.4
                0x000091cc                memmove@@GLIBC_2.4
                0x000091d8                eventfd_write@@GLIBC_2.7
                0x000091e4                puts@@GLIBC_2.4
                0x000091f0                munmap@@GLIBC_2.4
                0x000091fc                vfprintf@@GLIBC_2.4
                0x00009208                timerfd_create@@GLIBC_2.8
                0x00009214                nanosleep@@GLIBC_2.4
                0x00009220                realloc@@GLIBC_2.4
                0x0000922c                timerfd_settime@@GLIBC_2.8
                0x00009238                epoll_ctl@@GLIBC_2.4
                0x00009244                getsockopt@@GLIBC_2.4
                0x00009250                strcmp@@GLIBC_2.4
                0x0000925c                exit@@GLIBC_2.4
                0x00009268                __errno_location@@GLIBC_2.4
                0x00009274                pthread_self@@GLIBC_2.4
                0x00009280                sprintf@@GLIBC_2.4
                0x0000928c                pthread_join@@GLIBC_2.4
                0x00009298                fputs@@GLIBC_2.4

.text           0x000092a4     0xc014
 *(.text .stub .text.* .gnu.linkonce.t.*)
 .text          0x000092a4       0x38 /usr/local/CodeSourcery/arm-2009q1/bin/../arm-none-linux-gnueabi/libc/armv4t/usr/lib/crt1.o
                0x000092a4                _start
 .text          0x000092dc       0x2c /usr/local/CodeSourcery/arm-2009q1/bin/../arm-none-linux-gnueabi/libc/armv4t/usr/lib/crti.o
 .text          0x00009308       0x50 /usr/local/CodeSourcery/arm-2009q1/bin/../lib/gcc/arm-none-linux-gnueabi/4.3.3/armv4t/crtbegin.o
 .text.turn_right
                0x00009358       0xd0 ./src/RobotEV3.o
                0x00009358                turn_right
 .text.turn_left
                0x00009428       0xd0 ./src/RobotEV3.o
                0x00009428                turn_left
 .text.turn_left_high
                0x000094f8       0xd0 ./src/RobotEV3.o
                0x000094f8                turn_left_high
 .text.turn_right_high
                0x000095c8       0xc0 ./src/RobotEV3.o
                0x000095c8                turn_right_high
 .text.wall_follow
                0x00009688      0x1cc ./src/RobotEV3.o
                0x00009688                wall_follow
 .text.look_for_can
                0x00009854      0x2d0 ./src/RobotEV3.o
                0x00009854                look_for_can
 .text.clear_obstacle
                0x00009b24       0xe8 ./src/RobotEV3.o
                0x00009b24                clear_obstacle
 .text.wander   0x00009c0c      0x1c4 ./src/RobotEV3.o
                0x00009c0c                wander
 .text.goal_find
                0x00009dd0       0x70 ./src/RobotEV3.o
                0x00009dd0                goal_find
 .text.main     0x00009e40      0x184 ./src/RobotEV3.o
                0x00009e40                main
 .text          0x00009fc4      0x260 /usr/local/EV3-API-master/libev3api.a(ev3_button.led.o)
                0x0000a108                SetLedPattern
                0x00009fc4                LedWarning
                0x0000a0b8                SetLedWarning
                0x0000a164                LedExit
                0x0000a02c                LedInitialized
                0x0000a1b0                LedInit
                0x00009ff8                LedPattern
 .text          0x0000a224       0x98 /usr/local/EV3-API-master/libev3api.a(ev3.o)
                0x0000a234                FreeEV3
                0x0000a270                InitEV3
                0x0000a224                EV3IsInitialized
 .text          0x0000a2bc     0x1430 /usr/local/EV3-API-master/libev3api.a(ev3_output.o)
                0x0000b3c8                OnForEx
                0x0000a454                OutputGetActualSpeed
                0x0000a760                ResetRotationCount
                0x0000b3b0                OffEx
                0x0000a490                MotorBlockTachoCount
                0x0000a764                OutputTimeSyncEx
                0x0000b03c                SetSpeed
                0x0000ab18                RotateMotorRampNoWait
                0x0000a5ac                OutputTest
                0x0000a330                OutputInitialized
                0x0000b040                OutputReset
                0x0000b2e0                OutputStop
                0x0000ab84                RotateMotorNoWaitEx
                0x0000a6c0                OutputClearCount
                0x0000aa48                OutputStepSpeedEx
                0x0000b4a0                OnFwdEx
                0x0000ad4c                OutputStepPowerEx
                0x0000ae1c                OutputPolarity
                0x0000a358                OutputRead
                0x0000a680                WriteToPWMDevice
                0x0000aec0                OutputStartEx
                0x0000ab40                RotateMotorRamp
                0x0000a474                MotorTachoCount
                0x0000b624                OutputInit
                0x0000ac38                RotateMotorEx
                0x0000b534                ResetOutputs
                0x0000a4c8                MotorActualSpeed
                0x0000ae88                SetDirection
                0x0000b55c                OutputExit
                0x0000b3bc                OnEx
                0x0000b3a4                FloatEx
                0x0000afcc                SetPower
                0x0000a500                OutputState
                0x0000a2bc                OutputToMotorNum
                0x0000b15c                OutputSetTypes
                0x0000b0bc                ResetTachoCount
                0x0000b5e4                OutputOpen
                0x0000aeb8                Toggle
                0x0000a884                OutputStepSyncEx
                0x0000a430                OutputGetTachoCount
                0x0000af60                OutputPower
                0x0000b40c                OnRevEx
                0x0000b34c                SetOutputEx
                0x0000b0a4                ResetAllTachoCounts
                0x0000a978                OutputTimeSpeedEx
                0x0000aeb0                Fwd
                0x0000b5cc                OutputClose
                0x0000a4ac                MotorPower
                0x0000a4e4                MotorRotationCount
                0x0000ac7c                OutputTimePowerEx
                0x0000b0c4                ResetBlockTachoCount
                0x0000b14c                OnRevSyncEx
                0x0000a664                MotorBusy
                0x0000b0c8                ResetCount
                0x0000a40c                OutputGetCount
                0x0000b21c                OutputSetTypesArray
                0x0000a858                OnForSyncEx
                0x0000b0c0                ResetBlockAndTachoCount
                0x0000b2ac                OutputProgramStop
                0x0000afd0                OutputSpeed
                0x0000b234                OutputSetType
                0x0000aea8                Rev
                0x0000b4d8                OnFwdRegEx
                0x0000b444                OnRevRegEx
                0x0000b110                OnFwdSyncEx
                0x0000a314                DecodeOutputs
 .text          0x0000b6ec      0xf78 /usr/local/EV3-API-master/libev3api.a(ev3_sound.o)
                0x0000bc98                PlayTonesEx
                0x0000ba50                SoundCloseDevices
                0x0000b71c                SoundTest
                0x0000bbc4                ClearSound
                0x0000c1dc                _playRSOFile
                0x0000b95c                _readInt
                0x0000b8f8                _readShort
                0x0000bbf4                SoundExit
                0x0000ba14                SoundReady
                0x0000bc14                PlayToneEx
                0x0000bb30                WriteToSoundDevice
                0x0000b87c                changeBitDepthFrom16To8
                0x0000ba98                SoundInit
                0x0000b74c                _soundInitAdPcm
                0x0000c064                _playSoundSamplesFromStream
                0x0000b770                _soundGetAdPcmValue
                0x0000c5b0                PlayFileEx
                0x0000c374                _playWAVFile
                0x0000b6f4                SoundInitialized
                0x0000b6ec                SoundOpen
                0x0000bbe4                SoundClose
                0x0000b8c8                SoundState
                0x0000be78                _playRMDFile
                0x0000bb78                StopSound
                0x0000bbc8                MuteSound
                0x0000b8e4                UnmuteSound
                0x0000bd04                PlaySoundEx
 .text          0x0000c664      0x5c0 /usr/local/EV3-API-master/libev3api.a(ev3_bluetooth.o)
                0x0000c668                DisconnectFrom
                0x0000c71c                ReceiveStringFrom
                0x0000c790                WaitConnection
                0x0000c768                SendStringTo
                0x0000c6dc                BluetoothExit
                0x0000c664                BluetoothInit
                0x0000cab8                ConnectTo
 .text          0x0000cc24      0x28c /usr/local/EV3-API-master/libev3api.a(ev3_button.lejos.o)
                0x0000cd44                ButtonWaitForPress
                0x0000ce88                ButtonWaitForAnyPress
                0x0000cc74                ButtonIsUp
                0x0000ccf0                ButtonWaitForPressAndRelease
                0x0000cc58                ButtonIsDown
                0x0000ce9c                ButtonWaitForAnyEvent
 .text          0x0000ceb0       0x84 /usr/local/EV3-API-master/libev3api.a(ev3_input.o)
                0x0000ceb0                InputExit
                0x0000ced4                InputInit
 .text          0x0000cf34      0x314 /usr/local/EV3-API-master/libev3api.a(c4ev3_compatibility.o)
                0x0000cf34                SetIRBeaconCH
                0x0000cf48                ReadSensor
                0x0000d11c                SetAllSensorMode
 .text          0x0000d248      0x15c /usr/local/EV3-API-master/libev3api.a(ev3_color.o)
                0x0000d39c                ReadEV3ColorSensorReflectedLight
                0x0000d394                ReadEV3ColorSensorAmbientLight
                0x0000d38c                ReadEV3ColorSensorColor
                0x0000d2e0                ReadEV3ColorSensorColorRGB
                0x0000d27c                ReadEV3ColorSensorRawReflectedLight
 .text          0x0000d3a4      0x198 /usr/local/EV3-API-master/libev3api.a(ev3_ultrasonic.o)
                0x0000d4c4                ReadEV3UltrasonicSensorSingleDistance
                0x0000d400                ReadEV3UltrasonicSensorListen
                0x0000d488                ReadEV3UltrasonicSensorDcDistance
                0x0000d500                ReadEV3UltrasonicSensorDistance
                0x0000d3d8                FireEV3UltrasonicSensor
 .text          0x0000d53c      0x118 /usr/local/EV3-API-master/libev3api.a(ev3_sensors.o)
                0x0000d5f4                GetSensor
                0x0000d59c                SetAllSensors
                0x0000d604                SensorsExit
                0x0000d560                exitSensorsUntilPort
                0x0000d53c                SensorsInit
                0x0000d544                SetSensor
 .text          0x0000d654      0x130 /usr/local/EV3-API-master/libev3api.a(nxt_temperature.o)
                0x0000d674                ReadNXTTemperatureSensor
 .text          0x0000d784       0x4c /usr/local/EV3-API-master/libev3api.a(ev3_touch.o)
                0x0000d7a4                ReadEV3TouchSensor
 .text          0x0000d7d0      0x1a8 /usr/local/EV3-API-master/libev3api.a(ht_compass.o)
                0x0000d800                StopHTCompassCalibration
                0x0000d920                ReadHTCompassSensor
                0x0000d8c0                StartHTCompassCalibration
 .text          0x0000d978       0x48 /usr/local/EV3-API-master/libev3api.a(utility.o)
                0x0000d978                setUARTSensorHandlerMode
 .text          0x0000d9c0      0x100 /usr/local/EV3-API-master/libev3api.a(ev3_ir.o)
                0x0000da28                ReadEV3IrSensorProximity
                0x0000da50                ReadEV3IrSensorSeek
                0x0000d9f4                ReadEV3IrSensorRemote
 .text          0x0000dac0      0x2c8 /usr/local/EV3-API-master/libev3api.a(ev3_gyro.o)
                0x0000dbf8                ReadEV3GyroSensorAngle
                0x0000dc5c                ResetEV3GyroSensor
                0x0000db8c                ReadEV3GyroSensorRate
 .text          0x0000dd88       0x74 /usr/local/EV3-API-master/libev3api.a(ht_ir_v2.o)
                0x0000ddd0                ReadHTIrV2Sensor
                0x0000ddbc                ReadHTIrV2SensorAll
 .text          0x0000ddfc       0x6c /usr/local/EV3-API-master/libev3api.a(nxt_sound.o)
                0x0000de1c                ReadNXTSoundSensor
 .text          0x0000de68      0xc80 /usr/local/EV3-API-master/libev3api.a(bluetooth.o)
                0x0000e904                bachk
                0x0000e888                basprintf
                0x0000e9ec                batostr
                0x0000e858                bt_free
                0x0000e00c                bt_compidtostr
                0x0000e8b4                bafprintf
                0x0000e980                ba2oui
                0x0000eaac                strtoba
                0x0000de8c                bt_error
                0x0000e860                basnprintf
                0x0000e85c                bt_malloc
                0x0000e8dc                baprintf
                0x0000ea40                str2ba
                0x0000e9a8                ba2str
                0x0000de68                baswap
 .text          0x0000eae8      0x340 /usr/local/EV3-API-master/libev3api.a(ev3_button.core.o)
                0x0000ebf4                ButtonCoreInitialized
                0x0000eb4c                ButtonCoreReadButtons
                0x0000ebbc                ButtonCoreReadHWRev
                0x0000ec20                ButtonCoreSetLEDs
                0x0000ed50                ButtonCoreInit
                0x0000eae8                ButtonCoreReadButton
                0x0000eca8                ButtonCoreExit
 .text          0x0000ee28       0x48 /usr/local/EV3-API-master/libev3api.a(ev3_command.o)
                0x0000ee28                Wait
 .text          0x0000ee70      0x7ec /usr/local/EV3-API-master/libev3api.a(ev3_timer.o)
                0x0000ee70                TimerInitialized
                0x0000efc4                SetTimerCallback
                0x0000f160                TimerExit
                0x0000f2f0                TimerInit
                0x0000ee9c                RemoveTimerCallback
 .text          0x0000f65c       0xc8 /usr/local/EV3-API-master/libev3api.a(ev3_button.o)
                0x0000f690                ButtonLedExit
                0x0000f6bc                ButtonLedInit
                0x0000f678                HardwareVersion
                0x0000f65c                HardwareVersionString
                0x0000f6f0                ButtonLedInitialized
 .text          0x0000f724     0x2fbc /usr/local/EV3-API-master/libev3api.a(ev3_lcd.o)
                0x000124bc                LcdUpdate
                0x0000fa64                dLcdDrawPixel
                0x00010ec8                CmdDrawLine
                0x00010a44                vasprintf
                0x0000fb78                dLcdDrawChar
                0x00012114                LcdScroll
                0x00010760                DisplayLineX
                0x000104d4                LcdRowToY
                0x0000f73c                dLcdGetFontHeight
                0x0000f904                lcdToFrameBuffer
                0x00010dc4                DisplayDraw
                0x000103a4                LcdText
                0x00011a90                CmdDrawCircle
                0x00010558                DisplayClrPixel
                0x00010394                reverse_bits
                0x00010a9c                LcdPrintf
                0x000100c8                dLcdDrawBitmap
                0x0000fa3c                LcdInitialized
                0x00010378                LcdGetDisplay
                0x00010340                LcdSelectFont
                0x00011c7c                Ev3Clear
                0x000114a0                CmdDrawEllipse
                0x00012410                TermPrintln
                0x0000f79c                dLcdGetNumIcons
                0x0000f754                dLcdGetIconBits
                0x00011228                CmdDrawRect
                0x000125e8                LcdInit
                0x00010504                DisplaySetPixel
                0x0000ff40                dLcdDrawPicture
                0x00010cdc                LcdTextf
                0x000104b0                DisplayLineHeight
                0x00011b30                LcdFillWindow
                0x000111b8                LineOutEx
                0x00010d28                asprintf
                0x00011c8c                LcdBmpFile
                0x000124e8                LcdSplash
                0x000109ec                LcdSetCursorX
                0x00010c68                Ev3Printf
                0x00011a14                EllipseOutEx
                0x000121dc                TermPrintf
                0x000108e8                DisplayFrame
                0x000100a4                dLcdGetBitmapSize
                0x000124a4                LcdRefresh
                0x00010460                LcdPicture
                0x0001254c                LcdUpdateHandler
                0x0001205c                LcdWriteDisplayToFile
                0x0000f724                dLcdGetFontWidth
                0x00010a0c                LcdGetCursorX
                0x00010330                LcdSetAutoRefresh
                0x00010d50                DisplayErase
                0x00010600                DisplayFillScreen
                0x0000f784                dLcdGetIconHeight
                0x00011d20                _lcdWriteBytesToFile
                0x000103fc                LcdIcon
                0x000126a0                WriteToLcdDevice
                0x0000fec0                dLcdDrawText
                0x000109fc                LcdSetCursorY
                0x000120d8                LcdWriteFrameBufferToFile
                0x00011388                RectOutEx
                0x00011c2c                LcdClean
                0x00010834                DisplayLineY
                0x00010d78                DisplayEraseLine
                0x000105ac                DisplayXorPixel
                0x0001244c                doUpdateScreen
                0x0000fb10                dLcdReadPixel
                0x00012098                LcdGetFrameBuffer
                0x0000f76c                dLcdGetIconWidth
                0x00010970                CmdResolveDrawingMode
                0x00010a2c                LcdResetCursor
                0x00010ca0                Ev3Println
                0x00012564                LcdCloseDevices
                0x00010a1c                LcdGetCursorY
                0x000125b8                LcdExit
                0x0000f7cc                frameBufferToLcd
                0x00011ac4                CircleOutEx
                0x00010000                dLcdDrawIcon
                0x000113fc                CmdSetPixel
                0x0001144c                PointOutEx
 .text          0x000126e0      0x6b4 /usr/local/EV3-API-master/libev3api.a(ev3_button.nxc.o)
                0x000128e4                ButtonCountEx
                0x00012750                SetButtonPressCount
                0x000127e8                ButtonReleaseCount
                0x00012c68                ButtonNxcInit
                0x0001295c                ButtonNxcInitialized
                0x00012730                SetButtonShortReleaseCount
                0x00012900                ButtonPressedEx
                0x00012bac                ButtonNxcSuspend
                0x0001280c                ButtonLongPressCount
                0x000127d4                ButtonPressed
                0x00012824                ButtonCount
                0x00012984                ButtonNxcResume
                0x000127f4                ButtonLongReleaseCount
                0x00012818                ButtonPressCount
                0x00012770                SetButtonLongPressCount
                0x00012720                SetButtonState
                0x00012c04                ButtonNxcExit
                0x0001294c                SetLongAbort
                0x0001291c                SetAbortFlag
                0x00012828                ReadButtonEx
                0x000128b4                SysReadButton
                0x00012740                SetButtonReleaseCount
                0x000127c8                ButtonState
                0x00012760                SetButtonLongReleaseCount
                0x00012800                ButtonShortReleaseCount
 .text          0x00012d94      0x2a4 /usr/local/EV3-API-master/libev3api.a(ev3_array.o)
                0x00012f54                CArrayInsert
                0x00012e28                CArrayFree
                0x00012db0                CArrayStackPop
                0x00012fc0                CArrayStackPush
                0x00012d94                CArrayAccess
                0x00012dcc                CArrayRemove
                0x00012ff0                CArrayInit
                0x00012ed8                CArrayMirror
                0x00012f48                CArrayEnsureFreeCapacity
                0x00012e4c                CArrayChangeCapacity
                0x00012ea4                CArrayEnsureCapacity
 .text          0x00013038      0x378 /usr/local/EV3-API-master/libev3api.a(ev3_timer.ts.o)
                0x00013038                TimerGetMS
                0x000132b0                ClearTimer
                0x00013230                ClearTimerUS
                0x00013170                TimerReady
                0x00013330                TimerUS
                0x000130a0                TimerWait
                0x00013270                ClearTimerMS
                0x000131f8                SetTimerUS
                0x00013278                SetTimer
                0x00013378                FastTimer
                0x000130b4                TimerGetUS
                0x0001339c                Timer
                0x00013354                TimerMS
                0x000130f0                tmInitTimestampSlots
                0x00013238                SetTimerMS
                0x00013084                TimerGetCS
 .text          0x000133b0      0x3b0 /usr/local/EV3-API-master/libev3api.a(ev3_input_uart.o)
                0x000133b0                exitEV3UARTInput
                0x000133f8                readFromUART
                0x00013504                disableUART
                0x000135ec                setUARTSensorMode
                0x00013544                waitUartReady
                0x00013670                initEV3UARTInput
                0x00013464                writeToUART
 .text          0x00013760      0x2b8 /usr/local/EV3-API-master/libev3api.a(ev3_input_iic.o)
                0x00013760                exitEV3IICInput
                0x00013840                startPollingFromIIC
                0x000138cc                readFromIICSharedMemory
                0x0001387c                initIICPort
                0x000137a4                writeToIIC
                0x00013938                readFromIIC
                0x0001398c                initEV3IICInput
 .text          0x00013a18       0xfc /usr/local/EV3-API-master/libev3api.a(ev3_input_analog.o)
                0x00013a8c                initEV3AnalogInput
                0x00013a48                exitEV3AnalogInput
                0x00013a30                readOldDumbSensor
                0x00013a18                readNewDumbSensor
 .text          0x00013b14      0x114 /usr/local/CodeSourcery/arm-2009q1/bin/../lib/gcc/arm-none-linux-gnueabi/4.3.3/armv4t/libgcc.a(_udivsi3.o)
                0x00013b14                __udivsi3
                0x00013b14                __aeabi_uidiv
                0x00013c08                __aeabi_uidivmod
 .text          0x00013c28      0x148 /usr/local/CodeSourcery/arm-2009q1/bin/../lib/gcc/arm-none-linux-gnueabi/4.3.3/armv4t/libgcc.a(_divsi3.o)
                0x00013c28                __divsi3
                0x00013d50                __aeabi_idivmod
                0x00013c28                __aeabi_idiv
 .text          0x00013d70      0x41c /usr/local/CodeSourcery/arm-2009q1/bin/../lib/gcc/arm-none-linux-gnueabi/4.3.3/armv4t/libgcc.a(_arm_addsubdf3.o)
                0x00014118                __floatundidf
                0x000140b0                __floatsidf
                0x0001408c                __aeabi_ui2d
                0x000140b0                __aeabi_i2d
                0x0001408c                __floatunsidf
                0x00013d78                __subdf3
                0x0001412c                __floatdidf
                0x00013d7c                __adddf3
                0x0001412c                __aeabi_l2d
                0x000140d8                __aeabi_f2d
                0x00014118                __aeabi_ul2d
                0x00013d70                __aeabi_drsub
                0x000140d8                __extendsfdf2
                0x00013d7c                __aeabi_dadd
                0x00013d78                __aeabi_dsub
 .text          0x0001418c      0x49c /usr/local/CodeSourcery/arm-2009q1/bin/../lib/gcc/arm-none-linux-gnueabi/4.3.3/armv4t/libgcc.a(_arm_muldivdf3.o)
                0x0001418c                __muldf3
                0x0001441c                __divdf3
                0x0001418c                __aeabi_dmul
                0x0001441c                __aeabi_ddiv
 .text          0x00014628       0x5c /usr/local/CodeSourcery/arm-2009q1/bin/../lib/gcc/arm-none-linux-gnueabi/4.3.3/armv4t/libgcc.a(_arm_fixdfsi.o)
                0x00014628                __fixdfsi
                0x00014628                __aeabi_d2iz
 .text          0x00014684       0x3c /usr/local/CodeSourcery/arm-2009q1/bin/../lib/gcc/arm-none-linux-gnueabi/4.3.3/armv4t/libgcc.a(_aeabi_uldivmod.o)
                0x00014684                __aeabi_uldivmod
 .text          0x000146c0       0x14 /usr/local/CodeSourcery/arm-2009q1/bin/../lib/gcc/arm-none-linux-gnueabi/4.3.3/armv4t/libgcc.a(_dvmd_lnx.o)
                0x000146c0                __aeabi_idiv0
                0x000146c0                __aeabi_ldiv0
 .text          0x000146d4       0x80 /usr/local/CodeSourcery/arm-2009q1/bin/../lib/gcc/arm-none-linux-gnueabi/4.3.3/armv4t/libgcc.a(bpabi.o)
                0x00014714                __gnu_ldivmod_helper
                0x000146d4                __gnu_uldivmod_helper
 .text          0x00014754      0x5a4 /usr/local/CodeSourcery/arm-2009q1/bin/../lib/gcc/arm-none-linux-gnueabi/4.3.3/armv4t/libgcc.a(_divdi3.o)
                0x00014754                __divdi3
 .text          0x00014cf8      0x52c /usr/local/CodeSourcery/arm-2009q1/bin/../lib/gcc/arm-none-linux-gnueabi/4.3.3/armv4t/libgcc.a(_udivdi3.o)
                0x00014cf8                __udivdi3
 .text          0x00015224       0x78 /usr/local/CodeSourcery/arm-2009q1/bin/../arm-none-linux-gnueabi/libc/armv4t/usr/lib/libc_nonshared.a(elf-init.oS)
                0x00015224                __libc_csu_fini
                0x00015228                __libc_csu_init
 .text          0x0001529c       0x1c /usr/local/CodeSourcery/arm-2009q1/bin/../arm-none-linux-gnueabi/libc/armv4t/usr/lib/libc_nonshared.a(stat.oS)
                0x0001529c                __stat
                0x0001529c                stat
 *(.gnu.warning)
 *(.glue_7t)
 .glue_7t       0x00000000        0x0 linker stubs
 *(.glue_7)
 .glue_7        0x00000000        0x0 linker stubs
 *(.vfp11_veneer)
 .vfp11_veneer  0x00000000        0x0 linker stubs
 *(.v4_bx)
 .v4_bx         0x00000000        0x0 linker stubs

.fini           0x000152b8        0xc
 *(.fini)
 .fini          0x000152b8        0x4 /usr/local/CodeSourcery/arm-2009q1/bin/../arm-none-linux-gnueabi/libc/armv4t/usr/lib/crti.o
                0x000152b8                _fini
 .fini          0x000152bc        0x8 /usr/local/CodeSourcery/arm-2009q1/bin/../arm-none-linux-gnueabi/libc/armv4t/usr/lib/crtn.o
                0x000152c4                PROVIDE (__etext, .)
                0x000152c4                PROVIDE (_etext, .)
                0x000152c4                PROVIDE (etext, .)

.rodata         0x000152c4     0x116d
 *(.rodata .rodata.* .gnu.linkonce.r.*)
 .rodata.str1.1
                0x000152c4       0x22 /usr/local/EV3-API-master/libev3api.a(ev3_output.o)
 .rodata        0x000152e6       0xd2 /usr/local/EV3-API-master/libev3api.a(ev3_sound.o)
                0x000152e6                StepSizeTable
                0x00015398                IndexTable
 .rodata.str1.1
                0x000153b8       0x19 /usr/local/EV3-API-master/libev3api.a(ev3_sound.o)
 .rodata.str1.1
                0x000153d1       0x65 /usr/local/EV3-API-master/libev3api.a(ev3_bluetooth.o)
                                 0x67 (size before relaxing)
 .rodata        0x00015436        0x4 /usr/local/EV3-API-master/libev3api.a(ht_compass.o)
 .rodata.str1.1
                0x0001543a      0xa79 /usr/local/EV3-API-master/libev3api.a(bluetooth.o)
 .rodata.str1.1
                0x00015eb3       0xcb /usr/local/EV3-API-master/libev3api.a(ev3_button.core.o)
 *fill*         0x00015f7e        0x2 00
 .rodata        0x00015f80       0x10 /usr/local/EV3-API-master/libev3api.a(ev3_timer.o)
 .rodata.str1.1
                0x00015f90      0x1b1 /usr/local/EV3-API-master/libev3api.a(ev3_timer.o)
 .rodata.str1.1
                0x00016141        0x6 /usr/local/EV3-API-master/libev3api.a(ev3_button.o)
 .rodata        0x00016147      0x100 /usr/local/EV3-API-master/libev3api.a(ev3_lcd.o)
 .rodata.str1.1
                0x00016247       0xbf /usr/local/EV3-API-master/libev3api.a(ev3_lcd.o)
                                 0xc1 (size before relaxing)
 .rodata.str1.1
                0x00016306        0xe /usr/local/EV3-API-master/libev3api.a(ev3_input_uart.o)
 .rodata.str1.1
                0x00016314        0xd /usr/local/EV3-API-master/libev3api.a(ev3_input_iic.o)
 .rodata.str1.1
                0x00016321       0x10 /usr/local/EV3-API-master/libev3api.a(ev3_input_analog.o)
 .rodata        0x00016331      0x100 /usr/local/CodeSourcery/arm-2009q1/bin/../lib/gcc/arm-none-linux-gnueabi/4.3.3/armv4t/libgcc.a(_clz.o)
                0x00016331                __clz_tab

.rodata1
 *(.rodata1)

.ARM.extab      0x00016434      0x228
 *(.ARM.extab* .gnu.linkonce.armextab.*)
 .ARM.extab.text.turn_right
                0x00016434        0xc ./src/RobotEV3.o
 .ARM.extab.text.turn_left
                0x00016440        0xc ./src/RobotEV3.o
 .ARM.extab.text.turn_left_high
                0x0001644c        0xc ./src/RobotEV3.o
 .ARM.extab.text.turn_right_high
                0x00016458        0xc ./src/RobotEV3.o
 .ARM.extab.text.wall_follow
                0x00016464        0xc ./src/RobotEV3.o
 .ARM.extab.text.look_for_can
                0x00016470        0xc ./src/RobotEV3.o
 .ARM.extab.text.clear_obstacle
                0x0001647c        0xc ./src/RobotEV3.o
 .ARM.extab.text.wander
                0x00016488        0xc ./src/RobotEV3.o
 .ARM.extab.text.goal_find
                0x00016494        0xc ./src/RobotEV3.o
 .ARM.extab.text.main
                0x000164a0        0xc ./src/RobotEV3.o
 .ARM.extab     0x000164ac       0x90 /usr/local/EV3-API-master/libev3api.a(ev3_output.o)
 .ARM.extab     0x0001653c       0x18 /usr/local/EV3-API-master/libev3api.a(ev3_sound.o)
 .ARM.extab     0x00016554        0xc /usr/local/EV3-API-master/libev3api.a(ev3_bluetooth.o)
 .ARM.extab     0x00016560        0xc /usr/local/EV3-API-master/libev3api.a(ev3_ultrasonic.o)
 .ARM.extab     0x0001656c       0x18 /usr/local/EV3-API-master/libev3api.a(ev3_gyro.o)
 .ARM.extab     0x00016584        0xc /usr/local/EV3-API-master/libev3api.a(ht_ir_v2.o)
 .ARM.extab     0x00016590       0x3c /usr/local/EV3-API-master/libev3api.a(bluetooth.o)
 .ARM.extab     0x000165cc       0x78 /usr/local/EV3-API-master/libev3api.a(ev3_lcd.o)
 .ARM.extab     0x00016644       0x18 /usr/local/EV3-API-master/libev3api.a(ev3_button.nxc.o)
                0x0001665c                __exidx_start = .

.ARM.exidx      0x0001665c      0x960
 *(.ARM.exidx* .gnu.linkonce.armexidx.*)
 .ARM.exidx     0x0001666c        0x0 /usr/local/CodeSourcery/arm-2009q1/bin/../arm-none-linux-gnueabi/libc/armv4t/usr/lib/crt1.o
                                  0x8 (size before relaxing)
 .ARM.exidx     0x0001666c        0x8 /usr/local/CodeSourcery/arm-2009q1/bin/../arm-none-linux-gnueabi/libc/armv4t/usr/lib/crti.o
 .ARM.exidx     0x00016674       0x10 /usr/local/CodeSourcery/arm-2009q1/bin/../lib/gcc/arm-none-linux-gnueabi/4.3.3/armv4t/crtbegin.o
 .ARM.exidx.text.turn_right
                0x00016684        0x8 ./src/RobotEV3.o
 .ARM.exidx.text.turn_left
                0x0001668c        0x8 ./src/RobotEV3.o
 .ARM.exidx.text.turn_left_high
                0x00016694        0x8 ./src/RobotEV3.o
 .ARM.exidx.text.turn_right_high
                0x0001669c        0x8 ./src/RobotEV3.o
 .ARM.exidx.text.wall_follow
                0x000166a4        0x8 ./src/RobotEV3.o
 .ARM.exidx.text.look_for_can
                0x000166ac        0x8 ./src/RobotEV3.o
 .ARM.exidx.text.clear_obstacle
                0x000166b4        0x8 ./src/RobotEV3.o
 .ARM.exidx.text.wander
                0x000166bc        0x8 ./src/RobotEV3.o
 .ARM.exidx.text.goal_find
                0x000166c4        0x8 ./src/RobotEV3.o
 .ARM.exidx.text.main
                0x000166cc        0x8 ./src/RobotEV3.o
 .ARM.exidx     0x000166d4       0x28 /usr/local/EV3-API-master/libev3api.a(ev3_button.led.o)
                                 0x40 (size before relaxing)
 .ARM.exidx     0x000166fc       0x10 /usr/local/EV3-API-master/libev3api.a(ev3.o)
                                 0x18 (size before relaxing)
 .ARM.exidx     0x0001670c      0x178 /usr/local/EV3-API-master/libev3api.a(ev3_output.o)
                                0x210 (size before relaxing)
 .ARM.exidx     0x00016884       0xa8 /usr/local/EV3-API-master/libev3api.a(ev3_sound.o)
                                 0xd8 (size before relaxing)
 .ARM.exidx     0x0001692c       0x40 /usr/local/EV3-API-master/libev3api.a(ev3_bluetooth.o)
                                 0x48 (size before relaxing)
 .ARM.exidx     0x0001696c       0x38 /usr/local/EV3-API-master/libev3api.a(ev3_button.lejos.o)
                                 0x68 (size before relaxing)
 .ARM.exidx     0x000169a4       0x10 /usr/local/EV3-API-master/libev3api.a(ev3_input.o)
 .ARM.exidx     0x000169b4       0x18 /usr/local/EV3-API-master/libev3api.a(c4ev3_compatibility.o)
 .ARM.exidx     0x000169cc       0x30 /usr/local/EV3-API-master/libev3api.a(ev3_color.o)
                                 0x40 (size before relaxing)
 .ARM.exidx     0x000169fc       0x28 /usr/local/EV3-API-master/libev3api.a(ev3_ultrasonic.o)
                                 0x40 (size before relaxing)
 .ARM.exidx     0x00016a24       0x28 /usr/local/EV3-API-master/libev3api.a(ev3_sensors.o)
                                 0x30 (size before relaxing)
 .ARM.exidx     0x00016a4c       0x10 /usr/local/EV3-API-master/libev3api.a(nxt_temperature.o)
 .ARM.exidx     0x00016a5c       0x10 /usr/local/EV3-API-master/libev3api.a(ev3_touch.o)
 .ARM.exidx     0x00016a6c       0x20 /usr/local/EV3-API-master/libev3api.a(ht_compass.o)
                                 0x28 (size before relaxing)
 .ARM.exidx     0x00016a8c        0x8 /usr/local/EV3-API-master/libev3api.a(utility.o)
 .ARM.exidx     0x00016a94       0x28 /usr/local/EV3-API-master/libev3api.a(ev3_ir.o)
 .ARM.exidx     0x00016abc       0x30 /usr/local/EV3-API-master/libev3api.a(ev3_gyro.o)
 .ARM.exidx     0x00016aec       0x20 /usr/local/EV3-API-master/libev3api.a(ht_ir_v2.o)
 .ARM.exidx     0x00016b0c       0x10 /usr/local/EV3-API-master/libev3api.a(nxt_sound.o)
 .ARM.exidx     0x00016b1c       0x50 /usr/local/EV3-API-master/libev3api.a(bluetooth.o)
                                 0x78 (size before relaxing)
 .ARM.exidx     0x00016b6c       0x20 /usr/local/EV3-API-master/libev3api.a(ev3_button.core.o)
                                 0x38 (size before relaxing)
 .ARM.exidx     0x00016b8c        0x8 /usr/local/EV3-API-master/libev3api.a(ev3_command.o)
 .ARM.exidx     0x00016b94       0x38 /usr/local/EV3-API-master/libev3api.a(ev3_timer.o)
 .ARM.exidx     0x00016bcc       0x18 /usr/local/EV3-API-master/libev3api.a(ev3_button.o)
                                 0x28 (size before relaxing)
 .ARM.exidx     0x00016be4      0x1d8 /usr/local/EV3-API-master/libev3api.a(ev3_lcd.o)
                                0x270 (size before relaxing)
 .ARM.exidx     0x00016dbc       0x80 /usr/local/EV3-API-master/libev3api.a(ev3_button.nxc.o)
                                 0xe0 (size before relaxing)
 .ARM.exidx     0x00016e3c       0x50 /usr/local/EV3-API-master/libev3api.a(ev3_array.o)
                                 0x58 (size before relaxing)
 .ARM.exidx     0x00016e8c       0x70 /usr/local/EV3-API-master/libev3api.a(ev3_timer.ts.o)
                                 0x90 (size before relaxing)
 .ARM.exidx     0x00016efc       0x30 /usr/local/EV3-API-master/libev3api.a(ev3_input_uart.o)
                                 0x38 (size before relaxing)
 .ARM.exidx     0x00016f2c       0x30 /usr/local/EV3-API-master/libev3api.a(ev3_input_iic.o)
                                 0x38 (size before relaxing)
 .ARM.exidx     0x00016f5c       0x20 /usr/local/EV3-API-master/libev3api.a(ev3_input_analog.o)
 .ARM.exidx     0x00016f7c        0x8 /usr/local/CodeSourcery/arm-2009q1/bin/../lib/gcc/arm-none-linux-gnueabi/4.3.3/armv4t/libgcc.a(bpabi.o)
                                 0x10 (size before relaxing)
 .ARM.exidx     0x00016f84        0x8 /usr/local/CodeSourcery/arm-2009q1/bin/../lib/gcc/arm-none-linux-gnueabi/4.3.3/armv4t/libgcc.a(_divdi3.o)
 .ARM.exidx     0x00016f8c        0x0 /usr/local/CodeSourcery/arm-2009q1/bin/../lib/gcc/arm-none-linux-gnueabi/4.3.3/armv4t/libgcc.a(_udivdi3.o)
                                  0x8 (size before relaxing)
 .ARM.exidx     0x00016f8c       0x10 /usr/local/CodeSourcery/arm-2009q1/bin/../arm-none-linux-gnueabi/libc/armv4t/usr/lib/libc_nonshared.a(elf-init.oS)
 .ARM.exidx     0x00016f9c       0x10 /usr/local/CodeSourcery/arm-2009q1/bin/../arm-none-linux-gnueabi/libc/armv4t/usr/lib/libc_nonshared.a(stat.oS)
                                  0x8 (size before relaxing)
 .ARM.exidx.init
                0x0001665c       0x10 /usr/local/CodeSourcery/arm-2009q1/bin/../arm-none-linux-gnueabi/libc/armv4t/usr/lib/crtn.o
                                  0x8 (size before relaxing)
 .ARM.exidx.fini
                0x00016fac       0x10 /usr/local/CodeSourcery/arm-2009q1/bin/../arm-none-linux-gnueabi/libc/armv4t/usr/lib/crtn.o
                                  0x8 (size before relaxing)
                0x00016fbc                __exidx_end = .

.eh_frame_hdr
 *(.eh_frame_hdr)

.eh_frame       0x00016fbc        0x4
 *(.eh_frame)
 .eh_frame      0x00016fbc        0x4 /usr/local/CodeSourcery/arm-2009q1/bin/../lib/gcc/arm-none-linux-gnueabi/4.3.3/armv4t/crtend.o

.gcc_except_table
 *(.gcc_except_table .gcc_except_table.*)
                0x00016fc0                . = (ALIGN (0x8000) - ((0x8000 - .) & 0x7fff))
                0x0001f000                . = (0x8000 DATA_SEGMENT_ALIGN 0x1000)

.eh_frame
 *(.eh_frame)

.gcc_except_table
 *(.gcc_except_table .gcc_except_table.*)

.tdata
 *(.tdata .tdata.* .gnu.linkonce.td.*)

.tbss
 *(.tbss .tbss.* .gnu.linkonce.tb.*)
 *(.tcommon)

.preinit_array  0x0001f000        0x0
                0x0001f000                PROVIDE (__preinit_array_start, .)
 *(.preinit_array)
                0x0001f000                PROVIDE (__preinit_array_end, .)

.init_array     0x0001f000        0x8
                0x0001f000                PROVIDE (__init_array_start, .)
 *(SORT(.init_array.*))
 *(.init_array)
 .init_array    0x0001f000        0x4 /usr/local/CodeSourcery/arm-2009q1/bin/../lib/gcc/arm-none-linux-gnueabi/4.3.3/armv4t/crtbegin.o
 .init_array    0x0001f004        0x4 /usr/local/EV3-API-master/libev3api.a(ev3.o)
                0x0001f008                PROVIDE (__init_array_end, .)

.fini_array     0x0001f008        0x8
                0x0001f008                PROVIDE (__fini_array_start, .)
 *(.fini_array)
 .fini_array    0x0001f008        0x4 /usr/local/CodeSourcery/arm-2009q1/bin/../lib/gcc/arm-none-linux-gnueabi/4.3.3/armv4t/crtbegin.o
 .fini_array    0x0001f00c        0x4 /usr/local/EV3-API-master/libev3api.a(ev3.o)
 *(SORT(.fini_array.*))
                0x0001f010                PROVIDE (__fini_array_end, .)

.ctors
 *crtbegin.o(.ctors)
 *crtbegin?.o(.ctors)
 *(EXCLUDE_FILE(*crtend?.o *crtend.o) .ctors)
 *(SORT(.ctors.*))
 *(.ctors)

.dtors
 *crtbegin.o(.dtors)
 *crtbegin?.o(.dtors)
 *(EXCLUDE_FILE(*crtend?.o *crtend.o) .dtors)
 *(SORT(.dtors.*))
 *(.dtors)

.jcr            0x0001f010        0x4
 *(.jcr)
 .jcr           0x0001f010        0x0 /usr/local/CodeSourcery/arm-2009q1/bin/../lib/gcc/arm-none-linux-gnueabi/4.3.3/armv4t/crtbegin.o
 .jcr           0x0001f010        0x4 /usr/local/CodeSourcery/arm-2009q1/bin/../lib/gcc/arm-none-linux-gnueabi/4.3.3/armv4t/crtend.o

.data.rel.ro
 *(.data.rel.ro.local* .gnu.linkonce.d.rel.ro.local.*)
 *(.data.rel.ro* .gnu.linkonce.d.rel.ro.*)

.dynamic        0x0001f014      0x100
 *(.dynamic)
 .dynamic       0x0001f014      0x100 /usr/local/CodeSourcery/arm-2009q1/bin/../arm-none-linux-gnueabi/libc/armv4t/usr/lib/crti.o
                0x0001f014                _DYNAMIC
                0x0001f114                . = (. DATA_SEGMENT_RELRO_END 0x0)

.got            0x0001f114      0x13c
 *(.got.plt)
 .got.plt       0x0001f114      0x134 /usr/local/CodeSourcery/arm-2009q1/bin/../arm-none-linux-gnueabi/libc/armv4t/usr/lib/crti.o
                0x0001f114                _GLOBAL_OFFSET_TABLE_
 *(.got)
 .got           0x0001f248        0x8 /usr/local/CodeSourcery/arm-2009q1/bin/../arm-none-linux-gnueabi/libc/armv4t/usr/lib/crti.o

.data           0x0001f250     0x2684
                0x0001f250                __data_start = .
 *(.data .data.* .gnu.linkonce.d.*)
 .data.current_speed
                0x0001f250        0x1 ./src/RobotEV3.o
                0x0001f250                current_speed
 *fill*         0x0001f251        0x3 00
 .data.optimal  0x0001f254        0x4 ./src/RobotEV3.o
                0x0001f254                optimal
 .data.goal_search_interval
                0x0001f258        0x4 ./src/RobotEV3.o
                0x0001f258                goal_search_interval
 .data.wander_search_interval
                0x0001f25c        0x4 ./src/RobotEV3.o
                0x0001f25c                wander_search_interval
 .data          0x0001f260        0x4 /usr/local/EV3-API-master/libev3api.a(ev3_bluetooth.o)
 .data          0x0001f264       0x10 /usr/local/EV3-API-master/libev3api.a(c4ev3_compatibility.o)
 .data          0x0001f274       0x1c /usr/local/EV3-API-master/libev3api.a(ev3_color.o)
                0x0001f274                EV3Color
 .data          0x0001f290       0x1c /usr/local/EV3-API-master/libev3api.a(ev3_ultrasonic.o)
                0x0001f290                EV3Ultrasonic
 .data          0x0001f2ac       0x1c /usr/local/EV3-API-master/libev3api.a(nxt_temperature.o)
                0x0001f2ac                NXTTemperature
 .data          0x0001f2c8       0x1c /usr/local/EV3-API-master/libev3api.a(ev3_touch.o)
                0x0001f2c8                EV3Touch
 .data          0x0001f2e4       0x1c /usr/local/EV3-API-master/libev3api.a(ht_compass.o)
                0x0001f2e4                HTCompass
 .data          0x0001f300       0x1c /usr/local/EV3-API-master/libev3api.a(ev3_ir.o)
                0x0001f300                EV3Ir
 .data          0x0001f31c       0x1c /usr/local/EV3-API-master/libev3api.a(ev3_gyro.o)
                0x0001f31c                EV3Gyro
 .data          0x0001f338       0x1c /usr/local/EV3-API-master/libev3api.a(ht_ir_v2.o)
                0x0001f338                HTIrV2
 .data          0x0001f354       0x1c /usr/local/EV3-API-master/libev3api.a(nxt_sound.o)
                0x0001f354                NXTSound
 .data          0x0001f370       0x34 /usr/local/EV3-API-master/libev3api.a(ev3_button.core.o)
 .data          0x0001f3a4     0x2530 /usr/local/EV3-API-master/libev3api.a(ev3_lcd.o)
                0x0001f510                PixelTab
                0x0001f410                UnPixelTab
                0x0001f3d4                IconInfo
                0x0001f3a4                FontInfo
                0x0001f518                Masks

.data1
 *(.data1)
                0x000218d4                _edata = .
                0x000218d4                PROVIDE (edata, .)
                0x000218d4                __bss_start = .
                0x000218d4                __bss_start__ = .

.bss            0x000218d8     0x30e4
 *(.dynbss)
 .dynbss        0x00000000        0x0 /usr/local/CodeSourcery/arm-2009q1/bin/../arm-none-linux-gnueabi/libc/armv4t/usr/lib/crti.o
 *(.bss .bss.* .gnu.linkonce.b.*)
 .bss           0x000218d8        0x1 /usr/local/CodeSourcery/arm-2009q1/bin/../lib/gcc/arm-none-linux-gnueabi/4.3.3/armv4t/crtbegin.o
 *fill*         0x000218d9        0x3 00
 .bss           0x000218dc       0x20 /usr/local/EV3-API-master/libev3api.a(ev3_button.led.o)
 .bss           0x000218fc        0x1 /usr/local/EV3-API-master/libev3api.a(ev3.o)
 *fill*         0x000218fd        0x3 00
 .bss           0x00021900       0x20 /usr/local/EV3-API-master/libev3api.a(ev3_bluetooth.o)
 .bss           0x00021920        0x1 /usr/local/EV3-API-master/libev3api.a(ev3_input.o)
 *fill*         0x00021921        0x3 00
 .bss           0x00021924      0x1a4 /usr/local/EV3-API-master/libev3api.a(c4ev3_compatibility.o)
 .bss           0x00021ac8       0x10 /usr/local/EV3-API-master/libev3api.a(ev3_sensors.o)
 .bss           0x00021ad8        0x4 /usr/local/EV3-API-master/libev3api.a(ht_compass.o)
 .bss           0x00021adc       0x70 /usr/local/EV3-API-master/libev3api.a(ev3_gyro.o)
 *fill*         0x00021b4c        0x4 00
 .bss           0x00021b50      0x118 /usr/local/EV3-API-master/libev3api.a(ev3_timer.o)
                0x00021b50                tcb
 .bss           0x00021c68        0xc /usr/local/EV3-API-master/libev3api.a(ev3_lcd.o)
 .bss           0x00021c74       0xd4 /usr/local/EV3-API-master/libev3api.a(ev3_button.nxc.o)
 .bss           0x00021d48        0xc /usr/local/EV3-API-master/libev3api.a(ev3_input_uart.o)
 .bss           0x00021d54       0x68 /usr/local/EV3-API-master/libev3api.a(ev3_input_iic.o)
 .bss           0x00021dbc        0xc /usr/local/EV3-API-master/libev3api.a(ev3_input_analog.o)
 *(COMMON)
 COMMON         0x00021dc8       0x48 /usr/local/EV3-API-master/libev3api.a(ev3_output.o)
                0x00021dc8                OutputInstance
 COMMON         0x00021e10      0x208 /usr/local/EV3-API-master/libev3api.a(ev3_sound.o)
                0x00021e10                SoundInstance
 COMMON         0x00022018        0xc /usr/local/EV3-API-master/libev3api.a(ev3_input.o)
                0x00022018                devCon
 COMMON         0x00022024     0x2998 /usr/local/EV3-API-master/libev3api.a(ev3_lcd.o)
                0x00022024                LCDInstance
                0x00022bbc                hwBuffer
                0x000249bc                . = ALIGN ((. != 0x0)?0x4:0x1)
                0x000249bc                _bss_end__ = .
                0x000249bc                __bss_end__ = .
                0x000249bc                . = ALIGN (0x4)
                0x000249bc                . = ALIGN (0x4)
                0x000249bc                __end__ = .
                0x000249bc                _end = .
                0x000249bc                PROVIDE (end, .)
                0x000249bc                . = DATA_SEGMENT_END (.)

.stab
 *(.stab)

.stabstr
 *(.stabstr)

.stab.excl
 *(.stab.excl)

.stab.exclstr
 *(.stab.exclstr)

.stab.index
 *(.stab.index)

.stab.indexstr
 *(.stab.indexstr)

.ARM.attributes
                0x00000000       0x2d
 .ARM.attributes
                0x00000000       0x26 /usr/local/CodeSourcery/arm-2009q1/bin/../arm-none-linux-gnueabi/libc/armv4t/usr/lib/crt1.o
 .ARM.attributes
                0x00000026       0x2a /usr/local/CodeSourcery/arm-2009q1/bin/../arm-none-linux-gnueabi/libc/armv4t/usr/lib/crti.o
 .ARM.attributes
                0x00000050       0x2a /usr/local/CodeSourcery/arm-2009q1/bin/../lib/gcc/arm-none-linux-gnueabi/4.3.3/armv4t/crtbegin.o
 .ARM.attributes
                0x0000007a       0x2c ./src/RobotEV3.o
 .ARM.attributes
                0x000000a6       0x31 /usr/local/EV3-API-master/libev3api.a(ev3_button.led.o)
 .ARM.attributes
                0x000000d7       0x31 /usr/local/EV3-API-master/libev3api.a(ev3.o)
 .ARM.attributes
                0x00000108       0x31 /usr/local/EV3-API-master/libev3api.a(ev3_output.o)
 .ARM.attributes
                0x00000139       0x31 /usr/local/EV3-API-master/libev3api.a(ev3_sound.o)
 .ARM.attributes
                0x0000016a       0x31 /usr/local/EV3-API-master/libev3api.a(ev3_bluetooth.o)
 .ARM.attributes
                0x0000019b       0x31 /usr/local/EV3-API-master/libev3api.a(ev3_button.lejos.o)
 .ARM.attributes
                0x000001cc       0x31 /usr/local/EV3-API-master/libev3api.a(ev3_input.o)
 .ARM.attributes
                0x000001fd       0x31 /usr/local/EV3-API-master/libev3api.a(c4ev3_compatibility.o)
 .ARM.attributes
                0x0000022e       0x31 /usr/local/EV3-API-master/libev3api.a(ev3_color.o)
 .ARM.attributes
                0x0000025f       0x31 /usr/local/EV3-API-master/libev3api.a(ev3_ultrasonic.o)
 .ARM.attributes
                0x00000290       0x31 /usr/local/EV3-API-master/libev3api.a(ev3_sensors.o)
 .ARM.attributes
                0x000002c1       0x31 /usr/local/EV3-API-master/libev3api.a(nxt_temperature.o)
 .ARM.attributes
                0x000002f2       0x31 /usr/local/EV3-API-master/libev3api.a(ev3_touch.o)
 .ARM.attributes
                0x00000323       0x31 /usr/local/EV3-API-master/libev3api.a(ht_compass.o)
 .ARM.attributes
                0x00000354       0x31 /usr/local/EV3-API-master/libev3api.a(utility.o)
 .ARM.attributes
                0x00000385       0x31 /usr/local/EV3-API-master/libev3api.a(ev3_ir.o)
 .ARM.attributes
                0x000003b6       0x31 /usr/local/EV3-API-master/libev3api.a(ev3_gyro.o)
 .ARM.attributes
                0x000003e7       0x31 /usr/local/EV3-API-master/libev3api.a(ht_ir_v2.o)
 .ARM.attributes
                0x00000418       0x31 /usr/local/EV3-API-master/libev3api.a(nxt_sound.o)
 .ARM.attributes
                0x00000449       0x31 /usr/local/EV3-API-master/libev3api.a(bluetooth.o)
 .ARM.attributes
                0x0000047a       0x31 /usr/local/EV3-API-master/libev3api.a(ev3_button.core.o)
 .ARM.attributes
                0x000004ab       0x31 /usr/local/EV3-API-master/libev3api.a(ev3_command.o)
 .ARM.attributes
                0x000004dc       0x31 /usr/local/EV3-API-master/libev3api.a(ev3_timer.o)
 .ARM.attributes
                0x0000050d       0x31 /usr/local/EV3-API-master/libev3api.a(ev3_button.o)
 .ARM.attributes
                0x0000053e       0x31 /usr/local/EV3-API-master/libev3api.a(ev3_lcd.o)
 .ARM.attributes
                0x0000056f       0x31 /usr/local/EV3-API-master/libev3api.a(ev3_button.nxc.o)
 .ARM.attributes
                0x000005a0       0x31 /usr/local/EV3-API-master/libev3api.a(ev3_array.o)
 .ARM.attributes
                0x000005d1       0x31 /usr/local/EV3-API-master/libev3api.a(ev3_timer.ts.o)
 .ARM.attributes
                0x00000602       0x31 /usr/local/EV3-API-master/libev3api.a(ev3_input_uart.o)
 .ARM.attributes
                0x00000633       0x31 /usr/local/EV3-API-master/libev3api.a(ev3_input_iic.o)
 .ARM.attributes
                0x00000664       0x31 /usr/local/EV3-API-master/libev3api.a(ev3_input_analog.o)
 .ARM.attributes
                0x00000695       0x1a /usr/local/CodeSourcery/arm-2009q1/bin/../lib/gcc/arm-none-linux-gnueabi/4.3.3/armv4t/libgcc.a(_udivsi3.o)
 .ARM.attributes
                0x000006af       0x1a /usr/local/CodeSourcery/arm-2009q1/bin/../lib/gcc/arm-none-linux-gnueabi/4.3.3/armv4t/libgcc.a(_divsi3.o)
 .ARM.attributes
                0x000006c9       0x1a /usr/local/CodeSourcery/arm-2009q1/bin/../lib/gcc/arm-none-linux-gnueabi/4.3.3/armv4t/libgcc.a(_arm_addsubdf3.o)
 .ARM.attributes
                0x000006e3       0x1a /usr/local/CodeSourcery/arm-2009q1/bin/../lib/gcc/arm-none-linux-gnueabi/4.3.3/armv4t/libgcc.a(_arm_muldivdf3.o)
 .ARM.attributes
                0x000006fd       0x1a /usr/local/CodeSourcery/arm-2009q1/bin/../lib/gcc/arm-none-linux-gnueabi/4.3.3/armv4t/libgcc.a(_arm_fixdfsi.o)
 .ARM.attributes
                0x00000717       0x1a /usr/local/CodeSourcery/arm-2009q1/bin/../lib/gcc/arm-none-linux-gnueabi/4.3.3/armv4t/libgcc.a(_aeabi_uldivmod.o)
 .ARM.attributes
                0x00000731       0x1a /usr/local/CodeSourcery/arm-2009q1/bin/../lib/gcc/arm-none-linux-gnueabi/4.3.3/armv4t/libgcc.a(_dvmd_lnx.o)
 .ARM.attributes
                0x0000074b       0x2a /usr/local/CodeSourcery/arm-2009q1/bin/../lib/gcc/arm-none-linux-gnueabi/4.3.3/armv4t/libgcc.a(bpabi.o)
 .ARM.attributes
                0x00000775       0x2a /usr/local/CodeSourcery/arm-2009q1/bin/../lib/gcc/arm-none-linux-gnueabi/4.3.3/armv4t/libgcc.a(_divdi3.o)
 .ARM.attributes
                0x0000079f       0x2a /usr/local/CodeSourcery/arm-2009q1/bin/../lib/gcc/arm-none-linux-gnueabi/4.3.3/armv4t/libgcc.a(_udivdi3.o)
 .ARM.attributes
                0x000007c9       0x2a /usr/local/CodeSourcery/arm-2009q1/bin/../lib/gcc/arm-none-linux-gnueabi/4.3.3/armv4t/libgcc.a(_clz.o)
 .ARM.attributes
                0x000007f3       0x2a /usr/local/CodeSourcery/arm-2009q1/bin/../arm-none-linux-gnueabi/libc/armv4t/usr/lib/libc_nonshared.a(elf-init.oS)
 .ARM.attributes
                0x0000081d       0x2a /usr/local/CodeSourcery/arm-2009q1/bin/../arm-none-linux-gnueabi/libc/armv4t/usr/lib/libc_nonshared.a(stat.oS)
 .ARM.attributes
                0x00000847       0x2a /usr/local/CodeSourcery/arm-2009q1/bin/../lib/gcc/arm-none-linux-gnueabi/4.3.3/armv4t/crtend.o
 .ARM.attributes
                0x00000871       0x2a /usr/local/CodeSourcery/arm-2009q1/bin/../arm-none-linux-gnueabi/libc/armv4t/usr/lib/crtn.o

.comment        0x00000000      0x560
 *(.comment)
 .comment       0x00000000       0x2b ./src/RobotEV3.o
 .comment       0x0000002b       0x2b /usr/local/EV3-API-master/libev3api.a(ev3_button.led.o)
 .comment       0x00000056       0x2b /usr/local/EV3-API-master/libev3api.a(ev3.o)
 .comment       0x00000081       0x2b /usr/local/EV3-API-master/libev3api.a(ev3_output.o)
 .comment       0x000000ac       0x2b /usr/local/EV3-API-master/libev3api.a(ev3_sound.o)
 .comment       0x000000d7       0x2b /usr/local/EV3-API-master/libev3api.a(ev3_bluetooth.o)
 .comment       0x00000102       0x2b /usr/local/EV3-API-master/libev3api.a(ev3_button.lejos.o)
 .comment       0x0000012d       0x2b /usr/local/EV3-API-master/libev3api.a(ev3_input.o)
 .comment       0x00000158       0x2b /usr/local/EV3-API-master/libev3api.a(c4ev3_compatibility.o)
 .comment       0x00000183       0x2b /usr/local/EV3-API-master/libev3api.a(ev3_color.o)
 .comment       0x000001ae       0x2b /usr/local/EV3-API-master/libev3api.a(ev3_ultrasonic.o)
 .comment       0x000001d9       0x2b /usr/local/EV3-API-master/libev3api.a(ev3_sensors.o)
 .comment       0x00000204       0x2b /usr/local/EV3-API-master/libev3api.a(nxt_temperature.o)
 .comment       0x0000022f       0x2b /usr/local/EV3-API-master/libev3api.a(ev3_touch.o)
 .comment       0x0000025a       0x2b /usr/local/EV3-API-master/libev3api.a(ht_compass.o)
 .comment       0x00000285       0x2b /usr/local/EV3-API-master/libev3api.a(utility.o)
 .comment       0x000002b0       0x2b /usr/local/EV3-API-master/libev3api.a(ev3_ir.o)
 .comment       0x000002db       0x2b /usr/local/EV3-API-master/libev3api.a(ev3_gyro.o)
 .comment       0x00000306       0x2b /usr/local/EV3-API-master/libev3api.a(ht_ir_v2.o)
 .comment       0x00000331       0x2b /usr/local/EV3-API-master/libev3api.a(nxt_sound.o)
 .comment       0x0000035c       0x2b /usr/local/EV3-API-master/libev3api.a(bluetooth.o)
 .comment       0x00000387       0x2b /usr/local/EV3-API-master/libev3api.a(ev3_button.core.o)
 .comment       0x000003b2       0x2b /usr/local/EV3-API-master/libev3api.a(ev3_command.o)
 .comment       0x000003dd       0x2b /usr/local/EV3-API-master/libev3api.a(ev3_timer.o)
 .comment       0x00000408       0x2b /usr/local/EV3-API-master/libev3api.a(ev3_button.o)
 .comment       0x00000433       0x2b /usr/local/EV3-API-master/libev3api.a(ev3_lcd.o)
 .comment       0x0000045e       0x2b /usr/local/EV3-API-master/libev3api.a(ev3_button.nxc.o)
 .comment       0x00000489       0x2b /usr/local/EV3-API-master/libev3api.a(ev3_array.o)
 .comment       0x000004b4       0x2b /usr/local/EV3-API-master/libev3api.a(ev3_timer.ts.o)
 .comment       0x000004df       0x2b /usr/local/EV3-API-master/libev3api.a(ev3_input_uart.o)
 .comment       0x0000050a       0x2b /usr/local/EV3-API-master/libev3api.a(ev3_input_iic.o)
 .comment       0x00000535       0x2b /usr/local/EV3-API-master/libev3api.a(ev3_input_analog.o)

.debug
 *(.debug)

.line
 *(.line)

.debug_srcinfo
 *(.debug_srcinfo)

.debug_sfnames
 *(.debug_sfnames)

.debug_aranges
 *(.debug_aranges)

.debug_pubnames
 *(.debug_pubnames)

.debug_info
 *(.debug_info .gnu.linkonce.wi.*)

.debug_abbrev
 *(.debug_abbrev)

.debug_line
 *(.debug_line)

.debug_frame
 *(.debug_frame)

.debug_str
 *(.debug_str)

.debug_loc
 *(.debug_loc)

.debug_macinfo
 *(.debug_macinfo)

.debug_weaknames
 *(.debug_weaknames)

.debug_funcnames
 *(.debug_funcnames)

.debug_typenames
 *(.debug_typenames)

.debug_varnames
 *(.debug_varnames)

.debug_pubtypes
 *(.debug_pubtypes)

.debug_ranges
 *(.debug_ranges)

.gnu.attributes
 *(.gnu.attributes)

.note.gnu.arm.ident
 *(.note.gnu.arm.ident)

/DISCARD/
 *(.note.GNU-stack)
 *(.gnu_debuglink)
OUTPUT(RobotEV3.elf elf32-littlearm)
